Copyright 1986-2022 Xilinx, Inc. All Rights Reserved. Copyright 2022-2023 Advanced Micro Devices, Inc. All Rights Reserved.
----------------------------------------------------------------------------------------------------------------------------------------------------------------------------------
| Tool Version : Vivado v.2023.2 (lin64) Build 4029153 Fri Oct 13 20:13:54 MDT 2023
| Date         : Wed Jul 15 04:08:06 2026
| Host         : u280-ae-host running 64-bit Ubuntu 22.04.5 LTS
| Command      : report_accelerator_utilization -kernels { matg_kernel:level0_i/ulp/matg_kernel_1/inst:matg_kernel_1} -file kernel_util_routed.rpt -name kernel_util_routed -json
| Design       : level0_wrapper
| Device       : xcu280
| Design State : Routed
----------------------------------------------------------------------------------------------------------------------------------------------------------------------------------

Accelerator Utilization Design Information

Table of Contents
-----------------
1. System Utilization

1. System Utilization
---------------------

+---------------------+-------------------+------------------+-------------------+----------------+---------------+----------------+
| Name                | LUT               | LUTAsMem         | REG               | BRAM           | URAM          | DSP            |
+---------------------+-------------------+------------------+-------------------+----------------+---------------+----------------+
| Platform            |  130915 [ 10.04%] |  10941 [  1.82%] |  180448 [  6.92%] |  197 [  9.77%] |   0 [  0.00%] |    4 [  0.04%] |
| User Budget         | 1172765 [100.00%] | 590019 [100.00%] | 2426912 [100.00%] | 1819 [100.00%] | 960 [100.00%] | 9020 [100.00%] |
|    Used Resources   |   31129 [  2.65%] |   2838 [  0.48%] |   34393 [  1.42%] |   19 [  1.04%] |   0 [  0.00%] |   72 [  0.80%] |
|    Unused Resources | 1141636 [ 97.35%] | 587181 [ 99.52%] | 2392519 [ 98.58%] | 1800 [ 98.96%] | 960 [100.00%] | 8948 [ 99.20%] |
| matg_kernel         |   31129 [  2.65%] |   2838 [  0.48%] |   34393 [  1.42%] |   19 [  1.04%] |   0 [  0.00%] |   72 [  0.80%] |
|    matg_kernel_1    |   31129 [  2.65%] |   2838 [  0.48%] |   34393 [  1.42%] |   19 [  1.04%] |   0 [  0.00%] |   72 [  0.80%] |
+---------------------+-------------------+------------------+-------------------+----------------+---------------+----------------+


