# 
# Steps log generated by v++
# This log file contains a collection of steps that describe the kernel compilation flow
# Note: Some steps are tagged as internal, these steps are for debugging purposes and 
#       are not expected to be able to run independently.
# 

# The following environment variables are set when running v++
Environment variables :
------------------------------------------
SHELL=/bin/bash
RDI_APPROOT=/tools/Xilinx/Vitis/2023.2
RDI_JAVA_PLATFORM=
LANGUAGE=en_US:en
XIL_SUPPRESS_OVERRIDE_WARNINGS=1
RDI_BINROOT=/tools/Xilinx/Vitis/2023.2/bin
XILINX_VIVADO=/tools/Xilinx/Vivado/2023.2
RDI_OPT_EXT=.o
RDI_INSTALLVER=2023.2
RDI_INSTALLROOT=/tools/Xilinx
RDI_PATCHROOT=
XIL_NO_OVERRIDE=0
RDI_LIBDIR=/tools/Xilinx/Vitis/2023.2/lib/lnx64.o/Ubuntu/22:/tools/Xilinx/Vitis/2023.2/lib/lnx64.o/Ubuntu:/tools/Xilinx/Vitis/2023.2/lib/lnx64.o
PWD=/home/ae_reviewer/TempGNN/hardware/baselines/vitis
KRB5CCNAME=FILE:/tmp/krb5cc_1694735466_TYN4Zh
LOGNAME=ae_reviewer
XDG_SESSION_TYPE=tty
_RDI_DONT_SET_XILINX_AS_PATH=True
MAKEOVERRIDES=${-*-command-variables-*-}
RDI_PREPEND_PATH=/tools/Xilinx/Vitis/2023.2/bin
XILINX_DSP=
MOTD_SHOWN=pam
HOME=/home/ae_reviewer
SYNTH_COMMON=/tools/Xilinx/Vitis/2023.2/scripts/rt/data
LANG=en_US.UTF-8
XILINX_HLS=/tools/Xilinx/Vitis_HLS/2023.2
HDI_PROCESSOR=x86_64
RDI_BUILD=yes
RDI_PROG=/tools/Xilinx/Vitis/2023.2/bin/unwrapped/lnx64.o/v++
SSH_CONNECTION=<redacted>
RDI_SESSION_INFO=/home/ae_reviewer/TempGNN/hardware/baselines/vitis:u280-ae-host_1784053070_1355078
RT_TCL_PATH=/tools/Xilinx/Vitis/2023.2/scripts/rt/base_tcl/tcl
MFLAGS=-w
XILINX_SDK=/tools/Xilinx/Vitis/2023.2
RDI_SHARED_DATA=/tools/Xilinx/SharedData/2023.2/data
MAKEFLAGS=w -- TARGET=hw SYSTEM=MATG
XDG_SESSION_CLASS=user
USER=ae_reviewer
XILINX_PLANAHEAD=/tools/Xilinx/Vitis/2023.2
RDI_BASEROOT=/tools/Xilinx/Vitis
RDI_TPS_ROOT=/tools/Xilinx/Vivado/2023.2/tps/lnx64
RDI_JAVA_VERSION=17.0.7_7
RDI_DATADIR=/tools/Xilinx/SharedData/2023.2/data:/tools/Xilinx/Vitis/2023.2/data
SHLVL=2
SYSTEM=MATG
MAKELEVEL=1
XILINX_VIVADO_HLS=/tools/Xilinx/Vivado/2023.2
XIL_CHECK_TCL_DEBUG=False
XDG_SESSION_ID=12137
LD_LIBRARY_PATH=/tools/Xilinx/Vitis/2023.2/tps/lnx64/java-cef-95.0.4638.69/bin/lib/linux64:/tools/Xilinx/Vitis/2023.2/lib/lnx64.o/Ubuntu/22:/tools/Xilinx/Vitis/2023.2/lib/lnx64.o/Ubuntu:/tools/Xilinx/Vitis/2023.2/lib/lnx64.o:/tools/Xilinx/Vitis/2023.2/tps/lnx64/jre17.0.7_7/lib/:/tools/Xilinx/Vitis/2023.2/tps/lnx64/jre17.0.7_7/lib//server:/tools/Xilinx/Vitis/2023.2/lib/lnx64.o/Ubuntu/22:/tools/Xilinx/Vitis/2023.2/lib/lnx64.o/Ubuntu:/tools/Xilinx/Vitis/2023.2/lib/lnx64.o:/tools/Xilinx/Vitis/2023.2/bin/../lnx64/tools/dot/lib
HDIPRELDPATH=/tools/Xilinx/Vitis/2023.2/lib/lnx64.o/Ubuntu/22:/tools/Xilinx/Vitis/2023.2/lib/lnx64.o/Ubuntu:/tools/Xilinx/Vitis/2023.2/lib/lnx64.o:/tools/Xilinx/Vitis/2023.2/bin/../lnx64/tools/dot/lib
XDG_RUNTIME_DIR=/run/user/1694735466
TCMALLOC_LARGE_ALLOC_REPORT_THRESHOLD=4294967296
SSH_CLIENT=<redacted>
TCL_LIBRARY=/tools/Xilinx/Vitis/2023.2/tps/tcl/tcl8.5
LC_ALL=en_US.UTF-8
PATH=/tools/Xilinx/Vivado/2023.2/tps/lnx64/binutils-2.26/bin:/tools/Xilinx/Vitis/2023.2/bin/../gnu/aarch64/lin/aarch64-linux/bin:/tools/Xilinx/Vitis/2023.2/bin/../gnu/ppc64le/4.9.3/lnx64/bin:/tools/Xilinx/Vitis/2023.2/bin/../gnu/aarch32/lin/gcc-arm-linux-gnueabi/bin:/tools/Xilinx/Vivado/2023.2/tps/lnx64/gcc-8.3.0/bin:/tools/Xilinx/Vivado/2023.2/gnu/microblaze/lin/bin:/tools/Xilinx/Vitis/2023.2/bin:/tools/Xilinx/Vitis/2023.2/tps/lnx64/jre17.0.7_7/bin:/tools/Xilinx/Vivado/2023.2/bin:/tools/Xilinx/Vitis_HLS/2023.2/bin:/tools/Xilinx/Model_Composer/2023.2/bin:/tools/Xilinx/Vitis/2023.2/gnu/microblaze/lin/bin:/tools/Xilinx/Vitis/2023.2/gnu/microblaze/linux_toolchain/lin64_le/bin:/tools/Xilinx/Vitis/2023.2/gnu/aarch32/lin/gcc-arm-linux-gnueabi/bin:/tools/Xilinx/Vitis/2023.2/gnu/aarch32/lin/gcc-arm-none-eabi/bin:/tools/Xilinx/Vitis/2023.2/gnu/aarch64/lin/aarch64-linux/bin:/tools/Xilinx/Vitis/2023.2/gnu/aarch64/lin/aarch64-none/bin:/tools/Xilinx/Vitis/2023.2/gnu/armr5/lin/gcc-arm-none-eabi/bin:/tools/Xilinx/Vitis/2023.2/tps/lnx64/cmake-3.3.2/bin:/tools/Xilinx/Vitis/2023.2/aietools/bin:/tools/Xilinx/Vitis/2023.2/gnu/riscv/lin/riscv64-unknown-elf/bin:/tools/Xilinx/DocNav:/usr/local/sbin:/usr/local/bin:/usr/sbin:/usr/bin:/sbin:/bin:/usr/games:/usr/local/games:/snap/bin
RT_LIBPATH=/tools/Xilinx/Vitis/2023.2/scripts/rt/data
HDI_APPROOT=/tools/Xilinx/Vitis/2023.2
DBUS_SESSION_BUS_ADDRESS=unix:path=/run/user/1694735466/bus
RDI_PLATFORM=lnx64
MYVIVADO=
ISL_IOSTREAMS_RSA=/tools/Xilinx/Vitis/2023.2/tps/isl
XILINX_VITIS=/tools/Xilinx/Vitis/2023.2
OLDPWD=/tools/Xilinx/Vitis/2023.2/bin
TARGET=hw
_=/tools/Xilinx/Vitis/2023.2/bin/unwrapped/lnx64.o/v++
XILINX_CD_CONNECT_ID=40367
XILINX_CD_SESSION=3e6314b8-fc75-4906-bba5-ae5835cf7075


V++ command line:
------------------------------------------
/tools/Xilinx/Vitis/2023.2/bin/unwrapped/lnx64.o/v++ -l -t hw --platform /opt/xilinx/platforms/xilinx_u280_gen3x16_xdma_1_202211_1/xilinx_u280_gen3x16_xdma_1_202211_1.xpfm --temp_dir /home/ae_reviewer/TempGNN/build/baselines/matg_hw/_x --remote_ip_cache /home/ae_reviewer/TempGNN/build/baselines/matg_hw/.ipcache --freqhz 225000000:matg_kernel_1 --config /home/ae_reviewer/TempGNN/hardware/baselines/vitis/matg_kernel_u280.cfg /home/ae_reviewer/TempGNN/build/baselines/matg_hw/matg_kernel.hw.xo -o /home/ae_reviewer/TempGNN/build/baselines/matg_hw/matg_kernel.hw.xclbin 

FINAL PROGRAM OPTIONS
--config /home/ae_reviewer/TempGNN/hardware/baselines/vitis/matg_kernel_u280.cfg
--connectivity.nk matg_kernel:1:matg_kernel_1
--connectivity.sp matg_kernel_1.event_src:HBM[0]
--connectivity.sp matg_kernel_1.event_dst:HBM[1]
--connectivity.sp matg_kernel_1.event_ts:HBM[2]
--connectivity.sp matg_kernel_1.vertex_offsets:HBM[3]
--connectivity.sp matg_kernel_1.history_event_idx:HBM[4]
--connectivity.sp matg_kernel_1.history_peer:HBM[5]
--connectivity.sp matg_kernel_1.target_vertex:HBM[6]
--connectivity.sp matg_kernel_1.target_event_idx:HBM[7]
--connectivity.sp matg_kernel_1.initial_memory:HBM[8]
--connectivity.sp matg_kernel_1.event_features:HBM[9]
--connectivity.sp matg_kernel_1.weight_self:HBM[10]
--connectivity.sp matg_kernel_1.weight_peer:HBM[10]
--connectivity.sp matg_kernel_1.weight_event:HBM[10]
--connectivity.sp matg_kernel_1.bias:HBM[10]
--connectivity.sp matg_kernel_1.embedding_out:HBM[11]
--connectivity.sp matg_kernel_1.stats_out:HBM[12]
--freqhz 225000000:matg_kernel_1
--hls.clock 225000000:matg_kernel_1
--input_files /home/ae_reviewer/TempGNN/build/baselines/matg_hw/matg_kernel.hw.xo
--link
--optimize 0
--output /home/ae_reviewer/TempGNN/build/baselines/matg_hw/matg_kernel.hw.xclbin
--platform /opt/xilinx/platforms/xilinx_u280_gen3x16_xdma_1_202211_1/xilinx_u280_gen3x16_xdma_1_202211_1.xpfm
--remote_ip_cache /home/ae_reviewer/TempGNN/build/baselines/matg_hw/.ipcache
--report_level 0
--target hw
--temp_dir /home/ae_reviewer/TempGNN/build/baselines/matg_hw/_x

PARSED COMMAND LINE OPTIONS
-l 
-t hw 
--platform /opt/xilinx/platforms/xilinx_u280_gen3x16_xdma_1_202211_1/xilinx_u280_gen3x16_xdma_1_202211_1.xpfm 
--temp_dir /home/ae_reviewer/TempGNN/build/baselines/matg_hw/_x 
--remote_ip_cache /home/ae_reviewer/TempGNN/build/baselines/matg_hw/.ipcache 
--freqhz 225000000:matg_kernel_1 
--config /home/ae_reviewer/TempGNN/hardware/baselines/vitis/matg_kernel_u280.cfg 
/home/ae_reviewer/TempGNN/build/baselines/matg_hw/matg_kernel.hw.xo 
-o /home/ae_reviewer/TempGNN/build/baselines/matg_hw/matg_kernel.hw.xclbin 

PARSED CONFIG FILE (1) OPTIONS
file: /home/ae_reviewer/TempGNN/hardware/baselines/vitis/matg_kernel_u280.cfg
connectivity.nk matg_kernel:1:matg_kernel_1 
connectivity.sp matg_kernel_1.event_src:HBM[0] 
connectivity.sp matg_kernel_1.event_dst:HBM[1] 
connectivity.sp matg_kernel_1.event_ts:HBM[2] 
connectivity.sp matg_kernel_1.vertex_offsets:HBM[3] 
connectivity.sp matg_kernel_1.history_event_idx:HBM[4] 
connectivity.sp matg_kernel_1.history_peer:HBM[5] 
connectivity.sp matg_kernel_1.target_vertex:HBM[6] 
connectivity.sp matg_kernel_1.target_event_idx:HBM[7] 
connectivity.sp matg_kernel_1.initial_memory:HBM[8] 
connectivity.sp matg_kernel_1.event_features:HBM[9] 
connectivity.sp matg_kernel_1.weight_self:HBM[10] 
connectivity.sp matg_kernel_1.weight_peer:HBM[10] 
connectivity.sp matg_kernel_1.weight_event:HBM[10] 
connectivity.sp matg_kernel_1.bias:HBM[10] 
connectivity.sp matg_kernel_1.embedding_out:HBM[11] 
connectivity.sp matg_kernel_1.stats_out:HBM[12] 
hls.clock 225000000:matg_kernel_1 

EXPANDED PARAMETERS
From application of optMap.xml: 
 --vivado.prop "run.__KERNEL__.{STEPS.SYNTH_DESIGN.ARGS.MORE OPTIONS}={-directive sdx_optimization_effort_high}" --advanced.misc "report=type report_timing_summary name impl_report_timing_summary_route_design_summary steps {route_design} runs {impl_1} options {-max_paths 10}" --advanced.misc "report=type report_timing_summary name impl_report_timing_summary_post_route_phys_opt_design_summary steps {post_route_phys_opt_design} runs {impl_1} options {-max_paths 10}"


FINAL PLATFORM PATH
/opt/xilinx/platforms/xilinx_u280_gen3x16_xdma_1_202211_1/xilinx_u280_gen3x16_xdma_1_202211_1.xpfm

==========================================
new:  steps log generated by v++ for new launch 
timestamp: 15 Jul 2026 02:18:00
------------------------------------------
V++ internal step: generating xclbin xml file
timestamp: 15 Jul 2026 02:18:00
output: /home/ae_reviewer/TempGNN/build/baselines/matg_hw/_x/link/int/matg_kernel.hw.xml
------------------------------------------
step: running system_link
timestamp: 15 Jul 2026 02:18:01
cmd: /tools/Xilinx/Vitis/2023.2/bin/system_link --xo /home/ae_reviewer/TempGNN/build/baselines/matg_hw/matg_kernel.hw.xo --config /home/ae_reviewer/TempGNN/build/baselines/matg_hw/_x/link/int/syslinkConfig.ini --xpfm /opt/xilinx/platforms/xilinx_u280_gen3x16_xdma_1_202211_1/xilinx_u280_gen3x16_xdma_1_202211_1.xpfm --target hw --output_dir /home/ae_reviewer/TempGNN/build/baselines/matg_hw/_x/link/int --temp_dir /home/ae_reviewer/TempGNN/build/baselines/matg_hw/_x/link/sys_link
system_link status: success
------------------------------------------
step: running cf2sw
timestamp: 15 Jul 2026 02:18:29
cmd: /tools/Xilinx/Vitis/2023.2/bin/cf2sw -sdsl /home/ae_reviewer/TempGNN/build/baselines/matg_hw/_x/link/int/sdsl.dat -rtd /home/ae_reviewer/TempGNN/build/baselines/matg_hw/_x/link/int/cf2sw.rtd -nofilter /home/ae_reviewer/TempGNN/build/baselines/matg_hw/_x/link/int/cf2sw_full.rtd -xclbin /home/ae_reviewer/TempGNN/build/baselines/matg_hw/_x/link/int/xclbin_orig.xml -o /home/ae_reviewer/TempGNN/build/baselines/matg_hw/_x/link/int/xclbin_orig.1.xml
cf2sw status: success
------------------------------------------
step: running rtd2_system_diagram
timestamp: 15 Jul 2026 02:18:37
cmd: rtd2SystemDiagram
rtd2_system_diagram status: success
------------------------------------------
step: running vpl
timestamp: 15 Jul 2026 02:18:38
cmd: /tools/Xilinx/Vitis/2023.2/bin/vpl -t hw -f /opt/xilinx/platforms/xilinx_u280_gen3x16_xdma_1_202211_1/xilinx_u280_gen3x16_xdma_1_202211_1.xpfm --remote_ip_cache /home/ae_reviewer/TempGNN/build/baselines/matg_hw/.ipcache --output_dir /home/ae_reviewer/TempGNN/build/baselines/matg_hw/_x/link/int --log_dir /home/ae_reviewer/TempGNN/build/baselines/matg_hw/_x/logs/link --report_dir /home/ae_reviewer/TempGNN/build/baselines/matg_hw/_x/reports/link --config /home/ae_reviewer/TempGNN/build/baselines/matg_hw/_x/link/int/vplConfig.ini -k /home/ae_reviewer/TempGNN/build/baselines/matg_hw/_x/link/int/kernel_info.dat --webtalk_flag Vitis --temp_dir /home/ae_reviewer/TempGNN/build/baselines/matg_hw/_x/link --no-info --iprepo /home/ae_reviewer/TempGNN/build/baselines/matg_hw/_x/link/int/xo/ip_repo/xilinx_com_hls_matg_kernel_1_0 --messageDb /home/ae_reviewer/TempGNN/build/baselines/matg_hw/_x/link/run_link/vpl.pb /home/ae_reviewer/TempGNN/build/baselines/matg_hw/_x/link/int/dr.bd.tcl
Vivado Log File: /home/ae_reviewer/TempGNN/build/baselines/matg_hw/_x/link/run_link/../vivado/vpl/vivado.log
file: vplConfig.ini
[advanced]
misc=report=type report_timing_summary name impl_report_timing_summary_route_design_summary steps {route_design} runs {impl_1} options {-max_paths 10}
misc=report=type report_timing_summary name impl_report_timing_summary_post_route_phys_opt_design_summary steps {post_route_phys_opt_design} runs {impl_1} options {-max_paths 10}
param=compiler.enablePerformanceTrace=1
param=compiler.vppCurrentWorkingDir=/home/ae_reviewer/TempGNN/hardware/baselines/vitis
misc=BinaryName=matg_kernel.hw
[connectivity]
nk=matg_kernel:1:matg_kernel_1
[vivado]
prop=run.__KERNEL__.{STEPS.SYNTH_DESIGN.ARGS.MORE OPTIONS}={-directive sdx_optimization_effort_high}

FINAL PROGRAM OPTIONS
--advanced.misc report=type report_timing_summary name impl_report_timing_summary_route_design_summary steps {route_design} runs {impl_1} options {-max_paths 10}
--advanced.misc report=type report_timing_summary name impl_report_timing_summary_post_route_phys_opt_design_summary steps {post_route_phys_opt_design} runs {impl_1} options {-max_paths 10}
--advanced.misc BinaryName=matg_kernel.hw
--advanced.param compiler.enablePerformanceTrace=1
--advanced.param compiler.vppCurrentWorkingDir=/home/ae_reviewer/TempGNN/hardware/baselines/vitis
--config /home/ae_reviewer/TempGNN/build/baselines/matg_hw/_x/link/int/vplConfig.ini
--connectivity.nk matg_kernel:1:matg_kernel_1
--input_file /home/ae_reviewer/TempGNN/build/baselines/matg_hw/_x/link/int/dr.bd.tcl
--iprepo /home/ae_reviewer/TempGNN/build/baselines/matg_hw/_x/link/int/xo/ip_repo/xilinx_com_hls_matg_kernel_1_0
--kernels /home/ae_reviewer/TempGNN/build/baselines/matg_hw/_x/link/int/kernel_info.dat
--log_dir /home/ae_reviewer/TempGNN/build/baselines/matg_hw/_x/logs/link
--messageDb /home/ae_reviewer/TempGNN/build/baselines/matg_hw/_x/link/run_link/vpl.pb
--no-info
--output_dir /home/ae_reviewer/TempGNN/build/baselines/matg_hw/_x/link/int
--platform /opt/xilinx/platforms/xilinx_u280_gen3x16_xdma_1_202211_1/xilinx_u280_gen3x16_xdma_1_202211_1.xpfm
--remote_ip_cache /home/ae_reviewer/TempGNN/build/baselines/matg_hw/.ipcache
--report_dir /home/ae_reviewer/TempGNN/build/baselines/matg_hw/_x/reports/link
--target hw
--temp_dir /home/ae_reviewer/TempGNN/build/baselines/matg_hw/_x/link
--vivado.prop run.__KERNEL__.{STEPS.SYNTH_DESIGN.ARGS.MORE OPTIONS}={-directive sdx_optimization_effort_high}
--webtalk_flag Vitis

PARSED COMMAND LINE OPTIONS
-t hw 
-f /opt/xilinx/platforms/xilinx_u280_gen3x16_xdma_1_202211_1/xilinx_u280_gen3x16_xdma_1_202211_1.xpfm 
--remote_ip_cache /home/ae_reviewer/TempGNN/build/baselines/matg_hw/.ipcache 
--output_dir /home/ae_reviewer/TempGNN/build/baselines/matg_hw/_x/link/int 
--log_dir /home/ae_reviewer/TempGNN/build/baselines/matg_hw/_x/logs/link 
--report_dir /home/ae_reviewer/TempGNN/build/baselines/matg_hw/_x/reports/link 
--config /home/ae_reviewer/TempGNN/build/baselines/matg_hw/_x/link/int/vplConfig.ini 
-k /home/ae_reviewer/TempGNN/build/baselines/matg_hw/_x/link/int/kernel_info.dat 
--webtalk_flag Vitis 
--temp_dir /home/ae_reviewer/TempGNN/build/baselines/matg_hw/_x/link 
--no-info 
--iprepo /home/ae_reviewer/TempGNN/build/baselines/matg_hw/_x/link/int/xo/ip_repo/xilinx_com_hls_matg_kernel_1_0 
--messageDb /home/ae_reviewer/TempGNN/build/baselines/matg_hw/_x/link/run_link/vpl.pb 
/home/ae_reviewer/TempGNN/build/baselines/matg_hw/_x/link/int/dr.bd.tcl 

PARSED CONFIG FILE (1) OPTIONS
file: /home/ae_reviewer/TempGNN/build/baselines/matg_hw/_x/link/int/vplConfig.ini
advanced.misc report=type report_timing_summary name impl_report_timing_summary_route_design_summary steps {route_design} runs {impl_1} options {-max_paths 10} 
advanced.misc report=type report_timing_summary name impl_report_timing_summary_post_route_phys_opt_design_summary steps {post_route_phys_opt_design} runs {impl_1} options {-max_paths 10} 
advanced.param compiler.enablePerformanceTrace=1 
advanced.param compiler.vppCurrentWorkingDir=/home/ae_reviewer/TempGNN/hardware/baselines/vitis 
advanced.misc BinaryName=matg_kernel.hw 
connectivity.nk matg_kernel:1:matg_kernel_1 
vivado.prop run.__KERNEL__.{STEPS.SYNTH_DESIGN.ARGS.MORE OPTIONS}={-directive sdx_optimization_effort_high} 


   ------------------------------------------
   VPL internal step: generating ipirun.tcl for vivado
   timestamp: 15 Jul 2026 02:18:46
   -----------------------
   VPL internal step: source -notrace ./ipirun.tcl
   File: vpl.tcl:125
   Line computed from base: 122 offset: 3
   timestamp: 15 July 2026 02:18:55
   -----------------------
   VPL internal step: source scripts/_vivado_params.tcl
   File: vpl.tcl:140
   Line computed from base: 122 offset: 18
   timestamp: 15 July 2026 02:18:55
   -----------------------
  current step: vpl.create_project
   -----------------------
   VPL internal step: create_vivado_project
   Proc: ::ocl_util::create_vivado_project
   File: ocl_util.tcl:503
   timestamp: 15 July 2026 02:18:55
   -----------------------
   VPL internal step: source .local/hw_platform/tcl_hooks/prelink.tcl
   File: vpl.tcl:1232
   timestamp: 15 July 2026 02:18:55
   -----------------------
   VPL internal step: create_project -part xcu280-fsvh2892-2L-e -force prj prj
   File: /home/ae_reviewer/TempGNN/build/baselines/matg_hw/_x/link/vivado/vpl/.local/ocl_util.tcl:818
   timestamp: 15 July 2026 02:18:55
   -----------------------
   VPL internal step: add_files .local/hw_platform/hw_bb_locked.dcp
   File: /home/ae_reviewer/TempGNN/build/baselines/matg_hw/_x/link/vivado/vpl/.local/ocl_util.tcl:853
   timestamp: 15 July 2026 02:19:04
   -----------------------
   VPL internal step: create_partition_def -name my_pd -module ulp
   File: /home/ae_reviewer/TempGNN/build/baselines/matg_hw/_x/link/vivado/vpl/.local/ocl_util.tcl:859
   timestamp: 15 July 2026 02:19:04
   -----------------------
   VPL internal step: create_reconfig_module -name my_rm -partition_def [get_partition_defs my_pd ] -top ulp
   File: /home/ae_reviewer/TempGNN/build/baselines/matg_hw/_x/link/vivado/vpl/.local/ocl_util.tcl:861
   timestamp: 15 July 2026 02:19:04
   -----------------------
   VPL internal step: create_pr_configuration -name config_1 -partitions [list level0_i/ulp:my_rm]
   File: /home/ae_reviewer/TempGNN/build/baselines/matg_hw/_x/link/vivado/vpl/.local/ocl_util.tcl:872
   timestamp: 15 July 2026 02:19:04
   -----------------------
  current step: vpl.create_bd
   -----------------------
   VPL internal step: update_ip_catalog
   File: /home/ae_reviewer/TempGNN/build/baselines/matg_hw/_x/link/vivado/vpl/.local/ocl_util.tcl:2412
   timestamp: 15 July 2026 02:19:04
   -----------------------
   VPL internal step: config_ip_cache -use_cache_location /home/ae_reviewer/TempGNN/build/baselines/matg_hw/.ipcache
   File: /home/ae_reviewer/TempGNN/build/baselines/matg_hw/_x/link/vivado/vpl/.local/ocl_util.tcl:2422
   timestamp: 15 July 2026 02:19:05
   -----------------------
   VPL internal step: import_files -norecurse .local/hw_platform/bd/202211_1_dev.srcs/sources_1/bd/ulp/ulp.bd -of_objects my_rm
   File: /home/ae_reviewer/TempGNN/build/baselines/matg_hw/_x/link/vivado/vpl/.local/ocl_util.tcl:2100
   timestamp: 15 July 2026 02:19:05
   -----------------------
   VPL internal step: open_bd_design -auto_upgrade [get_files ulp.bd]
   File: vpl.tcl:199
   timestamp: 15 July 2026 02:19:08
   -----------------------
   VPL internal step: report locked IPs
   File: /home/ae_reviewer/TempGNN/build/baselines/matg_hw/_x/link/vivado/vpl/.local/ocl_util.tcl:3129
   timestamp: 15 July 2026 02:19:38
   -----------------------
   VPL internal step: source .local/dr.bd.tcl
   File: vpl.tcl:224
   timestamp: 15 July 2026 02:19:38
   -----------------------
   VPL internal step: save_bd_design
   File: vpl.tcl:241
   timestamp: 15 July 2026 02:19:49
   -----------------------
   VPL internal step: add_files .local/hw_platform/tcl_hooks/impl.xdc -fileset [current_fileset -constrset]
   File: /home/ae_reviewer/TempGNN/build/baselines/matg_hw/_x/link/vivado/vpl/.local/ocl_util.tcl:2746
   timestamp: 15 July 2026 02:19:50
   -----------------------
  current step: vpl.update_bd
   -----------------------
   VPL internal step: inserting profiling and debug cores
   File: vpl.tcl:287
   timestamp: 15 July 2026 02:19:50
   -----------------------
   VPL internal step: assign_bd_address
   File: vpl.tcl:299
   timestamp: 15 July 2026 02:19:50
   -----------------------
   VPL internal step: source .local/hw_platform/tcl_hooks/postlink.tcl
   File: vpl.tcl:2229
   timestamp: 15 July 2026 02:19:50
   -----------------------
   VPL internal step: writing address_map.xml
   File: vpl.tcl:309
   timestamp: 15 July 2026 02:19:50
   -----------------------
   VPL internal step: collect BD interface connectivity and update compute units
   File: vpl.tcl:313
   timestamp: 15 July 2026 02:19:50
   -----------------------
   VPL internal step: save_bd_design
   File: vpl.tcl:316
   timestamp: 15 July 2026 02:19:51
   -----------------------
  current step: vpl.generate_target
   -----------------------
   VPL internal step: generate_target all [get_files ulp.bd]
   File: vpl.tcl:368
   timestamp: 15 July 2026 02:19:54
   -----------------------
   VPL internal step: writing user synth clock constraints in /home/ae_reviewer/TempGNN/build/baselines/matg_hw/_x/link/vivado/vpl/output/ulp_ooc_copy.xdc
   File: /home/ae_reviewer/TempGNN/build/baselines/matg_hw/_x/link/vivado/vpl/.local/ocl_util.tcl:2488
   timestamp: 15 July 2026 02:22:27
   -----------------------
   VPL internal step: add_files /home/ae_reviewer/TempGNN/build/baselines/matg_hw/_x/link/vivado/vpl/output/ulp_ooc_copy.xdc -fileset [current_fileset -constrset]
   File: /home/ae_reviewer/TempGNN/build/baselines/matg_hw/_x/link/vivado/vpl/.local/ocl_util.tcl:2492
   timestamp: 15 July 2026 02:22:27
   -----------------------
   VPL internal step: move_files [get_files /home/ae_reviewer/TempGNN/build/baselines/matg_hw/_x/link/vivado/vpl/output/ulp_ooc_copy.xdc] -of_objects [get_reconfig_modules my_rm] -quiet
   File: /home/ae_reviewer/TempGNN/build/baselines/matg_hw/_x/link/vivado/vpl/.local/ocl_util.tcl:2507
   timestamp: 15 July 2026 02:22:27
   -----------------------
   VPL internal step: add_files .local/hw_platform/tcl_hooks/impl.xdc -fileset [current_fileset -constrset]
   File: /home/ae_reviewer/TempGNN/build/baselines/matg_hw/_x/link/vivado/vpl/.local/ocl_util.tcl:2746
   timestamp: 15 July 2026 02:22:27
   -----------------------
   VPL internal step: read_xdc /home/ae_reviewer/TempGNN/build/baselines/matg_hw/_x/link/vivado/vpl/output/dont_partition.xdc
   File: /home/ae_reviewer/TempGNN/build/baselines/matg_hw/_x/link/vivado/vpl/.local/ocl_util.tcl:4605
   timestamp: 15 July 2026 02:22:27
   -----------------------
   VPL internal step: collect clock information and write automation summary report
   File: vpl.tcl:381
   timestamp: 15 July 2026 02:22:27
   -----------------------
  current step: vpl.config_hw_runs
   -----------------------
   VPL internal step: creating vpl tcl hooks for implementation run
   File: /home/ae_reviewer/TempGNN/build/baselines/matg_hw/_x/link/vivado/vpl/.local/ocl_util.tcl:3909
   timestamp: 15 July 2026 02:22:27
   -----------------------
   VPL internal step: source scripts/_vivado_report_commands.tcl
   File: vpl.tcl:417
   timestamp: 15 July 2026 02:22:27
   -----------------------
   VPL internal step: create_report_config -report_name impl_report_timing_summary_route_design_summary -report_type report_timing_summary -steps {route_design} -runs {impl_1} -options {-max_paths 10}
   File: scripts/_vivado_report_commands.tcl:84
   timestamp: 15 July 2026 02:22:28
   -----------------------
   VPL internal step: create_report_config -report_name impl_report_timing_summary_post_route_phys_opt_design_summary -report_type report_timing_summary -steps {post_route_phys_opt_design} -runs {impl_1} -options {-max_paths 10}
   File: scripts/_vivado_report_commands.tcl:84
   timestamp: 15 July 2026 02:22:28
   -----------------------
   VPL internal step: source scripts/_vivado_synth_props.tcl
   File: vpl.tcl:425
   timestamp: 15 July 2026 02:22:28
   -----------------------
   VPL internal step: source scripts/_vivado_impl_props.tcl
   File: vpl.tcl:487
   timestamp: 15 July 2026 02:22:54
   -----------------------
  current step: vpl.synth
   -----------------------
   VPL internal step: launch_runs my_rm_synth_1 -jobs 8  
   File: vpl.tcl:531
   timestamp: 15 July 2026 02:22:54
   -----------------------
   VPL internal step: generating resource usage report '/home/ae_reviewer/TempGNN/build/baselines/matg_hw/_x/link/vivado/vpl/output/resource.json'
   File: /home/ae_reviewer/TempGNN/build/baselines/matg_hw/_x/link/vivado/vpl/.local/ocl_util.tcl:5414
   timestamp: 15 July 2026 02:32:35
   -----------------------
   VPL internal step: log_generated_reports for synthesis '/home/ae_reviewer/TempGNN/build/baselines/matg_hw/_x/link/vivado/vpl/output/generated_reports.log'
   File: /home/ae_reviewer/TempGNN/build/baselines/matg_hw/_x/link/vivado/vpl/.local/ocl_util.tcl:3005
   timestamp: 15 July 2026 02:32:35
   -----------------------
   VPL internal step: launched run my_rm_synth_1
   File: /home/ae_reviewer/TempGNN/build/baselines/matg_hw/_x/link/vivado/vpl/.local/ocl_util.tcl:3028
   timestamp: 15 July 2026 02:32:35
   -----------------------
   VPL internal step: launched run ulp_matg_kernel_1_0_synth_1
   File: /home/ae_reviewer/TempGNN/build/baselines/matg_hw/_x/link/vivado/vpl/.local/ocl_util.tcl:3028
   timestamp: 15 July 2026 02:32:35
   -----------------------
  current step: vpl.impl
   -----------------------
   VPL internal step: launch_runs impl_1 -to_step write_bitstream -jobs 8  
   File: vpl.tcl:601
   timestamp: 15 July 2026 02:32:35
   -----------------------
   VPL internal step: log_generated_reports for implementation '/home/ae_reviewer/TempGNN/build/baselines/matg_hw/_x/link/vivado/vpl/output/generated_reports.log'
   File: /home/ae_reviewer/TempGNN/build/baselines/matg_hw/_x/link/vivado/vpl/.local/ocl_util.tcl:931
   timestamp: 15 July 2026 04:24:20
   -----------------------
   VPL internal step: copy implementation run (impl_1) output files
   File: /home/ae_reviewer/TempGNN/build/baselines/matg_hw/_x/link/vivado/vpl/.local/ocl_util.tcl:1589
   timestamp: 15 July 2026 04:24:21
   VPL internal step status: success
vpl status: success
------------------------------------------
step: running rtdgen
timestamp: 15 Jul 2026 04:24:22
cmd: rtdgen
------------------------------------------
step: running cf2sw to update xclbin xml and generate rtd file (runtime data)
timestamp: 15 Jul 2026 04:24:22
cmd: cf2sw -a /home/ae_reviewer/TempGNN/build/baselines/matg_hw/_x/link/int/address_map.xml -sdsl /home/ae_reviewer/TempGNN/build/baselines/matg_hw/_x/link/int/sdsl.dat -xclbin /home/ae_reviewer/TempGNN/build/baselines/matg_hw/_x/link/int/xclbin_orig.xml -rtd /home/ae_reviewer/TempGNN/build/baselines/matg_hw/_x/link/int/matg_kernel.hw.rtd -o /home/ae_reviewer/TempGNN/build/baselines/matg_hw/_x/link/int/matg_kernel.hw.xml
V++ internal step status: success
------------------------------------------
step: running writeSystemDiagram to update system diagram with slr and base address info.
timestamp: 15 Jul 2026 04:24:29
cmd: writeSystemDiagram
V++ internal step status: success
------------------------------------------
step: running writeAutomationSummary to write automation summary report
timestamp: 15 Jul 2026 04:24:29
cmd: writeAutomationSummary
V++ internal step status: success
rtdgen status: success
------------------------------------------
step: running xclbinutil
timestamp: 15 Jul 2026 04:24:29
cmd: /tools/Xilinx/Vitis/2023.2/bin/xclbinutil --add-section BITSTREAM:RAW:/home/ae_reviewer/TempGNN/build/baselines/matg_hw/_x/link/int/partial.bit --force --target hw --key-value SYS:dfx_enable:true --add-section :JSON:/home/ae_reviewer/TempGNN/build/baselines/matg_hw/_x/link/int/matg_kernel.hw.rtd --append-section :JSON:/home/ae_reviewer/TempGNN/build/baselines/matg_hw/_x/link/int/appendSection.rtd --add-section CLOCK_FREQ_TOPOLOGY:JSON:/home/ae_reviewer/TempGNN/build/baselines/matg_hw/_x/link/int/matg_kernel.hw_xml.rtd --add-section BUILD_METADATA:JSON:/home/ae_reviewer/TempGNN/build/baselines/matg_hw/_x/link/int/matg_kernel.hw_build.rtd --add-section EMBEDDED_METADATA:RAW:/home/ae_reviewer/TempGNN/build/baselines/matg_hw/_x/link/int/matg_kernel.hw.xml --add-section SYSTEM_METADATA:RAW:/home/ae_reviewer/TempGNN/build/baselines/matg_hw/_x/link/int/systemDiagramModelSlrBaseAddress.json --key-value SYS:PlatformVBNV:xilinx_u280_gen3x16_xdma_1_202211_1 --output /home/ae_reviewer/TempGNN/build/baselines/matg_hw/matg_kernel.hw.xclbin
xclbinutil status: success
------------------------------------------
step: running xclbinutilinfo
timestamp: 15 Jul 2026 04:24:29
cmd: /tools/Xilinx/Vitis/2023.2/bin/xclbinutil --quiet --force --info /home/ae_reviewer/TempGNN/build/baselines/matg_hw/matg_kernel.hw.xclbin.info --input /home/ae_reviewer/TempGNN/build/baselines/matg_hw/matg_kernel.hw.xclbin
xclbinutilinfo status: success
------------------------------------------
step: running generate_sc_driver
timestamp: 15 Jul 2026 04:24:30
cmd: 
generate_sc_driver status: success
------------------------------------------
hw completed
timestamp: 15 Jul 2026 04:24:30
------------------------------------------
V++ internal step: generating system estimate report file
timestamp: 15 Jul 2026 04:24:30
output: /home/ae_reviewer/TempGNN/build/baselines/matg_hw/_x/reports/link/system_estimate_matg_kernel.hw.xtxt
V++ internal step status: success
------------------------------------------
system estimate report task completed
timestamp: 15 Jul 2026 04:24:30
