=== WK/TGN fanout=20 depth=2 ===
kernel_name=tempgnn_forward_kernel
compute_units=21
kernel_time_ms=1.401944
kernel_time_p50_ms=1.4246675
kernel_time_p95_ms=1.44737785
measurement_window_ms=14.020902
iterations=10
warmup_iterations=1
num_targets=1000
input_cache_key=14427679589715769914
warmup_kernel_checksum=18235632551471508463
warmup_embedding_checksum=1910098746010426968
expected_kernel_checksum=18235632551471508463
expected_embedding_checksum=1910098746010426968
kernel_checksum=18235632551471508463
embedding_checksum=1910098746010426968
repeat_consistency=PASS
golden_validation=PASS
validation=PASS
stat[0]=1000
stat[1]=36407
stat[2]=24953
stat[3]=1459
stat[4]=36407
stat[5]=2814
stat[6]=871
stat[7]=256776
stat[8]=1197744
stat[9]=11454
stat[10]=0
stat[11]=18235632551471508463
stat[12]=1
stat[13]=1
stat[14]=16
stat[15]=0
=== WK/APAN fanout=10 depth=1 ===
kernel_name=tempgnn_forward_kernel
compute_units=21
kernel_time_ms=0.9291782
kernel_time_p50_ms=0.931591
kernel_time_p95_ms=0.93304905
measurement_window_ms=9.292523
iterations=10
warmup_iterations=1
num_targets=1000
input_cache_key=3329135400231862398
warmup_kernel_checksum=517075209865942039
warmup_embedding_checksum=18274192830519104938
expected_kernel_checksum=517075209865942039
expected_embedding_checksum=18274192830519104938
kernel_checksum=517075209865942039
embedding_checksum=18274192830519104938
repeat_consistency=PASS
golden_validation=PASS
validation=PASS
stat[0]=1000
stat[1]=19507
stat[2]=13759
stat[3]=1417
stat[4]=19507
stat[5]=1991
stat[6]=858
stat[7]=142404
stat[8]=660432
stat[9]=5748
stat[10]=0
stat[11]=517075209865942039
stat[12]=1
stat[13]=1
stat[14]=16
stat[15]=0
=== MC/JODIE fanout=0 depth=1 ===
kernel_name=tempgnn_forward_kernel
compute_units=21
kernel_time_ms=0.566268
kernel_time_p50_ms=0.565841
kernel_time_p95_ms=0.57111715
measurement_window_ms=5.663384
iterations=10
warmup_iterations=1
num_targets=1000
input_cache_key=16000637667921361029
warmup_kernel_checksum=18445335777330235397
warmup_embedding_checksum=1892424489593372120
expected_kernel_checksum=18445335777330235397
expected_embedding_checksum=1892424489593372120
kernel_checksum=18445335777330235397
embedding_checksum=1892424489593372120
repeat_consistency=PASS
golden_validation=PASS
validation=PASS
stat[0]=1000
stat[1]=2938
stat[2]=2541
stat[3]=1156
stat[4]=2938
stat[5]=2000
stat[6]=312
stat[7]=29352
stat[8]=121968
stat[9]=397
stat[10]=0
stat[11]=18445335777330235397
stat[12]=1
stat[13]=1
stat[14]=16
stat[15]=0
=== RT/TGAT fanout=20 depth=2 ===
kernel_name=tempgnn_forward_kernel
compute_units=21
kernel_time_ms=1.4853252
kernel_time_p50_ms=1.4796735
kernel_time_p95_ms=1.53225975
measurement_window_ms=14.854322
iterations=10
warmup_iterations=1
num_targets=1000
input_cache_key=17515558290468463285
warmup_kernel_checksum=365911026806335023
warmup_embedding_checksum=10879212457949860667
expected_kernel_checksum=365911026806335023
expected_embedding_checksum=10879212457949860667
kernel_checksum=365911026806335023
embedding_checksum=10879212457949860667
repeat_consistency=PASS
golden_validation=PASS
validation=PASS
stat[0]=1000
stat[1]=47842
stat[2]=38936
stat[3]=1228
stat[4]=47842
stat[5]=2958
stat[6]=865
stat[7]=399360
stat[8]=1868928
stat[9]=8906
stat[10]=5
stat[11]=365911026806335023
stat[12]=1
stat[13]=1
stat[14]=16
stat[15]=0
DELIVERED_XCLBIN_SHA256=05cd2982c744b5a40f3ef547373fe6dada31c5bdb4db2247a04651eea0f8aee2
SOURCE_COMMIT=4529ee1711ebf8b687c1afc882b66c32352be737
SWITCH_TEST_RC=0
