kernel_name=tempgnn_forward_kernel
compute_units=21
kernel_time_ms=1.41253444
kernel_time_p50_ms=1.424431
kernel_time_p95_ms=1.4386634
measurement_window_ms=141.274649
iterations=100
warmup_iterations=1
num_targets=1000
input_cache_key=14427679589715769914
warmup_kernel_checksum=18235632551471508463
warmup_embedding_checksum=1910098746010426968
expected_kernel_checksum=18235632551471508463
expected_embedding_checksum=1910098746010426968
kernel_checksum=18235632551471508463
embedding_checksum=1910098746010426968
repeat_consistency=PASS
golden_validation=PASS
validation=PASS
stat[0]=1000
stat[1]=36407
stat[2]=24953
stat[3]=1459
stat[4]=36407
stat[5]=2814
stat[6]=871
stat[7]=256776
stat[8]=1197744
stat[9]=11454
stat[10]=0
stat[11]=18235632551471508463
stat[12]=1
stat[13]=1
stat[14]=16
stat[15]=0
DELIVERED_XCLBIN_SHA256=05cd2982c744b5a40f3ef547373fe6dada31c5bdb4db2247a04651eea0f8aee2
SOURCE_COMMIT=4529ee1711ebf8b687c1afc882b66c32352be737
HOST_RC=0
