Copyright 1986-2022 Xilinx, Inc. All Rights Reserved. Copyright 2022-2023 Advanced Micro Devices, Inc. All Rights Reserved.
-------------------------------------------------------------------------------------------------------------------------------------------------------------------------------------------
| Tool Version : Vivado v.2023.2 (lin64) Build 4029153 Fri Oct 13 20:13:54 MDT 2023
| Date         : Wed Jul 15 07:08:04 2026
| Host         : u280-ae-host running 64-bit Ubuntu 22.04.5 LTS
| Command      : report_accelerator_utilization -kernels { vitegnn_kernel:level0_i/ulp/vitegnn_kernel_1/inst:vitegnn_kernel_1} -file kernel_util_routed.rpt -name kernel_util_routed -json
| Design       : level0_wrapper
| Device       : xcu280
| Design State : Routed
-------------------------------------------------------------------------------------------------------------------------------------------------------------------------------------------

Accelerator Utilization Design Information

Table of Contents
-----------------
1. System Utilization

1. System Utilization
---------------------

+---------------------+-------------------+------------------+-------------------+----------------+---------------+----------------+
| Name                | LUT               | LUTAsMem         | REG               | BRAM           | URAM          | DSP            |
+---------------------+-------------------+------------------+-------------------+----------------+---------------+----------------+
| Platform            |  130904 [ 10.04%] |  10937 [  1.82%] |  180444 [  6.92%] |  197 [  9.77%] |   0 [  0.00%] |    4 [  0.04%] |
| User Budget         | 1172776 [100.00%] | 590023 [100.00%] | 2426916 [100.00%] | 1819 [100.00%] | 960 [100.00%] | 9020 [100.00%] |
|    Used Resources   |   31598 [  2.69%] |   2674 [  0.45%] |   32306 [  1.33%] |   21 [  1.15%] |   0 [  0.00%] |   80 [  0.89%] |
|    Unused Resources | 1141178 [ 97.31%] | 587349 [ 99.55%] | 2394610 [ 98.67%] | 1798 [ 98.85%] | 960 [100.00%] | 8940 [ 99.11%] |
| vitegnn_kernel      |   31598 [  2.69%] |   2674 [  0.45%] |   32306 [  1.33%] |   21 [  1.15%] |   0 [  0.00%] |   80 [  0.89%] |
|    vitegnn_kernel_1 |   31598 [  2.69%] |   2674 [  0.45%] |   32306 [  1.33%] |   21 [  1.15%] |   0 [  0.00%] |   80 [  0.89%] |
+---------------------+-------------------+------------------+-------------------+----------------+---------------+----------------+


