INFO: [v++ 60-1548] Creating build summary session with primary output /home/ae_reviewer/TempGNN/build/baselines/vitegnn_timingfix_v4_hw/hls_component/hls_component.hlscompile_summary, at Wed Jul 15 04:51:56 2026
INFO: [v++ 74-78] Compiler Version string: 2023.2
INFO: [v++ 82-31] Launching vitis_hls: vitis_hls -nolog -run csynth -work_dir /home/ae_reviewer/TempGNN/build/baselines/vitegnn_timingfix_v4_hw/hls_component -config /home/ae_reviewer/TempGNN/hardware/baselines/vitis/vitegnn_kernel_hls.cfg -cmdlineconfig /home/ae_reviewer/TempGNN/build/baselines/vitegnn_timingfix_v4_hw/hls_component/hls/config.cmdline

****** Vitis HLS - High-Level Synthesis from C, C++ and OpenCL v2023.2 (64-bit)
  **** SW Build 4023990 on Oct 11 2023
  **** IP Build 4028589 on Sat Oct 14 00:45:43 MDT 2023
  **** SharedData Build 4025554 on Tue Oct 10 17:18:54 MDT 2023
    ** Copyright 1986-2022 Xilinx, Inc. All Rights Reserved.
    ** Copyright 2022-2023 Advanced Micro Devices, Inc. All Rights Reserved.

source /tools/Xilinx/Vitis_HLS/2023.2/scripts/vitis_hls/hls.tcl -notrace
INFO: [HLS 200-10] Running '/tools/Xilinx/Vitis_HLS/2023.2/bin/unwrapped/lnx64.o/vitis_hls'
INFO: [HLS 200-10] For user 'ae_reviewer' on host 'u280-ae-host' (Linux_x86_64 version 5.15.0-122-generic) on Wed Jul 15 04:52:02 HKT 2026
INFO: [HLS 200-10] On os Ubuntu 22.04.5 LTS
INFO: [HLS 200-10] In directory '/home/ae_reviewer/TempGNN/hardware/baselines/vitis'
INFO: [HLS 200-1909] Reading HLS ini file /home/ae_reviewer/TempGNN/hardware/baselines/vitis/vitegnn_kernel_hls.cfg
WARNING: [HLS 200-2059] The 'syn.output.format' name is deprecated, use 'package.output.format' instead /home/ae_reviewer/TempGNN/hardware/baselines/vitis/vitegnn_kernel_hls.cfg(6)
INFO: [HLS 200-1909] Reading HLS ini file /home/ae_reviewer/TempGNN/build/baselines/vitegnn_timingfix_v4_hw/hls_component/hls/config.cmdline
INFO: [HLS 200-2005] Using work_dir /home/ae_reviewer/TempGNN/build/baselines/vitegnn_timingfix_v4_hw/hls_component 
INFO: [HLS 200-2006] Changing directory to /home/ae_reviewer/TempGNN/build/baselines/vitegnn_timingfix_v4_hw
INFO: [HLS 200-1510] Running: open_project /home/ae_reviewer/TempGNN/build/baselines/vitegnn_timingfix_v4_hw/hls_component -diskless 
INFO: [HLS 200-1510] Running: open_solution hls 
INFO: [HLS 200-1505] Using default flow_target 'vivado'
Resolution: For help on HLS 200-1505 see docs.xilinx.com/access/sources/dita/topic?Doc_Version=2023.2%20English&url=ug1448-hls-guidance&resourceid=200-1505.html
INFO: [HLS 200-1510] Running: apply_ini /home/ae_reviewer/TempGNN/hardware/baselines/vitis/vitegnn_kernel_hls.cfg 
INFO: [HLS 200-1909] Reading HLS ini file /home/ae_reviewer/TempGNN/hardware/baselines/vitis/vitegnn_kernel_hls.cfg
WARNING: [HLS 200-2059] The 'syn.output.format' name is deprecated, use 'package.output.format' instead /home/ae_reviewer/TempGNN/hardware/baselines/vitis/vitegnn_kernel_hls.cfg(6)
INFO: [HLS 200-1465] Applying ini 'syn.file=../src/vitegnn_kernel.cpp' at /home/ae_reviewer/TempGNN/hardware/baselines/vitis/vitegnn_kernel_hls.cfg(3)
INFO: [HLS 200-10] Adding design file '/home/ae_reviewer/TempGNN/hardware/baselines/src/vitegnn_kernel.cpp' to the project
INFO: [HLS 200-1465] Applying ini 'syn.cflags=-I../include' at /home/ae_reviewer/TempGNN/hardware/baselines/vitis/vitegnn_kernel_hls.cfg(5)
INFO: [HLS 200-1465] Applying ini 'syn.top=vitegnn_kernel' at /home/ae_reviewer/TempGNN/hardware/baselines/vitis/vitegnn_kernel_hls.cfg(4)
INFO: [HLS 200-1465] Applying ini 'flow_target=vitis' at /home/ae_reviewer/TempGNN/hardware/baselines/vitis/vitegnn_kernel_hls.cfg(2)
INFO: [HLS 200-1505] Using flow_target 'vitis'
Resolution: For help on HLS 200-1505 see docs.xilinx.com/access/sources/dita/topic?Doc_Version=2023.2%20English&url=ug1448-hls-guidance&resourceid=200-1505.html
INFO: [HLS 200-435] Setting 'open_solution -flow_target vitis' configuration: config_interface -m_axi_latency=64
INFO: [HLS 200-435] Setting 'open_solution -flow_target vitis' configuration: config_interface -m_axi_alignment_byte_size=64
INFO: [HLS 200-435] Setting 'open_solution -flow_target vitis' configuration: config_interface -m_axi_max_widen_bitwidth=512
INFO: [HLS 200-435] Setting 'open_solution -flow_target vitis' configuration: config_rtl -register_reset_num=3
INFO: [HLS 200-1465] Applying ini 'package.output.format=xo' at /home/ae_reviewer/TempGNN/hardware/baselines/vitis/vitegnn_kernel_hls.cfg(6)
INFO: [HLS 200-1510] Running: apply_ini /home/ae_reviewer/TempGNN/build/baselines/vitegnn_timingfix_v4_hw/hls_component/hls/config.cmdline 
INFO: [HLS 200-1909] Reading HLS ini file /home/ae_reviewer/TempGNN/build/baselines/vitegnn_timingfix_v4_hw/hls_component/hls/config.cmdline
INFO: [HLS 200-1465] Applying ini 'part=xcu280-fsvh2892-2L-e' at /home/ae_reviewer/TempGNN/build/baselines/vitegnn_timingfix_v4_hw/hls_component/hls/config.cmdline(2)
INFO: [HLS 200-1611] Setting target device to 'xcu280-fsvh2892-2L-e'
INFO: [HLS 200-1465] Applying ini 'clock=225000000Hz' at /home/ae_reviewer/TempGNN/build/baselines/vitegnn_timingfix_v4_hw/hls_component/hls/config.cmdline(7)
INFO: [SYN 201-201] Setting up clock 'default' with a period of 4.444ns.
INFO: [HLS 200-1510] Running: csynth_design 
INFO: [HLS 200-111] Finished File checks and directory preparation: CPU user time: 0.1 seconds. CPU system time: 0.02 seconds. Elapsed time: 0.12 seconds; current allocated memory: 265.867 MB.
INFO: [HLS 200-10] Analyzing design file '/home/ae_reviewer/TempGNN/hardware/baselines/src/vitegnn_kernel.cpp' ... 
INFO: [HLS 200-111] Finished Source Code Analysis and Preprocessing: CPU user time: 0.56 seconds. CPU system time: 0.35 seconds. Elapsed time: 0.92 seconds; current allocated memory: 268.723 MB.
INFO: [HLS 200-777] Using interface defaults for 'Vitis' flow target.
INFO: [HLS 200-1995] There were 717 instructions in the design after the 'Compile/Link' phase of compilation. See the Design Size Report for more details: /home/ae_reviewer/TempGNN/build/baselines/vitegnn_timingfix_v4_hw/hls_component/hls/syn/report/csynth_design_size.rpt
INFO: [HLS 200-1995] There were 2,152 instructions in the design after the 'Unroll/Inline (step 1)' phase of compilation. See the Design Size Report for more details: /home/ae_reviewer/TempGNN/build/baselines/vitegnn_timingfix_v4_hw/hls_component/hls/syn/report/csynth_design_size.rpt
INFO: [HLS 200-1995] There were 1,639 instructions in the design after the 'Unroll/Inline (step 2)' phase of compilation. See the Design Size Report for more details: /home/ae_reviewer/TempGNN/build/baselines/vitegnn_timingfix_v4_hw/hls_component/hls/syn/report/csynth_design_size.rpt
INFO: [HLS 200-1995] There were 1,646 instructions in the design after the 'Unroll/Inline (step 3)' phase of compilation. See the Design Size Report for more details: /home/ae_reviewer/TempGNN/build/baselines/vitegnn_timingfix_v4_hw/hls_component/hls/syn/report/csynth_design_size.rpt
INFO: [HLS 200-1995] There were 1,646 instructions in the design after the 'Unroll/Inline (step 4)' phase of compilation. See the Design Size Report for more details: /home/ae_reviewer/TempGNN/build/baselines/vitegnn_timingfix_v4_hw/hls_component/hls/syn/report/csynth_design_size.rpt
INFO: [HLS 200-1995] There were 1,643 instructions in the design after the 'Array/Struct (step 1)' phase of compilation. See the Design Size Report for more details: /home/ae_reviewer/TempGNN/build/baselines/vitegnn_timingfix_v4_hw/hls_component/hls/syn/report/csynth_design_size.rpt
INFO: [HLS 200-1995] There were 1,533 instructions in the design after the 'Array/Struct (step 2)' phase of compilation. See the Design Size Report for more details: /home/ae_reviewer/TempGNN/build/baselines/vitegnn_timingfix_v4_hw/hls_component/hls/syn/report/csynth_design_size.rpt
INFO: [HLS 200-1995] There were 1,533 instructions in the design after the 'Array/Struct (step 3)' phase of compilation. See the Design Size Report for more details: /home/ae_reviewer/TempGNN/build/baselines/vitegnn_timingfix_v4_hw/hls_component/hls/syn/report/csynth_design_size.rpt
INFO: [HLS 200-1995] There were 1,531 instructions in the design after the 'Array/Struct (step 4)' phase of compilation. See the Design Size Report for more details: /home/ae_reviewer/TempGNN/build/baselines/vitegnn_timingfix_v4_hw/hls_component/hls/syn/report/csynth_design_size.rpt
INFO: [HLS 200-1995] There were 1,577 instructions in the design after the 'Array/Struct (step 5)' phase of compilation. See the Design Size Report for more details: /home/ae_reviewer/TempGNN/build/baselines/vitegnn_timingfix_v4_hw/hls_component/hls/syn/report/csynth_design_size.rpt
INFO: [HLS 200-1995] There were 1,542 instructions in the design after the 'Performance (step 1)' phase of compilation. See the Design Size Report for more details: /home/ae_reviewer/TempGNN/build/baselines/vitegnn_timingfix_v4_hw/hls_component/hls/syn/report/csynth_design_size.rpt
INFO: [HLS 200-1995] There were 1,542 instructions in the design after the 'Performance (step 2)' phase of compilation. See the Design Size Report for more details: /home/ae_reviewer/TempGNN/build/baselines/vitegnn_timingfix_v4_hw/hls_component/hls/syn/report/csynth_design_size.rpt
INFO: [HLS 200-1995] There were 1,542 instructions in the design after the 'Performance (step 3)' phase of compilation. See the Design Size Report for more details: /home/ae_reviewer/TempGNN/build/baselines/vitegnn_timingfix_v4_hw/hls_component/hls/syn/report/csynth_design_size.rpt
INFO: [HLS 200-1995] There were 1,542 instructions in the design after the 'Performance (step 4)' phase of compilation. See the Design Size Report for more details: /home/ae_reviewer/TempGNN/build/baselines/vitegnn_timingfix_v4_hw/hls_component/hls/syn/report/csynth_design_size.rpt
INFO: [HLS 200-1995] There were 1,719 instructions in the design after the 'HW Transforms (step 1)' phase of compilation. See the Design Size Report for more details: /home/ae_reviewer/TempGNN/build/baselines/vitegnn_timingfix_v4_hw/hls_component/hls/syn/report/csynth_design_size.rpt
INFO: [HLS 200-1995] There were 1,724 instructions in the design after the 'HW Transforms (step 2)' phase of compilation. See the Design Size Report for more details: /home/ae_reviewer/TempGNN/build/baselines/vitegnn_timingfix_v4_hw/hls_component/hls/syn/report/csynth_design_size.rpt
INFO: [HLS 214-131] Inlining function 'baseline_hard_tanh_q10(int)' into 'vite_model_update(unsigned int, short, short, short, short, short, short, short)' (/home/ae_reviewer/TempGNN/hardware/baselines/src/vitegnn_kernel.cpp:39:16)
INFO: [HLS 214-131] Inlining function 'baseline_clamp_i16(int)' into 'vite_model_update(unsigned int, short, short, short, short, short, short, short)' (/home/ae_reviewer/TempGNN/hardware/baselines/src/vitegnn_kernel.cpp:58:12)
INFO: [HLS 214-131] Inlining function 'baseline_hard_tanh_q10(int)' into 'vite_model_update(unsigned int, short, short, short, short, short, short, short)' (/home/ae_reviewer/TempGNN/hardware/baselines/src/vitegnn_kernel.cpp:54:25)
INFO: [HLS 214-131] Inlining function 'baseline_hard_sigmoid_q10(int)' into 'vite_model_update(unsigned int, short, short, short, short, short, short, short)' (/home/ae_reviewer/TempGNN/hardware/baselines/src/vitegnn_kernel.cpp:51:22)
INFO: [HLS 214-131] Inlining function 'baseline_hard_sigmoid_q10(int)' into 'vite_model_update(unsigned int, short, short, short, short, short, short, short)' (/home/ae_reviewer/TempGNN/hardware/baselines/src/vitegnn_kernel.cpp:50:21)
INFO: [HLS 214-131] Inlining function 'baseline_hard_tanh_q10(int)' into 'vite_model_update(unsigned int, short, short, short, short, short, short, short)' (/home/ae_reviewer/TempGNN/hardware/baselines/src/vitegnn_kernel.cpp:47:16)
INFO: [HLS 214-131] Inlining function 'baseline_hard_tanh_q10(int)' into 'vite_model_update(unsigned int, short, short, short, short, short, short, short)' (/home/ae_reviewer/TempGNN/hardware/baselines/src/vitegnn_kernel.cpp:43:16)
INFO: [HLS 214-131] Inlining function 'baseline_min_u32(unsigned int, unsigned int)' into 'vitegnn_kernel' (/home/ae_reviewer/TempGNN/hardware/baselines/src/vitegnn_kernel.cpp:110:28)
INFO: [HLS 214-131] Inlining function 'baseline_mix_checksum(unsigned long, int, unsigned int)' into 'vitegnn_kernel' (/home/ae_reviewer/TempGNN/hardware/baselines/src/vitegnn_kernel.cpp:251:24)
INFO: [HLS 214-131] Inlining function 'vite_model_update(unsigned int, short, short, short, short, short, short, short)' into 'vitegnn_kernel' (/home/ae_reviewer/TempGNN/hardware/baselines/src/vitegnn_kernel.cpp:241:30)
INFO: [HLS 214-131] Inlining function 'baseline_clamp_i16(int)' into 'vitegnn_kernel' (/home/ae_reviewer/TempGNN/hardware/baselines/src/vitegnn_kernel.cpp:240:35)
INFO: [HLS 214-131] Inlining function 'baseline_clamp_i16(int)' into 'vitegnn_kernel' (/home/ae_reviewer/TempGNN/hardware/baselines/src/vitegnn_kernel.cpp:239:38)
INFO: [HLS 214-131] Inlining function 'baseline_min_u32(unsigned int, unsigned int)' into 'vitegnn_kernel' (/home/ae_reviewer/TempGNN/hardware/baselines/src/vitegnn_kernel.cpp:223:67)
INFO: [HLS 214-131] Inlining function 'vite_contains_peer(ViteNeighbor const*, unsigned int, unsigned int)' into 'vitegnn_kernel' (/home/ae_reviewer/TempGNN/hardware/baselines/src/vitegnn_kernel.cpp:192:17)
INFO: [HLS 214-131] Inlining function 'baseline_min_u32(unsigned int, unsigned int)' into 'vitegnn_kernel' (/home/ae_reviewer/TempGNN/hardware/baselines/src/vitegnn_kernel.cpp:162:33)
INFO: [HLS 214-131] Inlining function 'baseline_mix_checksum(unsigned long, int, unsigned int)' into 'vitegnn_kernel' (/home/ae_reviewer/TempGNN/hardware/baselines/src/vitegnn_kernel.cpp:146:28)
WARNING: [HLS 214-386] A depth specification is required for MAXI interface port 'event_src' for cosimulation. (/home/ae_reviewer/TempGNN/hardware/baselines/src/vitegnn_kernel.cpp:61:0)
WARNING: [HLS 214-386] A depth specification is required for MAXI interface port 'event_dst' for cosimulation. (/home/ae_reviewer/TempGNN/hardware/baselines/src/vitegnn_kernel.cpp:61:0)
WARNING: [HLS 214-386] A depth specification is required for MAXI interface port 'event_ts' for cosimulation. (/home/ae_reviewer/TempGNN/hardware/baselines/src/vitegnn_kernel.cpp:61:0)
WARNING: [HLS 214-386] A depth specification is required for MAXI interface port 'vertex_offsets' for cosimulation. (/home/ae_reviewer/TempGNN/hardware/baselines/src/vitegnn_kernel.cpp:61:0)
WARNING: [HLS 214-386] A depth specification is required for MAXI interface port 'history_event_idx' for cosimulation. (/home/ae_reviewer/TempGNN/hardware/baselines/src/vitegnn_kernel.cpp:61:0)
WARNING: [HLS 214-386] A depth specification is required for MAXI interface port 'history_peer' for cosimulation. (/home/ae_reviewer/TempGNN/hardware/baselines/src/vitegnn_kernel.cpp:61:0)
WARNING: [HLS 214-386] A depth specification is required for MAXI interface port 'target_vertex' for cosimulation. (/home/ae_reviewer/TempGNN/hardware/baselines/src/vitegnn_kernel.cpp:61:0)
WARNING: [HLS 214-386] A depth specification is required for MAXI interface port 'target_event_idx' for cosimulation. (/home/ae_reviewer/TempGNN/hardware/baselines/src/vitegnn_kernel.cpp:61:0)
WARNING: [HLS 214-386] A depth specification is required for MAXI interface port 'initial_memory' for cosimulation. (/home/ae_reviewer/TempGNN/hardware/baselines/src/vitegnn_kernel.cpp:61:0)
WARNING: [HLS 214-386] A depth specification is required for MAXI interface port 'event_features' for cosimulation. (/home/ae_reviewer/TempGNN/hardware/baselines/src/vitegnn_kernel.cpp:61:0)
WARNING: [HLS 214-386] A depth specification is required for MAXI interface port 'weight_self' for cosimulation. (/home/ae_reviewer/TempGNN/hardware/baselines/src/vitegnn_kernel.cpp:61:0)
WARNING: [HLS 214-386] A depth specification is required for MAXI interface port 'weight_peer' for cosimulation. (/home/ae_reviewer/TempGNN/hardware/baselines/src/vitegnn_kernel.cpp:61:0)
WARNING: [HLS 214-386] A depth specification is required for MAXI interface port 'weight_event' for cosimulation. (/home/ae_reviewer/TempGNN/hardware/baselines/src/vitegnn_kernel.cpp:61:0)
WARNING: [HLS 214-386] A depth specification is required for MAXI interface port 'bias' for cosimulation. (/home/ae_reviewer/TempGNN/hardware/baselines/src/vitegnn_kernel.cpp:61:0)
WARNING: [HLS 214-386] A depth specification is required for MAXI interface port 'embedding_out' for cosimulation. (/home/ae_reviewer/TempGNN/hardware/baselines/src/vitegnn_kernel.cpp:61:0)
WARNING: [HLS 214-386] A depth specification is required for MAXI interface port 'stats_out' for cosimulation. (/home/ae_reviewer/TempGNN/hardware/baselines/src/vitegnn_kernel.cpp:61:0)
INFO: [HLS 214-291] Loop 'vite_attention_dims' is marked as complete unroll implied by the pipeline pragma (/home/ae_reviewer/TempGNN/hardware/baselines/src/vitegnn_kernel.cpp:225:13)
INFO: [HLS 214-186] Unrolling loop 'vite_duplicate_scan' (/home/ae_reviewer/TempGNN/hardware/baselines/src/vitegnn_kernel.cpp:13:5) in function 'vitegnn_kernel' completely with a factor of 4 (/home/ae_reviewer/TempGNN/hardware/baselines/src/vitegnn_kernel.cpp:61:0)
INFO: [HLS 214-186] Unrolling loop 'vite_clear_aggregate' (/home/ae_reviewer/TempGNN/hardware/baselines/src/vitegnn_kernel.cpp:209:9) in function 'vitegnn_kernel' completely with a factor of 8 (/home/ae_reviewer/TempGNN/hardware/baselines/src/vitegnn_kernel.cpp:61:0)
INFO: [HLS 214-186] Unrolling loop 'vite_attention_dims' (/home/ae_reviewer/TempGNN/hardware/baselines/src/vitegnn_kernel.cpp:225:13) in function 'vitegnn_kernel' completely with a factor of 8 (/home/ae_reviewer/TempGNN/hardware/baselines/src/vitegnn_kernel.cpp:61:0)
INFO: [HLS 214-186] Unrolling loop 'vite_compute_unit' (/home/ae_reviewer/TempGNN/hardware/baselines/src/vitegnn_kernel.cpp:236:9) in function 'vitegnn_kernel' completely with a factor of 8 (/home/ae_reviewer/TempGNN/hardware/baselines/src/vitegnn_kernel.cpp:61:0)
INFO: [HLS 214-186] Unrolling loop 'vite_cached_embedding' (/home/ae_reviewer/TempGNN/hardware/baselines/src/vitegnn_kernel.cpp:142:13) in function 'vitegnn_kernel' completely with a factor of 8 (/home/ae_reviewer/TempGNN/hardware/baselines/src/vitegnn_kernel.cpp:61:0)
INFO: [HLS 214-178] Inlining function 'baseline_clear_stats(unsigned long*)' into 'vitegnn_kernel' (/home/ae_reviewer/TempGNN/hardware/baselines/src/vitegnn_kernel.cpp:61:0)
INFO: [HLS 214-248] Applying array_partition to 'local_weight_self': Complete partitioning on dimension 1. (/home/ae_reviewer/TempGNN/hardware/baselines/src/vitegnn_kernel.cpp:111:13)
INFO: [HLS 214-248] Applying array_partition to 'local_weight_peer': Complete partitioning on dimension 1. (/home/ae_reviewer/TempGNN/hardware/baselines/src/vitegnn_kernel.cpp:112:13)
INFO: [HLS 214-248] Applying array_partition to 'local_weight_event': Complete partitioning on dimension 1. (/home/ae_reviewer/TempGNN/hardware/baselines/src/vitegnn_kernel.cpp:113:13)
INFO: [HLS 214-248] Applying array_partition to 'local_bias': Complete partitioning on dimension 1. (/home/ae_reviewer/TempGNN/hardware/baselines/src/vitegnn_kernel.cpp:114:13)
INFO: [HLS 214-248] Applying array_partition to 'compacted.event_idx': Complete partitioning on dimension 1. (/home/ae_reviewer/TempGNN/hardware/baselines/src/vitegnn_kernel.cpp:154:22)
INFO: [HLS 214-248] Applying array_partition to 'compacted.peer': Complete partitioning on dimension 1. (/home/ae_reviewer/TempGNN/hardware/baselines/src/vitegnn_kernel.cpp:154:22)
INFO: [HLS 214-376] automatically set the pipeline for Loop< vite_neighbor_update_unit> at /home/ae_reviewer/TempGNN/hardware/baselines/src/vitegnn_kernel.cpp:181:9 
INFO: [HLS 214-115] Multiple burst writes of length 2 and bit width 512 has been inferred on bundle 'gmem12'. These burst requests might be further partitioned into multiple requests during RTL generation, based on max_read_burst_length or max_write_burst_length settings. (/home/ae_reviewer/TempGNN/hardware/baselines/include/baseline_hls.hpp:118:5)
INFO: [HLS 214-115] Multiple burst reads of variable length and bit width 32 in loop 'vite_targets'(/home/ae_reviewer/TempGNN/hardware/baselines/src/vitegnn_kernel.cpp:129:5) has been inferred on bundle 'gmem6'. These burst requests might be further partitioned into multiple requests during RTL generation, based on max_read_burst_length or max_write_burst_length settings. (/home/ae_reviewer/TempGNN/hardware/baselines/src/vitegnn_kernel.cpp:129:5)
INFO: [HLS 214-115] Multiple burst reads of variable length and bit width 32 in loop 'vite_targets'(/home/ae_reviewer/TempGNN/hardware/baselines/src/vitegnn_kernel.cpp:129:5) has been inferred on bundle 'gmem7'. These burst requests might be further partitioned into multiple requests during RTL generation, based on max_read_burst_length or max_write_burst_length settings. (/home/ae_reviewer/TempGNN/hardware/baselines/src/vitegnn_kernel.cpp:129:5)
INFO: [HLS 214-115] Multiple burst reads of length 2 and bit width 32 has been inferred on bundle 'gmem3'. These burst requests might be further partitioned into multiple requests during RTL generation, based on max_read_burst_length or max_write_burst_length settings. (/home/ae_reviewer/TempGNN/hardware/baselines/src/vitegnn_kernel.cpp:152:26)
INFO: [HLS 200-111] Finished Compiling Optimization and Transform: CPU user time: 4.85 seconds. CPU system time: 0.43 seconds. Elapsed time: 9.19 seconds; current allocated memory: 272.621 MB.
INFO: [HLS 200-111] Finished Checking Pragmas: CPU user time: 0 seconds. CPU system time: 0 seconds. Elapsed time: 0 seconds; current allocated memory: 272.621 MB.
INFO: [HLS 200-10] Starting code transformations ...
INFO: [HLS 200-111] Finished Standard Transforms: CPU user time: 0.1 seconds. CPU system time: 0.01 seconds. Elapsed time: 0.11 seconds; current allocated memory: 276.750 MB.
INFO: [HLS 200-10] Checking synthesizability ...
INFO: [HLS 200-111] Finished Checking Synthesizability: CPU user time: 0.13 seconds. CPU system time: 0 seconds. Elapsed time: 0.13 seconds; current allocated memory: 277.031 MB.
INFO: [XFORM 203-401] Performing if-conversion on hyperblock from (/home/ae_reviewer/TempGNN/hardware/baselines/src/vitegnn_kernel.cpp:185:34) to (/home/ae_reviewer/TempGNN/hardware/baselines/src/vitegnn_kernel.cpp:181:9) in function 'vitegnn_kernel'... converting 11 basic blocks.
INFO: [XFORM 203-401] Performing if-conversion on hyperblock from (/home/ae_reviewer/TempGNN/hardware/baselines/src/vitegnn_kernel.cpp:233:41) to (/home/ae_reviewer/TempGNN/hardware/baselines/src/vitegnn_kernel.cpp:254:13) in function 'vitegnn_kernel'... converting 10 basic blocks.
INFO: [XFORM 203-11] Balancing expressions in function 'vitegnn_kernel' (/home/ae_reviewer/TempGNN/hardware/baselines/src/vitegnn_kernel.cpp:61)...56 expression(s) balanced.
INFO: [HLS 200-111] Finished Loop, function and other optimizations: CPU user time: 0.77 seconds. CPU system time: 0.01 seconds. Elapsed time: 0.78 seconds; current allocated memory: 309.090 MB.
INFO: [HLS 200-111] Finished Architecture Synthesis: CPU user time: 0.75 seconds. CPU system time: 0.03 seconds. Elapsed time: 0.77 seconds; current allocated memory: 361.664 MB.
INFO: [HLS 200-10] Starting hardware synthesis ...
INFO: [HLS 200-10] Synthesizing 'vitegnn_kernel' ...
INFO: [HLS 200-10] ----------------------------------------------------------------
INFO: [HLS 200-42] -- Implementing module 'vitegnn_kernel_Pipeline_baseline_clear_stats_loop' 
INFO: [HLS 200-10] ----------------------------------------------------------------
INFO: [SCHED 204-11] Starting scheduling ...
INFO: [SCHED 204-61] Pipelining loop 'baseline_clear_stats_loop'.
INFO: [HLS 200-1470] Pipelining result : Target II = 1, Final II = 1, Depth = 2, loop 'baseline_clear_stats_loop'
INFO: [SCHED 204-11] Finished scheduling.
INFO: [HLS 200-111] Finished Scheduling: CPU user time: 0.13 seconds. CPU system time: 0.02 seconds. Elapsed time: 0.15 seconds; current allocated memory: 362.609 MB.
INFO: [BIND 205-100] Starting micro-architecture generation ...
INFO: [BIND 205-101] Performing variable lifetime analysis.
INFO: [BIND 205-101] Exploring resource sharing.
INFO: [BIND 205-101] Binding ...
INFO: [BIND 205-100] Finished micro-architecture generation.
INFO: [HLS 200-111] Finished Binding: CPU user time: 0.03 seconds. CPU system time: 0 seconds. Elapsed time: 0.03 seconds; current allocated memory: 362.609 MB.
INFO: [HLS 200-10] ----------------------------------------------------------------
INFO: [HLS 200-42] -- Implementing module 'vitegnn_kernel_Pipeline_vite_load_weights' 
INFO: [HLS 200-10] ----------------------------------------------------------------
INFO: [SCHED 204-11] Starting scheduling ...
INFO: [SCHED 204-61] Pipelining loop 'vite_load_weights'.
INFO: [HLS 200-1470] Pipelining result : Target II = 1, Final II = 1, Depth = 2, loop 'vite_load_weights'
INFO: [SCHED 204-11] Finished scheduling.
INFO: [HLS 200-111] Finished Scheduling: CPU user time: 0.1 seconds. CPU system time: 0 seconds. Elapsed time: 0.1 seconds; current allocated memory: 364.039 MB.
INFO: [BIND 205-100] Starting micro-architecture generation ...
INFO: [BIND 205-101] Performing variable lifetime analysis.
INFO: [BIND 205-101] Exploring resource sharing.
INFO: [BIND 205-101] Binding ...
INFO: [BIND 205-100] Finished micro-architecture generation.
INFO: [HLS 200-111] Finished Binding: CPU user time: 0.03 seconds. CPU system time: 0.01 seconds. Elapsed time: 0.04 seconds; current allocated memory: 364.039 MB.
INFO: [HLS 200-10] ----------------------------------------------------------------
INFO: [HLS 200-42] -- Implementing module 'vitegnn_kernel_Pipeline_vite_load_recent' 
INFO: [HLS 200-10] ----------------------------------------------------------------
INFO: [SCHED 204-11] Starting scheduling ...
INFO: [SCHED 204-61] Pipelining loop 'vite_load_recent'.
INFO: [HLS 200-1470] Pipelining result : Target II = 1, Final II = 1, Depth = 74, loop 'vite_load_recent'
INFO: [SCHED 204-11] Finished scheduling.
INFO: [HLS 200-111] Finished Scheduling: CPU user time: 0.1 seconds. CPU system time: 0 seconds. Elapsed time: 0.1 seconds; current allocated memory: 364.113 MB.
INFO: [BIND 205-100] Starting micro-architecture generation ...
INFO: [BIND 205-101] Performing variable lifetime analysis.
INFO: [BIND 205-101] Exploring resource sharing.
INFO: [BIND 205-101] Binding ...
INFO: [BIND 205-100] Finished micro-architecture generation.
INFO: [HLS 200-111] Finished Binding: CPU user time: 0.06 seconds. CPU system time: 0 seconds. Elapsed time: 0.06 seconds; current allocated memory: 364.113 MB.
INFO: [HLS 200-10] ----------------------------------------------------------------
INFO: [HLS 200-42] -- Implementing module 'vitegnn_kernel_Pipeline_vite_neighbor_update_unit' 
INFO: [HLS 200-10] ----------------------------------------------------------------
INFO: [SCHED 204-11] Starting scheduling ...
INFO: [SCHED 204-61] Pipelining loop 'vite_neighbor_update_unit'.
WARNING: [HLS 200-880] The II Violation in module 'vitegnn_kernel_Pipeline_vite_neighbor_update_unit' (loop 'vite_neighbor_update_unit'): Unable to enforce a carried dependence constraint (II = 1, distance = 1, offset = 1) between 'load' operation 32 bit ('event_idx', /home/ae_reviewer/TempGNN/hardware/baselines/src/vitegnn_kernel.cpp:185) on array 'recent_event_idx' and 'icmp' operation 1 bit ('icmp_ln182', /home/ae_reviewer/TempGNN/hardware/baselines/src/vitegnn_kernel.cpp:182).
Resolution: For help on HLS 200-880 see docs.xilinx.com/access/sources/dita/topic?Doc_Version=2023.2%20English&url=ug1448-hls-guidance&resourceid=200-880.html
INFO: [HLS 200-1470] Pipelining result : Target II = NA, Final II = 2, Depth = 3, loop 'vite_neighbor_update_unit'
INFO: [SCHED 204-11] Finished scheduling.
INFO: [HLS 200-111] Finished Scheduling: CPU user time: 0.17 seconds. CPU system time: 0.01 seconds. Elapsed time: 0.18 seconds; current allocated memory: 366.730 MB.
INFO: [BIND 205-100] Starting micro-architecture generation ...
INFO: [BIND 205-101] Performing variable lifetime analysis.
INFO: [BIND 205-101] Exploring resource sharing.
INFO: [BIND 205-101] Binding ...
INFO: [BIND 205-100] Finished micro-architecture generation.
INFO: [HLS 200-111] Finished Binding: CPU user time: 0.04 seconds. CPU system time: 0 seconds. Elapsed time: 0.04 seconds; current allocated memory: 366.730 MB.
INFO: [HLS 200-10] ----------------------------------------------------------------
INFO: [HLS 200-42] -- Implementing module 'vitegnn_kernel_Pipeline_vite_attention_aggregate' 
INFO: [HLS 200-10] ----------------------------------------------------------------
INFO: [SCHED 204-11] Starting scheduling ...
INFO: [HLS 200-486] Changing DSP latency (root=add_ln229_7) to 3 in order to utilize available DSP registers.
INFO: [HLS 200-486] Changing DSP latency (root=add_ln227_7) to 3 in order to utilize available DSP registers.
INFO: [HLS 200-486] Changing DSP latency (root=add_ln229_6) to 3 in order to utilize available DSP registers.
INFO: [HLS 200-486] Changing DSP latency (root=add_ln227_6) to 3 in order to utilize available DSP registers.
INFO: [HLS 200-486] Changing DSP latency (root=add_ln229_5) to 3 in order to utilize available DSP registers.
INFO: [HLS 200-486] Changing DSP latency (root=add_ln227_5) to 3 in order to utilize available DSP registers.
INFO: [HLS 200-486] Changing DSP latency (root=add_ln229_4) to 3 in order to utilize available DSP registers.
INFO: [HLS 200-486] Changing DSP latency (root=add_ln227_4) to 3 in order to utilize available DSP registers.
INFO: [HLS 200-486] Changing DSP latency (root=add_ln229_3) to 3 in order to utilize available DSP registers.
INFO: [HLS 200-486] Changing DSP latency (root=add_ln227_3) to 3 in order to utilize available DSP registers.
INFO: [HLS 200-486] Changing DSP latency (root=add_ln229_2) to 3 in order to utilize available DSP registers.
INFO: [HLS 200-486] Changing DSP latency (root=add_ln227_2) to 3 in order to utilize available DSP registers.
INFO: [HLS 200-486] Changing DSP latency (root=add_ln229_1) to 3 in order to utilize available DSP registers.
INFO: [HLS 200-486] Changing DSP latency (root=add_ln227_1) to 3 in order to utilize available DSP registers.
INFO: [HLS 200-486] Changing DSP latency (root=add_ln229) to 3 in order to utilize available DSP registers.
INFO: [HLS 200-486] Changing DSP latency (root=add_ln227) to 3 in order to utilize available DSP registers.
INFO: [SCHED 204-61] Pipelining loop 'vite_attention_aggregate'.
WARNING: [HLS 200-885] The II Violation in module 'vitegnn_kernel_Pipeline_vite_attention_aggregate' (loop 'vite_attention_aggregate'): Unable to schedule bus request operation ('gmem2_load_1_req', /home/ae_reviewer/TempGNN/hardware/baselines/src/vitegnn_kernel.cpp:222) on port 'gmem2' (/home/ae_reviewer/TempGNN/hardware/baselines/src/vitegnn_kernel.cpp:222) due to limited memory ports (II = 1). Please consider using a memory core with more ports or partitioning the array.
Resolution: For help on HLS 200-885 see docs.xilinx.com/access/sources/dita/topic?Doc_Version=2023.2%20English&url=ug1448-hls-guidance&resourceid=200-885.html
INFO: [SCHED 204-61] Discarding stage scheduling solution.
INFO: [HLS 200-1470] Pipelining result : Target II = 1, Final II = 2, Depth = 80, loop 'vite_attention_aggregate'
INFO: [SCHED 204-11] Finished scheduling.
INFO: [HLS 200-111] Finished Scheduling: CPU user time: 0.21 seconds. CPU system time: 0.01 seconds. Elapsed time: 0.22 seconds; current allocated memory: 368.695 MB.
INFO: [BIND 205-100] Starting micro-architecture generation ...
INFO: [BIND 205-101] Performing variable lifetime analysis.
INFO: [BIND 205-101] Exploring resource sharing.
INFO: [BIND 205-101] Binding ...
INFO: [BIND 205-100] Finished micro-architecture generation.
INFO: [HLS 200-111] Finished Binding: CPU user time: 0.11 seconds. CPU system time: 0 seconds. Elapsed time: 0.11 seconds; current allocated memory: 368.695 MB.
INFO: [HLS 200-10] ----------------------------------------------------------------
INFO: [HLS 200-42] -- Implementing module 'vitegnn_kernel' 
INFO: [HLS 200-10] ----------------------------------------------------------------
INFO: [SCHED 204-11] Starting scheduling ...
INFO: [HLS 200-486] Changing DSP latency (root=add_ln55_7) to 3 in order to utilize available DSP registers.
INFO: [HLS 200-486] Changing DSP latency (root=add_ln55_6) to 3 in order to utilize available DSP registers.
INFO: [HLS 200-486] Changing DSP latency (root=add_ln55_5) to 3 in order to utilize available DSP registers.
INFO: [HLS 200-486] Changing DSP latency (root=add_ln55_4) to 3 in order to utilize available DSP registers.
INFO: [HLS 200-486] Changing DSP latency (root=add_ln55_3) to 3 in order to utilize available DSP registers.
INFO: [HLS 200-486] Changing DSP latency (root=add_ln55_2) to 3 in order to utilize available DSP registers.
INFO: [HLS 200-486] Changing DSP latency (root=add_ln55_1) to 3 in order to utilize available DSP registers.
INFO: [HLS 200-486] Changing DSP latency (root=add_ln55) to 3 in order to utilize available DSP registers.
INFO: [HLS 200-486] Changing DSP latency (root=add_ln33_15) to 3 in order to utilize available DSP registers.
INFO: [HLS 200-486] Changing DSP latency (root=add_ln33_14) to 3 in order to utilize available DSP registers.
INFO: [HLS 200-486] Changing DSP latency (root=add_ln33_13) to 3 in order to utilize available DSP registers.
INFO: [HLS 200-486] Changing DSP latency (root=add_ln33_12) to 3 in order to utilize available DSP registers.
INFO: [HLS 200-486] Changing DSP latency (root=add_ln33_11) to 3 in order to utilize available DSP registers.
INFO: [HLS 200-486] Changing DSP latency (root=add_ln33_10) to 3 in order to utilize available DSP registers.
INFO: [HLS 200-486] Changing DSP latency (root=add_ln33_9) to 3 in order to utilize available DSP registers.
INFO: [HLS 200-486] Changing DSP latency (root=add_ln33_8) to 3 in order to utilize available DSP registers.
INFO: [HLS 200-486] Changing DSP latency (root=add_ln33_7) to 3 in order to utilize available DSP registers.
INFO: [HLS 200-486] Changing DSP latency (root=add_ln33_6) to 3 in order to utilize available DSP registers.
INFO: [HLS 200-486] Changing DSP latency (root=add_ln33_5) to 3 in order to utilize available DSP registers.
INFO: [HLS 200-486] Changing DSP latency (root=add_ln33_4) to 3 in order to utilize available DSP registers.
INFO: [HLS 200-486] Changing DSP latency (root=add_ln33_3) to 3 in order to utilize available DSP registers.
INFO: [HLS 200-486] Changing DSP latency (root=add_ln33_2) to 3 in order to utilize available DSP registers.
INFO: [HLS 200-486] Changing DSP latency (root=add_ln33_1) to 3 in order to utilize available DSP registers.
INFO: [HLS 200-486] Changing DSP latency (root=add_ln33) to 3 in order to utilize available DSP registers.
INFO: [SCHED 204-11] Finished scheduling.
INFO: [HLS 200-111] Finished Scheduling: CPU user time: 2.07 seconds. CPU system time: 0.02 seconds. Elapsed time: 2.09 seconds; current allocated memory: 394.332 MB.
INFO: [BIND 205-100] Starting micro-architecture generation ...
INFO: [BIND 205-101] Performing variable lifetime analysis.
INFO: [BIND 205-101] Exploring resource sharing.
INFO: [BIND 205-101] Binding ...
INFO: [BIND 205-100] Finished micro-architecture generation.
INFO: [HLS 200-111] Finished Binding: CPU user time: 1.7 seconds. CPU system time: 0.03 seconds. Elapsed time: 1.72 seconds; current allocated memory: 397.188 MB.
INFO: [HLS 200-10] ----------------------------------------------------------------
INFO: [HLS 200-10] -- Generating RTL for module 'vitegnn_kernel_Pipeline_baseline_clear_stats_loop' 
INFO: [HLS 200-10] ----------------------------------------------------------------
INFO: [HLS 200-1030] Apply Unified Pipeline Control on module 'vitegnn_kernel_Pipeline_baseline_clear_stats_loop' pipeline 'baseline_clear_stats_loop' pipeline type 'loop pipeline'
WARNING: [RTGEN 206-101] Setting dangling out port 'vitegnn_kernel_Pipeline_baseline_clear_stats_loop/m_axi_gmem12_AWVALID' to 0.
WARNING: [RTGEN 206-101] Setting dangling out port 'vitegnn_kernel_Pipeline_baseline_clear_stats_loop/m_axi_gmem12_AWADDR' to 0.
WARNING: [RTGEN 206-101] Setting dangling out port 'vitegnn_kernel_Pipeline_baseline_clear_stats_loop/m_axi_gmem12_AWID' to 0.
WARNING: [RTGEN 206-101] Setting dangling out port 'vitegnn_kernel_Pipeline_baseline_clear_stats_loop/m_axi_gmem12_AWLEN' to 0.
WARNING: [RTGEN 206-101] Setting dangling out port 'vitegnn_kernel_Pipeline_baseline_clear_stats_loop/m_axi_gmem12_AWSIZE' to 0.
WARNING: [RTGEN 206-101] Setting dangling out port 'vitegnn_kernel_Pipeline_baseline_clear_stats_loop/m_axi_gmem12_AWBURST' to 0.
WARNING: [RTGEN 206-101] Setting dangling out port 'vitegnn_kernel_Pipeline_baseline_clear_stats_loop/m_axi_gmem12_AWLOCK' to 0.
WARNING: [RTGEN 206-101] Setting dangling out port 'vitegnn_kernel_Pipeline_baseline_clear_stats_loop/m_axi_gmem12_AWCACHE' to 0.
WARNING: [RTGEN 206-101] Setting dangling out port 'vitegnn_kernel_Pipeline_baseline_clear_stats_loop/m_axi_gmem12_AWPROT' to 0.
WARNING: [RTGEN 206-101] Setting dangling out port 'vitegnn_kernel_Pipeline_baseline_clear_stats_loop/m_axi_gmem12_AWQOS' to 0.
WARNING: [RTGEN 206-101] Setting dangling out port 'vitegnn_kernel_Pipeline_baseline_clear_stats_loop/m_axi_gmem12_AWREGION' to 0.
WARNING: [RTGEN 206-101] Setting dangling out port 'vitegnn_kernel_Pipeline_baseline_clear_stats_loop/m_axi_gmem12_AWUSER' to 0.
WARNING: [RTGEN 206-101] Setting dangling out port 'vitegnn_kernel_Pipeline_baseline_clear_stats_loop/m_axi_gmem12_BREADY' to 0.
INFO: [RTGEN 206-100] Finished creating RTL model for 'vitegnn_kernel_Pipeline_baseline_clear_stats_loop'.
INFO: [HLS 200-111] Finished Creating RTL model: CPU user time: 0.74 seconds. CPU system time: 0.01 seconds. Elapsed time: 0.75 seconds; current allocated memory: 398.484 MB.
INFO: [HLS 200-10] ----------------------------------------------------------------
INFO: [HLS 200-10] -- Generating RTL for module 'vitegnn_kernel_Pipeline_vite_load_weights' 
INFO: [HLS 200-10] ----------------------------------------------------------------
INFO: [HLS 200-1030] Apply Unified Pipeline Control on module 'vitegnn_kernel_Pipeline_vite_load_weights' pipeline 'vite_load_weights' pipeline type 'loop pipeline'
INFO: [RTGEN 206-100] Finished creating RTL model for 'vitegnn_kernel_Pipeline_vite_load_weights'.
INFO: [HLS 200-111] Finished Creating RTL model: CPU user time: 0.09 seconds. CPU system time: 0 seconds. Elapsed time: 0.08 seconds; current allocated memory: 399.414 MB.
INFO: [HLS 200-10] ----------------------------------------------------------------
INFO: [HLS 200-10] -- Generating RTL for module 'vitegnn_kernel_Pipeline_vite_load_recent' 
INFO: [HLS 200-10] ----------------------------------------------------------------
INFO: [HLS 200-1030] Apply Unified Pipeline Control on module 'vitegnn_kernel_Pipeline_vite_load_recent' pipeline 'vite_load_recent' pipeline type 'loop pipeline'
INFO: [RTGEN 206-100] Finished creating RTL model for 'vitegnn_kernel_Pipeline_vite_load_recent'.
INFO: [HLS 200-111] Finished Creating RTL model: CPU user time: 0.13 seconds. CPU system time: 0.01 seconds. Elapsed time: 0.15 seconds; current allocated memory: 403.738 MB.
INFO: [HLS 200-10] ----------------------------------------------------------------
INFO: [HLS 200-10] -- Generating RTL for module 'vitegnn_kernel_Pipeline_vite_neighbor_update_unit' 
INFO: [HLS 200-10] ----------------------------------------------------------------
INFO: [HLS 200-1030] Apply Unified Pipeline Control on module 'vitegnn_kernel_Pipeline_vite_neighbor_update_unit' pipeline 'vite_neighbor_update_unit' pipeline type 'loop pipeline'
INFO: [RTGEN 206-100] Finished creating RTL model for 'vitegnn_kernel_Pipeline_vite_neighbor_update_unit'.
INFO: [HLS 200-111] Finished Creating RTL model: CPU user time: 0.15 seconds. CPU system time: 0.01 seconds. Elapsed time: 0.16 seconds; current allocated memory: 406.195 MB.
INFO: [HLS 200-10] ----------------------------------------------------------------
INFO: [HLS 200-10] -- Generating RTL for module 'vitegnn_kernel_Pipeline_vite_attention_aggregate' 
INFO: [HLS 200-10] ----------------------------------------------------------------
INFO: [HLS 200-1030] Apply Unified Pipeline Control on module 'vitegnn_kernel_Pipeline_vite_attention_aggregate' pipeline 'vite_attention_aggregate' pipeline type 'loop pipeline'
INFO: [RTGEN 206-100] Generating core module 'mac_muladd_9ns_16s_32s_32_4_1': 16 instance(s).
INFO: [RTGEN 206-100] Generating core module 'sparsemux_9_2_29_1_1': 1 instance(s).
INFO: [RTGEN 206-100] Generating core module 'sparsemux_9_2_32_1_1': 1 instance(s).
INFO: [RTGEN 206-100] Finished creating RTL model for 'vitegnn_kernel_Pipeline_vite_attention_aggregate'.
INFO: [HLS 200-111] Finished Creating RTL model: CPU user time: 0.28 seconds. CPU system time: 0.03 seconds. Elapsed time: 0.32 seconds; current allocated memory: 413.531 MB.
INFO: [HLS 200-10] ----------------------------------------------------------------
INFO: [HLS 200-10] -- Generating RTL for module 'vitegnn_kernel' 
INFO: [HLS 200-10] ----------------------------------------------------------------
WARNING: [RTGEN 206-101] Design contains AXI ports. Reset is fixed to synchronous and active low.
INFO: [RTGEN 206-500] Setting interface mode on port 'vitegnn_kernel/gmem0' to 'm_axi'.
INFO: [RTGEN 206-500] Setting interface mode on port 'vitegnn_kernel/gmem1' to 'm_axi'.
INFO: [RTGEN 206-500] Setting interface mode on port 'vitegnn_kernel/gmem2' to 'm_axi'.
INFO: [RTGEN 206-500] Setting interface mode on port 'vitegnn_kernel/gmem3' to 'm_axi'.
INFO: [RTGEN 206-500] Setting interface mode on port 'vitegnn_kernel/gmem4' to 'm_axi'.
INFO: [RTGEN 206-500] Setting interface mode on port 'vitegnn_kernel/gmem5' to 'm_axi'.
INFO: [RTGEN 206-500] Setting interface mode on port 'vitegnn_kernel/gmem6' to 'm_axi'.
INFO: [RTGEN 206-500] Setting interface mode on port 'vitegnn_kernel/gmem7' to 'm_axi'.
INFO: [RTGEN 206-500] Setting interface mode on port 'vitegnn_kernel/gmem8' to 'm_axi'.
INFO: [RTGEN 206-500] Setting interface mode on port 'vitegnn_kernel/gmem9' to 'm_axi'.
INFO: [RTGEN 206-500] Setting interface mode on port 'vitegnn_kernel/gmem10' to 'm_axi'.
INFO: [RTGEN 206-500] Setting interface mode on port 'vitegnn_kernel/gmem11' to 'm_axi'.
INFO: [RTGEN 206-500] Setting interface mode on port 'vitegnn_kernel/gmem12' to 'm_axi'.
INFO: [RTGEN 206-500] Setting interface mode on port 'vitegnn_kernel/event_src' to 's_axilite & ap_none'.
INFO: [RTGEN 206-500] Setting interface mode on port 'vitegnn_kernel/event_dst' to 's_axilite & ap_none'.
INFO: [RTGEN 206-500] Setting interface mode on port 'vitegnn_kernel/event_ts' to 's_axilite & ap_none'.
INFO: [RTGEN 206-500] Setting interface mode on port 'vitegnn_kernel/num_events' to 's_axilite & ap_none'.
INFO: [RTGEN 206-500] Setting interface mode on port 'vitegnn_kernel/vertex_offsets' to 's_axilite & ap_none'.
INFO: [RTGEN 206-500] Setting interface mode on port 'vitegnn_kernel/history_event_idx' to 's_axilite & ap_none'.
INFO: [RTGEN 206-500] Setting interface mode on port 'vitegnn_kernel/history_peer' to 's_axilite & ap_none'.
INFO: [RTGEN 206-500] Setting interface mode on port 'vitegnn_kernel/num_vertices' to 's_axilite & ap_none'.
INFO: [RTGEN 206-500] Setting interface mode on port 'vitegnn_kernel/target_vertex' to 's_axilite & ap_none'.
INFO: [RTGEN 206-500] Setting interface mode on port 'vitegnn_kernel/target_event_idx' to 's_axilite & ap_none'.
INFO: [RTGEN 206-500] Setting interface mode on port 'vitegnn_kernel/num_targets' to 's_axilite & ap_none'.
INFO: [RTGEN 206-500] Setting interface mode on port 'vitegnn_kernel/fanout' to 's_axilite & ap_none'.
INFO: [RTGEN 206-500] Setting interface mode on port 'vitegnn_kernel/depth' to 's_axilite & ap_none'.
INFO: [RTGEN 206-500] Setting interface mode on port 'vitegnn_kernel/model_id' to 's_axilite & ap_none'.
INFO: [RTGEN 206-500] Setting interface mode on port 'vitegnn_kernel/inference_mode' to 's_axilite & ap_none'.
INFO: [RTGEN 206-500] Setting interface mode on port 'vitegnn_kernel/reproduction_flags' to 's_axilite & ap_none'.
INFO: [RTGEN 206-500] Setting interface mode on port 'vitegnn_kernel/initial_memory' to 's_axilite & ap_none'.
INFO: [RTGEN 206-500] Setting interface mode on port 'vitegnn_kernel/event_features' to 's_axilite & ap_none'.
INFO: [RTGEN 206-500] Setting interface mode on port 'vitegnn_kernel/weight_self' to 's_axilite & ap_none'.
INFO: [RTGEN 206-500] Setting interface mode on port 'vitegnn_kernel/weight_peer' to 's_axilite & ap_none'.
INFO: [RTGEN 206-500] Setting interface mode on port 'vitegnn_kernel/weight_event' to 's_axilite & ap_none'.
INFO: [RTGEN 206-500] Setting interface mode on port 'vitegnn_kernel/bias' to 's_axilite & ap_none'.
INFO: [RTGEN 206-500] Setting interface mode on port 'vitegnn_kernel/embedding_out' to 's_axilite & ap_none'.
INFO: [RTGEN 206-500] Setting interface mode on port 'vitegnn_kernel/stats_out' to 's_axilite & ap_none'.
INFO: [RTGEN 206-500] Setting interface mode on function 'vitegnn_kernel' to 's_axilite & ap_ctrl_chain'.
INFO: [RTGEN 206-100] Bundling port 'event_src', 'event_dst', 'event_ts', 'num_events', 'vertex_offsets', 'history_event_idx', 'history_peer', 'num_vertices', 'target_vertex', 'target_event_idx', 'num_targets', 'fanout', 'depth', 'model_id', 'inference_mode', 'reproduction_flags', 'initial_memory', 'event_features', 'weight_self', 'weight_peer', 'weight_event', 'bias', 'embedding_out', 'stats_out' and 'return' to AXI-Lite port control.
INFO: [RTGEN 206-100] Generating core module 'mac_muladd_11ns_12s_27s_27_4_1': 8 instance(s).
INFO: [RTGEN 206-100] Generating core module 'mac_muladd_16s_16s_32ns_32_4_1': 8 instance(s).
INFO: [RTGEN 206-100] Generating core module 'mac_muladd_16s_16s_32s_32_4_1': 8 instance(s).
INFO: [RTGEN 206-100] Generating core module 'mul_11ns_16s_27_1_1': 16 instance(s).
INFO: [RTGEN 206-100] Generating core module 'mul_16s_16s_32_1_1': 8 instance(s).
INFO: [RTGEN 206-100] Generating core module 'mul_24s_26ns_50_1_1': 8 instance(s).
INFO: [RTGEN 206-100] Generating core module 'sdiv_32s_32s_16_36_seq_1': 16 instance(s).
INFO: [RTGEN 206-100] Generating core module 'urem_32ns_3ns_2_36_seq_1': 1 instance(s).
INFO: [RTGEN 206-100] Finished creating RTL model for 'vitegnn_kernel'.
INFO: [RTMG 210-278] Implementing memory 'vitegnn_kernel_recent_event_idx_RAM_1P_BRAM_1R1W' using block RAMs.
INFO: [HLS 200-111] Finished Creating RTL model: CPU user time: 1.19 seconds. CPU system time: 0.09 seconds. Elapsed time: 1.28 seconds; current allocated memory: 447.422 MB.
INFO: [HLS 200-111] Finished Generating all RTL models: CPU user time: 2.54 seconds. CPU system time: 0.14 seconds. Elapsed time: 2.67 seconds; current allocated memory: 511.492 MB.
INFO: [HLS 200-1603] Design has inferred MAXI bursts and missed bursts, see Vitis HLS GUI synthesis summary report for detailed information.
INFO: [HLS 200-111] Finished Updating report files: CPU user time: 10.62 seconds. CPU system time: 0.04 seconds. Elapsed time: 10.67 seconds; current allocated memory: 537.691 MB.
INFO: [VHDL 208-304] Generating VHDL RTL for vitegnn_kernel.
INFO: [VLOG 209-307] Generating Verilog RTL for vitegnn_kernel.
INFO: [HLS 200-790] **** Loop Constraint Status: All loop constraints were NOT satisfied.
INFO: [HLS 200-789] **** Estimated Fmax: 308.25 MHz
INFO: [HLS 200-111] Finished Command csynth_design CPU user time: 27.81 seconds. CPU system time: 1.28 seconds. Elapsed time: 33.03 seconds; current allocated memory: 271.824 MB.
INFO: [HLS 200-1510] Running: export_design -flow none -format xo 
INFO: [IMPL 213-8] Exporting RTL as a Vivado IP.

****** Vivado v2023.2 (64-bit)
  **** SW Build 4029153 on Fri Oct 13 20:13:54 MDT 2023
  **** IP Build 4028589 on Sat Oct 14 00:45:43 MDT 2023
  **** SharedData Build 4025554 on Tue Oct 10 17:18:54 MDT 2023
    ** Copyright 1986-2022 Xilinx, Inc. All Rights Reserved.
    ** Copyright 2022-2023 Advanced Micro Devices, Inc. All Rights Reserved.

source run_ippack.tcl -notrace
ipx::create_core: Time (s): cpu = 00:00:09 ; elapsed = 00:00:09 . Memory (MB): peak = 1372.527 ; gain = 42.805 ; free physical = 4472 ; free virtual = 53470
INFO: [IP_Flow 19-234] Refreshing IP repositories
INFO: [IP_Flow 19-1704] No user IP repositories specified
INFO: [IP_Flow 19-2313] Loaded Vivado IP repository '/tools/Xilinx/Vivado/2023.2/data/ip'.
Running package_xo -xo_path /home/ae_reviewer/TempGNN/build/baselines/vitegnn_timingfix_v4_hw/hls_component/vitegnn_kernel.xo -kernel_name vitegnn_kernel -kernel_xml /home/ae_reviewer/TempGNN/build/baselines/vitegnn_timingfix_v4_hw/hls_component/hls/impl/ip/../kernel/kernel.xml -kernel_files /home/ae_reviewer/TempGNN/hardware/baselines/src/vitegnn_kernel.cpp -ip_directory /home/ae_reviewer/TempGNN/build/baselines/vitegnn_timingfix_v4_hw/hls_component/hls/impl/ip/ip_unzip_dir -design_xml /home/ae_reviewer/TempGNN/build/baselines/vitegnn_timingfix_v4_hw/hls_component/hls/.autopilot/db/vitegnn_kernel.design.xml -debug_directory /home/ae_reviewer/TempGNN/build/baselines/vitegnn_timingfix_v4_hw/hls_component/hls/.debug -hls_directory /home/ae_reviewer/TempGNN/build/baselines/vitegnn_timingfix_v4_hw/hls_component/hls/impl/ip/hls_files -kernel_json /home/ae_reviewer/TempGNN/build/baselines/vitegnn_timingfix_v4_hw/hls_component/hls/hls_data.json
INFO: [Common 17-206] Exiting Vivado at Wed Jul 15 04:53:26 2026...
INFO: [HLS 200-802] Generated output file hls_component/vitegnn_kernel.xo
INFO: [HLS 200-111] Finished Command export_design CPU user time: 49.71 seconds. CPU system time: 1.04 seconds. Elapsed time: 59.46 seconds; current allocated memory: 13.219 MB.
INFO: [HLS 200-1510] Running: close_project 
INFO: [HLS 200-112] Total CPU user time: 80.11 seconds. Total CPU system time: 2.7 seconds. Total elapsed time: 95.22 seconds; peak allocated memory: 550.910 MB.
INFO: [Common 17-206] Exiting vitis_hls at Wed Jul 15 04:53:36 2026...
INFO: [v++ 60-791] Total elapsed time: 0h 1m 42s
