Copyright 1986-2022 Xilinx, Inc. All Rights Reserved. Copyright 2022-2023 Advanced Micro Devices, Inc. All Rights Reserved.
----------------------------------------------------------------------------------------------------------------------------------------------------------------------------------
| Tool Version : Vivado v.2023.2 (lin64) Build 4029153 Fri Oct 13 20:13:54 MDT 2023
| Date         : Wed Jul 15 09:46:57 2026
| Host         : u280-ae-host running 64-bit Ubuntu 22.04.5 LTS
| Command      : report_accelerator_utilization -kernels { rtga_kernel:level0_i/ulp/rtga_kernel_1/inst:rtga_kernel_1} -file kernel_util_routed.rpt -name kernel_util_routed -json
| Design       : level0_wrapper
| Device       : xcu280
| Design State : Routed
----------------------------------------------------------------------------------------------------------------------------------------------------------------------------------

Accelerator Utilization Design Information

Table of Contents
-----------------
1. System Utilization

1. System Utilization
---------------------

+---------------------+-------------------+------------------+-------------------+----------------+---------------+----------------+
| Name                | LUT               | LUTAsMem         | REG               | BRAM           | URAM          | DSP            |
+---------------------+-------------------+------------------+-------------------+----------------+---------------+----------------+
| Platform            |  130862 [ 10.04%] |  10937 [  1.82%] |  180437 [  6.92%] |  197 [  9.77%] |   0 [  0.00%] |    4 [  0.04%] |
| User Budget         | 1172818 [100.00%] | 590023 [100.00%] | 2426923 [100.00%] | 1819 [100.00%] | 960 [100.00%] | 9020 [100.00%] |
|    Used Resources   |   48353 [  4.12%] |   4365 [  0.74%] |   44738 [  1.84%] |   26 [  1.43%] |   0 [  0.00%] |  136 [  1.51%] |
|    Unused Resources | 1124465 [ 95.88%] | 585658 [ 99.26%] | 2382185 [ 98.16%] | 1793 [ 98.57%] | 960 [100.00%] | 8884 [ 98.49%] |
| rtga_kernel         |   48353 [  4.12%] |   4365 [  0.74%] |   44738 [  1.84%] |   26 [  1.43%] |   0 [  0.00%] |  136 [  1.51%] |
|    rtga_kernel_1    |   48353 [  4.12%] |   4365 [  0.74%] |   44738 [  1.84%] |   26 [  1.43%] |   0 [  0.00%] |  136 [  1.51%] |
+---------------------+-------------------+------------------+-------------------+----------------+---------------+----------------+


