make: Entering directory '/home/ae_reviewer/TempGNN/hardware/baselines/vitis'
v++ -l -t hw --platform /opt/xilinx/platforms/xilinx_u280_gen3x16_xdma_1_202211_1/xilinx_u280_gen3x16_xdma_1_202211_1.xpfm \
	--temp_dir /home/ae_reviewer/TempGNN/build/baselines/rtga_timingfix_v3_hw/_x \
	--remote_ip_cache /home/ae_reviewer/TempGNN/build/baselines/rtga_timingfix_v3_hw/.ipcache \
	--freqhz 225000000:rtga_kernel_1 \
	--config /home/ae_reviewer/TempGNN/hardware/baselines/vitis/rtga_kernel_u280.cfg \
	/home/ae_reviewer/TempGNN/build/baselines/rtga_timingfix_v3_hw/rtga_kernel.hw.xo -o /home/ae_reviewer/TempGNN/build/baselines/rtga_timingfix_v3_hw/rtga_kernel.hw.xclbin
Option Map File Used: '/tools/Xilinx/Vitis/2023.2/data/vitis/vpp/optMap.xml'

****** v++ v2023.2 (64-bit)
  **** SW Build 4026344 on 2023-10-11-15:42:10
    ** Copyright 1986-2022 Xilinx, Inc. All Rights Reserved.
    ** Copyright 2022-2023 Advanced Micro Devices, Inc. All Rights Reserved.

INFO: [v++ 60-1306] Additional information associated with this v++ link can be found at:
	Reports: /home/ae_reviewer/TempGNN/build/baselines/rtga_timingfix_v3_hw/_x/reports/link
	Log files: /home/ae_reviewer/TempGNN/build/baselines/rtga_timingfix_v3_hw/_x/logs/link
Running Dispatch Server on port: 42955
INFO: [v++ 60-1548] Creating build summary session with primary output /home/ae_reviewer/TempGNN/build/baselines/rtga_timingfix_v3_hw/rtga_kernel.hw.xclbin.link_summary, at Wed Jul 15 07:25:56 2026
INFO: [v++ 60-1315] Creating rulecheck session with output '/home/ae_reviewer/TempGNN/build/baselines/rtga_timingfix_v3_hw/_x/reports/link/v++_link_rtga_kernel.hw_guidance.html', at Wed Jul 15 07:25:56 2026
INFO: [v++ 60-895]   Target platform: /opt/xilinx/platforms/xilinx_u280_gen3x16_xdma_1_202211_1/xilinx_u280_gen3x16_xdma_1_202211_1.xpfm
INFO: [v++ 60-1578]   This platform contains Xilinx Shell Archive '/opt/xilinx/platforms/xilinx_u280_gen3x16_xdma_1_202211_1/hw/hw.xsa'
INFO: [v++ 74-78] Compiler Version string: 2023.2
INFO: [v++ 60-629] Linking for hardware target
INFO: [v++ 60-423]   Target device: xilinx_u280_gen3x16_xdma_1_202211_1
INFO: [v++ 60-1332] Run 'run_link' status: Not started
INFO: [v++ 60-1443] [07:26:02] Run run_link: Step system_link: Started
INFO: [v++ 60-1453] Command Line: system_link --xo /home/ae_reviewer/TempGNN/build/baselines/rtga_timingfix_v3_hw/rtga_kernel.hw.xo --config /home/ae_reviewer/TempGNN/build/baselines/rtga_timingfix_v3_hw/_x/link/int/syslinkConfig.ini --xpfm /opt/xilinx/platforms/xilinx_u280_gen3x16_xdma_1_202211_1/xilinx_u280_gen3x16_xdma_1_202211_1.xpfm --target hw --output_dir /home/ae_reviewer/TempGNN/build/baselines/rtga_timingfix_v3_hw/_x/link/int --temp_dir /home/ae_reviewer/TempGNN/build/baselines/rtga_timingfix_v3_hw/_x/link/sys_link
INFO: [v++ 60-1454] Run Directory: /home/ae_reviewer/TempGNN/build/baselines/rtga_timingfix_v3_hw/_x/link/run_link
INFO: [SYSTEM_LINK 82-70] Extracting xo v3 file /home/ae_reviewer/TempGNN/build/baselines/rtga_timingfix_v3_hw/rtga_kernel.hw.xo
INFO: [SYSTEM_LINK 82-53] Creating IP database /home/ae_reviewer/TempGNN/build/baselines/rtga_timingfix_v3_hw/_x/link/sys_link/_sysl/.cdb/xd_ip_db.xml
INFO: [SYSTEM_LINK 82-38] [07:26:05] build_xd_ip_db started: /tools/Xilinx/Vitis/2023.2/bin/build_xd_ip_db -ip_search 0  -sds-pf /home/ae_reviewer/TempGNN/build/baselines/rtga_timingfix_v3_hw/_x/link/sys_link/hw.hpfm -clkid 0 -ip /home/ae_reviewer/TempGNN/build/baselines/rtga_timingfix_v3_hw/_x/link/sys_link/iprepo/xilinx_com_hls_rtga_kernel_1_0,rtga_kernel -o /home/ae_reviewer/TempGNN/build/baselines/rtga_timingfix_v3_hw/_x/link/sys_link/_sysl/.cdb/xd_ip_db.xml
INFO: [SYSTEM_LINK 82-37] [07:26:12] build_xd_ip_db finished successfully
Time (s): cpu = 00:00:07 ; elapsed = 00:00:08 . Memory (MB): peak = 455.812 ; gain = 0.000 ; free physical = 38820 ; free virtual = 54667
INFO: [SYSTEM_LINK 82-51] Create system connectivity graph
INFO: [SYSTEM_LINK 82-102] Applying explicit connections to the system connectivity graph: /home/ae_reviewer/TempGNN/build/baselines/rtga_timingfix_v3_hw/_x/link/sys_link/cfgraph/cfgen_cfgraph.xml
INFO: [SYSTEM_LINK 82-38] [07:26:12] cfgen started: /tools/Xilinx/Vitis/2023.2/bin/cfgen  -nk rtga_kernel:1:rtga_kernel_1 -sp rtga_kernel_1.event_src:HBM[0] -sp rtga_kernel_1.event_dst:HBM[1] -sp rtga_kernel_1.event_ts:HBM[2] -sp rtga_kernel_1.vertex_offsets:HBM[3] -sp rtga_kernel_1.history_event_idx:HBM[4] -sp rtga_kernel_1.history_peer:HBM[5] -sp rtga_kernel_1.target_vertex:HBM[6] -sp rtga_kernel_1.target_event_idx:HBM[7] -sp rtga_kernel_1.initial_memory:HBM[8] -sp rtga_kernel_1.event_features:HBM[9] -sp rtga_kernel_1.weight_self:HBM[10] -sp rtga_kernel_1.weight_peer:HBM[10] -sp rtga_kernel_1.weight_event:HBM[10] -sp rtga_kernel_1.bias:HBM[10] -sp rtga_kernel_1.embedding_out:HBM[11] -sp rtga_kernel_1.stats_out:HBM[12] -clock.freqHz 225000000:rtga_kernel_1 -dpa_mem_offload false -dmclkid 0 -r /home/ae_reviewer/TempGNN/build/baselines/rtga_timingfix_v3_hw/_x/link/sys_link/_sysl/.cdb/xd_ip_db.xml -o /home/ae_reviewer/TempGNN/build/baselines/rtga_timingfix_v3_hw/_x/link/sys_link/cfgraph/cfgen_cfgraph.xml
INFO: [CFGEN 83-0] Kernel Specs: 
INFO: [CFGEN 83-0]   kernel: rtga_kernel, num: 1  {rtga_kernel_1}
INFO: [CFGEN 83-0] Port Specs: 
INFO: [CFGEN 83-0]   kernel: rtga_kernel_1, k_port: event_src, sptag: HBM[0]
INFO: [CFGEN 83-0]   kernel: rtga_kernel_1, k_port: event_dst, sptag: HBM[1]
INFO: [CFGEN 83-0]   kernel: rtga_kernel_1, k_port: event_ts, sptag: HBM[2]
INFO: [CFGEN 83-0]   kernel: rtga_kernel_1, k_port: vertex_offsets, sptag: HBM[3]
INFO: [CFGEN 83-0]   kernel: rtga_kernel_1, k_port: history_event_idx, sptag: HBM[4]
INFO: [CFGEN 83-0]   kernel: rtga_kernel_1, k_port: history_peer, sptag: HBM[5]
INFO: [CFGEN 83-0]   kernel: rtga_kernel_1, k_port: target_vertex, sptag: HBM[6]
INFO: [CFGEN 83-0]   kernel: rtga_kernel_1, k_port: target_event_idx, sptag: HBM[7]
INFO: [CFGEN 83-0]   kernel: rtga_kernel_1, k_port: initial_memory, sptag: HBM[8]
INFO: [CFGEN 83-0]   kernel: rtga_kernel_1, k_port: event_features, sptag: HBM[9]
INFO: [CFGEN 83-0]   kernel: rtga_kernel_1, k_port: weight_self, sptag: HBM[10]
INFO: [CFGEN 83-0]   kernel: rtga_kernel_1, k_port: weight_peer, sptag: HBM[10]
INFO: [CFGEN 83-0]   kernel: rtga_kernel_1, k_port: weight_event, sptag: HBM[10]
INFO: [CFGEN 83-0]   kernel: rtga_kernel_1, k_port: bias, sptag: HBM[10]
INFO: [CFGEN 83-0]   kernel: rtga_kernel_1, k_port: embedding_out, sptag: HBM[11]
INFO: [CFGEN 83-0]   kernel: rtga_kernel_1, k_port: stats_out, sptag: HBM[12]
INFO: [SYSTEM_LINK 82-37] [07:26:24] cfgen finished successfully
Time (s): cpu = 00:00:12 ; elapsed = 00:00:12 . Memory (MB): peak = 455.812 ; gain = 0.000 ; free physical = 38806 ; free virtual = 54664
INFO: [SYSTEM_LINK 82-52] Create top-level block diagram
INFO: [SYSTEM_LINK 82-38] [07:26:24] cf2bd started: /tools/Xilinx/Vitis/2023.2/bin/cf2bd  --linux --trace_buffer 1024 --input_file /home/ae_reviewer/TempGNN/build/baselines/rtga_timingfix_v3_hw/_x/link/sys_link/cfgraph/cfgen_cfgraph.xml --ip_db /home/ae_reviewer/TempGNN/build/baselines/rtga_timingfix_v3_hw/_x/link/sys_link/_sysl/.cdb/xd_ip_db.xml --cf_name dr --working_dir /home/ae_reviewer/TempGNN/build/baselines/rtga_timingfix_v3_hw/_x/link/sys_link/_sysl/.xsd --temp_dir /home/ae_reviewer/TempGNN/build/baselines/rtga_timingfix_v3_hw/_x/link/sys_link --output_dir /home/ae_reviewer/TempGNN/build/baselines/rtga_timingfix_v3_hw/_x/link/int --target_bd ulp.bd
INFO: [CF2BD 82-31] Launching cf2xd: cf2xd -linux -trace-buffer 1024 -i /home/ae_reviewer/TempGNN/build/baselines/rtga_timingfix_v3_hw/_x/link/sys_link/cfgraph/cfgen_cfgraph.xml -r /home/ae_reviewer/TempGNN/build/baselines/rtga_timingfix_v3_hw/_x/link/sys_link/_sysl/.cdb/xd_ip_db.xml -o dr.xml
INFO: [CF2BD 82-28] cf2xd finished successfully
INFO: [CF2BD 82-31] Launching cf_xsd: cf_xsd -disable-address-gen -bd ulp.bd -dn dr -dp /home/ae_reviewer/TempGNN/build/baselines/rtga_timingfix_v3_hw/_x/link/sys_link/_sysl/.xsd
INFO: [CF2BD 82-28] cf_xsd finished successfully
INFO: [SYSTEM_LINK 82-37] [07:26:30] cf2bd finished successfully
Time (s): cpu = 00:00:05 ; elapsed = 00:00:06 . Memory (MB): peak = 455.812 ; gain = 0.000 ; free physical = 38752 ; free virtual = 54646
INFO: [v++ 60-1441] [07:26:30] Run run_link: Step system_link: Completed
Time (s): cpu = 00:00:28 ; elapsed = 00:00:28 . Memory (MB): peak = 486.785 ; gain = 0.000 ; free physical = 38873 ; free virtual = 54712
INFO: [v++ 60-1443] [07:26:30] Run run_link: Step cf2sw: Started
INFO: [v++ 60-1453] Command Line: cf2sw -sdsl /home/ae_reviewer/TempGNN/build/baselines/rtga_timingfix_v3_hw/_x/link/int/sdsl.dat -rtd /home/ae_reviewer/TempGNN/build/baselines/rtga_timingfix_v3_hw/_x/link/int/cf2sw.rtd -nofilter /home/ae_reviewer/TempGNN/build/baselines/rtga_timingfix_v3_hw/_x/link/int/cf2sw_full.rtd -xclbin /home/ae_reviewer/TempGNN/build/baselines/rtga_timingfix_v3_hw/_x/link/int/xclbin_orig.xml -o /home/ae_reviewer/TempGNN/build/baselines/rtga_timingfix_v3_hw/_x/link/int/xclbin_orig.1.xml
INFO: [v++ 60-1454] Run Directory: /home/ae_reviewer/TempGNN/build/baselines/rtga_timingfix_v3_hw/_x/link/run_link
INFO: [v++ 60-1441] [07:26:39] Run run_link: Step cf2sw: Completed
Time (s): cpu = 00:00:08 ; elapsed = 00:00:09 . Memory (MB): peak = 486.785 ; gain = 0.000 ; free physical = 38735 ; free virtual = 54714
INFO: [v++ 60-1443] [07:26:39] Run run_link: Step rtd2_system_diagram: Started
INFO: [v++ 60-1453] Command Line: rtd2SystemDiagram
INFO: [v++ 60-1454] Run Directory: /home/ae_reviewer/TempGNN/build/baselines/rtga_timingfix_v3_hw/_x/link/run_link
INFO: [v++ 60-1441] [07:26:39] Run run_link: Step rtd2_system_diagram: Completed
Time (s): cpu = 00:00:00 ; elapsed = 00:00:00.42 . Memory (MB): peak = 486.785 ; gain = 0.000 ; free physical = 38713 ; free virtual = 54695
INFO: [v++ 60-1443] [07:26:39] Run run_link: Step vpl: Started
INFO: [v++ 60-1453] Command Line: vpl -t hw -f /opt/xilinx/platforms/xilinx_u280_gen3x16_xdma_1_202211_1/xilinx_u280_gen3x16_xdma_1_202211_1.xpfm --remote_ip_cache /home/ae_reviewer/TempGNN/build/baselines/rtga_timingfix_v3_hw/.ipcache --output_dir /home/ae_reviewer/TempGNN/build/baselines/rtga_timingfix_v3_hw/_x/link/int --log_dir /home/ae_reviewer/TempGNN/build/baselines/rtga_timingfix_v3_hw/_x/logs/link --report_dir /home/ae_reviewer/TempGNN/build/baselines/rtga_timingfix_v3_hw/_x/reports/link --config /home/ae_reviewer/TempGNN/build/baselines/rtga_timingfix_v3_hw/_x/link/int/vplConfig.ini -k /home/ae_reviewer/TempGNN/build/baselines/rtga_timingfix_v3_hw/_x/link/int/kernel_info.dat --webtalk_flag Vitis --temp_dir /home/ae_reviewer/TempGNN/build/baselines/rtga_timingfix_v3_hw/_x/link --no-info --iprepo /home/ae_reviewer/TempGNN/build/baselines/rtga_timingfix_v3_hw/_x/link/int/xo/ip_repo/xilinx_com_hls_rtga_kernel_1_0 --messageDb /home/ae_reviewer/TempGNN/build/baselines/rtga_timingfix_v3_hw/_x/link/run_link/vpl.pb /home/ae_reviewer/TempGNN/build/baselines/rtga_timingfix_v3_hw/_x/link/int/dr.bd.tcl
INFO: [v++ 60-1454] Run Directory: /home/ae_reviewer/TempGNN/build/baselines/rtga_timingfix_v3_hw/_x/link/run_link

****** vpl v2023.2 (64-bit)
  **** SW Build 4026344 on 2023-10-11-15:42:10
    ** Copyright 1986-2022 Xilinx, Inc. All Rights Reserved.
    ** Copyright 2022-2023 Advanced Micro Devices, Inc. All Rights Reserved.

INFO: [VPL 60-839] Read in kernel information from file '/home/ae_reviewer/TempGNN/build/baselines/rtga_timingfix_v3_hw/_x/link/int/kernel_info.dat'.
INFO: [VPL 74-78] Compiler Version string: 2023.2
INFO: [VPL 60-423]   Target device: xilinx_u280_gen3x16_xdma_1_202211_1
INFO: [VPL 60-1032] Extracting hardware platform to /home/ae_reviewer/TempGNN/build/baselines/rtga_timingfix_v3_hw/_x/link/vivado/vpl/.local/hw_platform
[07:26:56] Run vpl: Step create_project: Started
Creating Vivado project.
[07:27:05] Run vpl: Step create_project: Completed
[07:27:05] Run vpl: Step create_bd: Started
[07:27:54] Run vpl: Step create_bd: Completed
[07:27:54] Run vpl: Step update_bd: Started
[07:27:54] Run vpl: Step update_bd: Completed
[07:27:54] Run vpl: Step generate_target: Started
[07:29:10] Run vpl: Step generate_target: RUNNING...
[07:30:25] Run vpl: Step generate_target: RUNNING...
[07:30:35] Run vpl: Step generate_target: Completed
[07:30:35] Run vpl: Step config_hw_runs: Started
[07:31:51] Run vpl: Step config_hw_runs: RUNNING...
[07:32:14] Run vpl: Step config_hw_runs: Completed
[07:32:14] Run vpl: Step synth: Started
[07:32:45] Block-level synthesis in progress, 0 of 172 jobs complete, 8 jobs running.
[07:33:16] Block-level synthesis in progress, 0 of 172 jobs complete, 8 jobs running.
[07:33:46] Block-level synthesis in progress, 0 of 172 jobs complete, 8 jobs running.
[07:34:16] Block-level synthesis in progress, 8 of 172 jobs complete, 4 jobs running.
[07:34:46] Block-level synthesis in progress, 9 of 172 jobs complete, 7 jobs running.
[07:35:16] Block-level synthesis in progress, 11 of 172 jobs complete, 7 jobs running.
[07:35:47] Block-level synthesis in progress, 13 of 172 jobs complete, 8 jobs running.
[07:36:17] Block-level synthesis in progress, 16 of 172 jobs complete, 6 jobs running.
[07:36:47] Block-level synthesis in progress, 19 of 172 jobs complete, 6 jobs running.
[07:37:17] Block-level synthesis in progress, 21 of 172 jobs complete, 7 jobs running.
[07:37:47] Block-level synthesis in progress, 24 of 172 jobs complete, 5 jobs running.
[07:38:18] Block-level synthesis in progress, 27 of 172 jobs complete, 5 jobs running.
[07:38:48] Block-level synthesis in progress, 28 of 172 jobs complete, 7 jobs running.
[07:39:18] Block-level synthesis in progress, 29 of 172 jobs complete, 7 jobs running.
[07:39:48] Block-level synthesis in progress, 35 of 172 jobs complete, 4 jobs running.
[07:40:19] Block-level synthesis in progress, 38 of 172 jobs complete, 5 jobs running.
[07:40:49] Block-level synthesis in progress, 39 of 172 jobs complete, 7 jobs running.
[07:41:19] Block-level synthesis in progress, 40 of 172 jobs complete, 7 jobs running.
[07:41:49] Block-level synthesis in progress, 44 of 172 jobs complete, 4 jobs running.
[07:42:20] Block-level synthesis in progress, 48 of 172 jobs complete, 5 jobs running.
[07:42:50] Block-level synthesis in progress, 50 of 172 jobs complete, 6 jobs running.
[07:43:20] Block-level synthesis in progress, 53 of 172 jobs complete, 6 jobs running.
[07:43:51] Block-level synthesis in progress, 56 of 172 jobs complete, 6 jobs running.
[07:44:21] Block-level synthesis in progress, 58 of 172 jobs complete, 6 jobs running.
[07:44:52] Block-level synthesis in progress, 60 of 172 jobs complete, 7 jobs running.
[07:45:22] Block-level synthesis in progress, 64 of 172 jobs complete, 6 jobs running.
[07:45:52] Block-level synthesis in progress, 71 of 172 jobs complete, 3 jobs running.
[07:46:23] Block-level synthesis in progress, 78 of 172 jobs complete, 4 jobs running.
[07:46:53] Block-level synthesis in progress, 80 of 172 jobs complete, 8 jobs running.
[07:47:24] Block-level synthesis in progress, 81 of 172 jobs complete, 8 jobs running.
[07:47:54] Block-level synthesis in progress, 86 of 172 jobs complete, 5 jobs running.
[07:48:24] Block-level synthesis in progress, 88 of 172 jobs complete, 8 jobs running.
[07:48:55] Block-level synthesis in progress, 90 of 172 jobs complete, 7 jobs running.
[07:49:25] Block-level synthesis in progress, 94 of 172 jobs complete, 7 jobs running.
[07:49:56] Block-level synthesis in progress, 98 of 172 jobs complete, 7 jobs running.
[07:50:26] Block-level synthesis in progress, 101 of 172 jobs complete, 6 jobs running.
[07:50:56] Block-level synthesis in progress, 104 of 172 jobs complete, 6 jobs running.
[07:51:27] Block-level synthesis in progress, 106 of 172 jobs complete, 6 jobs running.
[07:51:57] Block-level synthesis in progress, 114 of 172 jobs complete, 2 jobs running.
[07:52:28] Block-level synthesis in progress, 120 of 172 jobs complete, 3 jobs running.
[07:52:58] Block-level synthesis in progress, 125 of 172 jobs complete, 5 jobs running.
[07:53:29] Block-level synthesis in progress, 133 of 172 jobs complete, 4 jobs running.
[07:53:59] Block-level synthesis in progress, 141 of 172 jobs complete, 4 jobs running.
[07:54:30] Block-level synthesis in progress, 152 of 172 jobs complete, 2 jobs running.
[07:55:00] Block-level synthesis in progress, 157 of 172 jobs complete, 6 jobs running.
[07:55:31] Block-level synthesis in progress, 160 of 172 jobs complete, 8 jobs running.
[07:56:01] Block-level synthesis in progress, 164 of 172 jobs complete, 5 jobs running.
[07:56:32] Block-level synthesis in progress, 166 of 172 jobs complete, 6 jobs running.
[07:57:02] Block-level synthesis in progress, 168 of 172 jobs complete, 4 jobs running.
[07:57:33] Block-level synthesis in progress, 171 of 172 jobs complete, 1 job running.
[07:58:03] Top-level synthesis in progress.
[07:58:34] Top-level synthesis in progress.
[07:59:04] Top-level synthesis in progress.
[07:59:35] Top-level synthesis in progress.
[07:59:52] Run vpl: Step synth: Completed
[07:59:52] Run vpl: Step impl: Started
[08:13:07] Finished 2nd of 6 tasks (FPGA linking synthesized kernels to platform). Elapsed time: 00h 46m 25s 

[08:13:07] Starting logic optimization..
[08:13:07] Phase 1 Initialization
[08:13:07] Phase 1.1 Core Generation And Design Setup
[08:14:08] Phase 1.2 Setup Constraints And Sort Netlist
[08:14:08] Phase 2 Timer Update And Timing Data Collection
[08:14:08] Phase 2.1 Timer Update
[08:14:38] Phase 2.2 Timing Data Collection
[08:14:38] Phase 3 Retarget
[08:15:39] Phase 4 Constant propagation
[08:16:10] Phase 5 Sweep
[08:19:44] Phase 6 BUFG optimization
[08:19:44] Phase 7 Shift Register Optimization
[08:20:14] Phase 8 Post Processing Netlist
[08:20:45] Phase 9 Finalization
[08:20:45] Phase 9.1 Finalizing Design Cores and Updating Shapes
[08:20:45] Phase 9.2 Verifying Netlist Connectivity
[08:22:16] Finished 3rd of 6 tasks (FPGA logic optimization). Elapsed time: 00h 09m 09s 

[08:22:16] Starting logic placement..
[08:22:47] Phase 1 Placer Initialization
[08:22:47] Phase 1.1 Placer Initialization Netlist Sorting
[08:27:22] Phase 1.2 IO Placement/ Clock Placement/ Build Placer Device
[08:28:23] Phase 1.3 Build Placer Netlist Model
[08:30:56] Phase 1.4 Constrain Clocks/Macros
[08:31:26] Phase 2 Global Placement
[08:31:26] Phase 2.1 Floorplanning
[08:32:27] Phase 2.1.1 Partition Driven Placement
[08:32:27] Phase 2.1.1.1 PBP: Partition Driven Placement
[08:33:29] Phase 2.1.1.2 PBP: Clock Region Placement
[08:34:30] Phase 2.1.1.3 PBP: Compute Congestion
[08:35:00] Phase 2.1.1.4 PBP: UpdateTiming
[08:35:31] Phase 2.1.1.5 PBP: Add part constraints
[08:36:02] Phase 2.2 Physical Synthesis After Floorplan
[08:37:03] Phase 2.3 Update Timing before SLR Path Opt
[08:37:03] Phase 2.4 Post-Processing in Floorplanning
[08:37:03] Phase 2.5 Global Placement Core
[08:51:20] Phase 2.5.1 UpdateTiming Before Physical Synthesis
[08:51:51] Phase 2.5.2 Physical Synthesis In Placer
[08:55:25] Phase 3 Detail Placement
[08:55:25] Phase 3.1 Commit Multi Column Macros
[08:55:56] Phase 3.2 Commit Most Macros & LUTRAMs
[08:57:28] Phase 3.3 Small Shape DP
[08:57:28] Phase 3.3.1 Small Shape Clustering
[08:57:58] Phase 3.3.2 Slice Area Swap
[08:57:58] Phase 3.3.2.1 Slice Area Swap Initial
[09:00:01] Phase 3.4 Place Remaining
[09:00:31] Phase 3.5 Re-assign LUT pins
[09:01:33] Phase 3.6 Pipeline Register Optimization
[09:01:33] Phase 3.7 Fast Optimization
[09:03:04] Phase 4 Post Placement Optimization and Clean-Up
[09:03:04] Phase 4.1 Post Commit Optimization
[09:04:36] Phase 4.1.1 Post Placement Optimization
[09:04:36] Phase 4.1.1.1 BUFG Insertion
[09:04:36] Phase 1 Physical Synthesis Initialization
[09:05:38] Phase 4.1.1.2 BUFG Replication
[09:06:08] Phase 4.1.1.3 Post Placement Timing Optimization
[09:08:11] Phase 4.1.1.4 Replication
[09:09:43] Phase 4.2 Post Placement Cleanup
[09:09:43] Phase 4.3 Placer Reporting
[09:09:43] Phase 4.3.1 Print Estimated Congestion
[09:10:13] Phase 4.4 Final Placement Cleanup
[09:13:48] Finished 4th of 6 tasks (FPGA logic placement). Elapsed time: 00h 51m 31s 

[09:13:48] Starting logic routing..
[09:14:49] Phase 1 Build RT Design
[09:16:52] Phase 2 Router Initialization
[09:16:52] Phase 2.1 Fix Topology Constraints
[09:16:52] Phase 2.2 Pre Route Cleanup
[09:16:52] Phase 2.3 Global Clock Net Routing
[09:17:53] Phase 2.4 Update Timing
[09:19:55] Phase 2.5 Update Timing for Bus Skew
[09:19:55] Phase 2.5.1 Update Timing
[09:20:26] Phase 3 Initial Routing
[09:20:26] Phase 3.1 Global Routing
[09:20:26] Phase 3.2 Initial Net Routing
[09:21:27] Phase 4 Rip-up And Reroute
[09:21:27] Phase 4.1 Global Iteration 0
[09:37:46] Phase 4.2 Global Iteration 1
[09:38:17] Phase 4.3 Global Iteration 2
[09:41:21] Phase 5 Delay and Skew Optimization
[09:41:21] Phase 5.1 Delay CleanUp
[09:41:21] Phase 5.1.1 Update Timing
[09:41:51] Phase 5.1.2 Update Timing
[09:42:22] Phase 5.2 Clock Skew Optimization
[09:42:22] Phase 6 Post Hold Fix
[09:42:22] Phase 6.1 Hold Fix Iter
[09:42:22] Phase 6.1.1 Update Timing
[09:42:52] Phase 7 Leaf Clock Prog Delay Opt
[09:43:23] Phase 8 Route finalize
[09:43:23] Phase 9 Verifying routed nets
[09:43:54] Phase 10 Depositing Routes
[09:44:24] Phase 11 Resolve XTalk
[09:44:24] Phase 12 Post Router Timing
[09:44:24] Finished 5th of 6 tasks (FPGA routing). Elapsed time: 00h 30m 36s 

[09:44:24] Starting bitstream generation..
[09:44:24] Phase 13 Post-Route Event Processing
[09:57:09] Creating bitmap...
[10:02:46] Writing bitstream ./level0_i_ulp_my_rm_partial.bit...
[10:02:46] Finished 6th of 6 tasks (FPGA bitstream generation). Elapsed time: 00h 18m 21s 
Check VPL, containing 12 checks, has run: 0 errors, 1 advisory violation
ADVISORY: [AUTO-FREQ-SCALING-08] For clock hbm_aclk, the auto scaled frequency 450.4 MHz exceeds the original specified frequency. The compiler will select the original specified frequency of 450.0 MHz.
[10:04:45] Run vpl: Step impl: Completed
[10:04:46] Run vpl: FINISHED. Run Status: impl Complete!
INFO: [v++ 60-1441] [10:04:46] Run run_link: Step vpl: Completed
Time (s): cpu = 00:02:34 ; elapsed = 02:38:07 . Memory (MB): peak = 486.785 ; gain = 0.000 ; free physical = 50579 ; free virtual = 66359
INFO: [v++ 60-1443] [10:04:46] Run run_link: Step rtdgen: Started
INFO: [v++ 60-1453] Command Line: rtdgen
INFO: [v++ 60-1454] Run Directory: /home/ae_reviewer/TempGNN/build/baselines/rtga_timingfix_v3_hw/_x/link/run_link
INFO: [v++ 60-991] clock name 'ulp_ucs/aclk_kernel_01' (clock ID '1') is being mapped to clock name 'KERNEL_CLK' in the xclbin
INFO: [v++ 60-991] clock name 'ulp_ucs/aclk_kernel_00' (clock ID '0') is being mapped to clock name 'DATA_CLK' in the xclbin
INFO: [v++ 60-991] clock name 'hbm_aclk' (clock ID '') is being mapped to clock name 'hbm_aclk' in the xclbin
INFO: [v++ 60-1230] The compiler selected the following frequencies for the runtime controllable kernel clock(s) and scalable system clock(s): System (SYSTEM) clock: hbm_aclk = 450, Kernel (KERNEL) clock: ulp_ucs/aclk_kernel_01 = 500, Kernel (DATA) clock: ulp_ucs/aclk_kernel_00 = 300
INFO: [v++ 60-1453] Command Line: cf2sw -a /home/ae_reviewer/TempGNN/build/baselines/rtga_timingfix_v3_hw/_x/link/int/address_map.xml -sdsl /home/ae_reviewer/TempGNN/build/baselines/rtga_timingfix_v3_hw/_x/link/int/sdsl.dat -xclbin /home/ae_reviewer/TempGNN/build/baselines/rtga_timingfix_v3_hw/_x/link/int/xclbin_orig.xml -rtd /home/ae_reviewer/TempGNN/build/baselines/rtga_timingfix_v3_hw/_x/link/int/rtga_kernel.hw.rtd -o /home/ae_reviewer/TempGNN/build/baselines/rtga_timingfix_v3_hw/_x/link/int/rtga_kernel.hw.xml
INFO: [v++ 60-1652] Cf2sw returned exit code: 0
INFO: [v++ 60-1441] [10:04:53] Run run_link: Step rtdgen: Completed
Time (s): cpu = 00:00:07 ; elapsed = 00:00:07 . Memory (MB): peak = 486.785 ; gain = 0.000 ; free physical = 50573 ; free virtual = 66354
INFO: [v++ 60-1443] [10:04:53] Run run_link: Step xclbinutil: Started
INFO: [v++ 60-1453] Command Line: xclbinutil --add-section BITSTREAM:RAW:/home/ae_reviewer/TempGNN/build/baselines/rtga_timingfix_v3_hw/_x/link/int/partial.bit --force --target hw --key-value SYS:dfx_enable:true --add-section :JSON:/home/ae_reviewer/TempGNN/build/baselines/rtga_timingfix_v3_hw/_x/link/int/rtga_kernel.hw.rtd --append-section :JSON:/home/ae_reviewer/TempGNN/build/baselines/rtga_timingfix_v3_hw/_x/link/int/appendSection.rtd --add-section CLOCK_FREQ_TOPOLOGY:JSON:/home/ae_reviewer/TempGNN/build/baselines/rtga_timingfix_v3_hw/_x/link/int/rtga_kernel.hw_xml.rtd --add-section BUILD_METADATA:JSON:/home/ae_reviewer/TempGNN/build/baselines/rtga_timingfix_v3_hw/_x/link/int/rtga_kernel.hw_build.rtd --add-section EMBEDDED_METADATA:RAW:/home/ae_reviewer/TempGNN/build/baselines/rtga_timingfix_v3_hw/_x/link/int/rtga_kernel.hw.xml --add-section SYSTEM_METADATA:RAW:/home/ae_reviewer/TempGNN/build/baselines/rtga_timingfix_v3_hw/_x/link/int/systemDiagramModelSlrBaseAddress.json --key-value SYS:PlatformVBNV:xilinx_u280_gen3x16_xdma_1_202211_1 --output /home/ae_reviewer/TempGNN/build/baselines/rtga_timingfix_v3_hw/rtga_kernel.hw.xclbin
INFO: [v++ 60-1454] Run Directory: /home/ae_reviewer/TempGNN/build/baselines/rtga_timingfix_v3_hw/_x/link/run_link
XRT Build Version: 2.16.0 (Vitis)
       Build Date: 2023-07-13 16:00:55
          Hash ID: 157faa07876c55bb8aa8ec51b28608a6a0f6638e
Creating a default 'in-memory' xclbin image.

Section: 'BITSTREAM'(0) was successfully added.
Size   : 48911602 bytes
Format : RAW
File   : '/home/ae_reviewer/TempGNN/build/baselines/rtga_timingfix_v3_hw/_x/link/int/partial.bit'

Section: 'MEM_TOPOLOGY'(6) was successfully added.
Format : JSON
File   : 'mem_topology'

Section: 'IP_LAYOUT'(8) was successfully added.
Format : JSON
File   : 'ip_layout'

Section: 'CONNECTIVITY'(7) was successfully added.
Format : JSON
File   : 'connectivity'

Section: 'CLOCK_FREQ_TOPOLOGY'(11) was successfully added.
Size   : 410 bytes
Format : JSON
File   : '/home/ae_reviewer/TempGNN/build/baselines/rtga_timingfix_v3_hw/_x/link/int/rtga_kernel.hw_xml.rtd'

Section: 'BUILD_METADATA'(14) was successfully added.
Size   : 8215 bytes
Format : JSON
File   : '/home/ae_reviewer/TempGNN/build/baselines/rtga_timingfix_v3_hw/_x/link/int/rtga_kernel.hw_build.rtd'

Section: 'EMBEDDED_METADATA'(2) was successfully added.
Size   : 47307 bytes
Format : RAW
File   : '/home/ae_reviewer/TempGNN/build/baselines/rtga_timingfix_v3_hw/_x/link/int/rtga_kernel.hw.xml'

Section: 'SYSTEM_METADATA'(22) was successfully added.
Size   : 44980 bytes
Format : RAW
File   : '/home/ae_reviewer/TempGNN/build/baselines/rtga_timingfix_v3_hw/_x/link/int/systemDiagramModelSlrBaseAddress.json'

Section: 'PARTITION_METADATA'(20) was successfully appended to.
Format : JSON
File   : 'partition_metadata'

Section: 'IP_LAYOUT'(8) was successfully appended to.
Format : JSON
File   : 'ip_layout'
Successfully wrote (49049556 bytes) to the output file: /home/ae_reviewer/TempGNN/build/baselines/rtga_timingfix_v3_hw/rtga_kernel.hw.xclbin
Leaving xclbinutil.
INFO: [v++ 60-1441] [10:04:53] Run run_link: Step xclbinutil: Completed
Time (s): cpu = 00:00:00.13 ; elapsed = 00:00:00.25 . Memory (MB): peak = 486.785 ; gain = 0.000 ; free physical = 50521 ; free virtual = 66348
INFO: [v++ 60-1443] [10:04:53] Run run_link: Step xclbinutilinfo: Started
INFO: [v++ 60-1453] Command Line: xclbinutil --quiet --force --info /home/ae_reviewer/TempGNN/build/baselines/rtga_timingfix_v3_hw/rtga_kernel.hw.xclbin.info --input /home/ae_reviewer/TempGNN/build/baselines/rtga_timingfix_v3_hw/rtga_kernel.hw.xclbin
INFO: [v++ 60-1454] Run Directory: /home/ae_reviewer/TempGNN/build/baselines/rtga_timingfix_v3_hw/_x/link/run_link
INFO: [v++ 60-1441] [10:04:54] Run run_link: Step xclbinutilinfo: Completed
Time (s): cpu = 00:00:00.6 ; elapsed = 00:00:00.69 . Memory (MB): peak = 486.785 ; gain = 0.000 ; free physical = 50517 ; free virtual = 66344
INFO: [v++ 60-1443] [10:04:54] Run run_link: Step generate_sc_driver: Started
INFO: [v++ 60-1453] Command Line: 
INFO: [v++ 60-1454] Run Directory: /home/ae_reviewer/TempGNN/build/baselines/rtga_timingfix_v3_hw/_x/link/run_link
INFO: [v++ 60-1441] [10:04:54] Run run_link: Step generate_sc_driver: Completed
Time (s): cpu = 00:00:00 ; elapsed = 00:00:00 . Memory (MB): peak = 486.785 ; gain = 0.000 ; free physical = 50517 ; free virtual = 66344
Check POST-VPL, containing 1 checks, has run: 0 errors
INFO: [v++ 60-244] Generating system estimate report...
INFO: [v++ 60-1092] Generated system estimate report: /home/ae_reviewer/TempGNN/build/baselines/rtga_timingfix_v3_hw/_x/reports/link/system_estimate_rtga_kernel.hw.xtxt
INFO: [v++ 60-586] Created /home/ae_reviewer/TempGNN/build/baselines/rtga_timingfix_v3_hw/rtga_kernel.hw.ltx
INFO: [v++ 60-586] Created /home/ae_reviewer/TempGNN/build/baselines/rtga_timingfix_v3_hw/rtga_kernel.hw.xclbin
INFO: [v++ 60-1307] Run completed. Additional information can be found in:
	Guidance: /home/ae_reviewer/TempGNN/build/baselines/rtga_timingfix_v3_hw/_x/reports/link/v++_link_rtga_kernel.hw_guidance.html
	Timing Report: /home/ae_reviewer/TempGNN/build/baselines/rtga_timingfix_v3_hw/_x/reports/link/imp/impl_1_hw_bb_locked_timing_summary_routed.rpt
	Vivado Log: /home/ae_reviewer/TempGNN/build/baselines/rtga_timingfix_v3_hw/_x/logs/link/vivado.log
	Steps Log File: /home/ae_reviewer/TempGNN/build/baselines/rtga_timingfix_v3_hw/_x/logs/link/link.steps.log

INFO: [v++ 60-2343] Use the vitis_analyzer tool to visualize and navigate the relevant reports. Run the following command. 
    vitis_analyzer /home/ae_reviewer/TempGNN/build/baselines/rtga_timingfix_v3_hw/rtga_kernel.hw.xclbin.link_summary 
INFO: [v++ 60-791] Total elapsed time: 2h 39m 1s
INFO: [v++ 60-1653] Closing dispatch client.
make: Leaving directory '/home/ae_reviewer/TempGNN/hardware/baselines/vitis'
