INFO: [v++ 60-1548] Creating build summary session with primary output /home/ae_reviewer/TempGNN/build/baselines/rtga_timingfix_v3_hw/hls_component/hls_component.hlscompile_summary, at Wed Jul 15 05:07:38 2026
INFO: [v++ 74-78] Compiler Version string: 2023.2
INFO: [v++ 82-31] Launching vitis_hls: vitis_hls -nolog -run csynth -work_dir /home/ae_reviewer/TempGNN/build/baselines/rtga_timingfix_v3_hw/hls_component -config /home/ae_reviewer/TempGNN/hardware/baselines/vitis/rtga_kernel_hls.cfg -cmdlineconfig /home/ae_reviewer/TempGNN/build/baselines/rtga_timingfix_v3_hw/hls_component/hls/config.cmdline

****** Vitis HLS - High-Level Synthesis from C, C++ and OpenCL v2023.2 (64-bit)
  **** SW Build 4023990 on Oct 11 2023
  **** IP Build 4028589 on Sat Oct 14 00:45:43 MDT 2023
  **** SharedData Build 4025554 on Tue Oct 10 17:18:54 MDT 2023
    ** Copyright 1986-2022 Xilinx, Inc. All Rights Reserved.
    ** Copyright 2022-2023 Advanced Micro Devices, Inc. All Rights Reserved.

source /tools/Xilinx/Vitis_HLS/2023.2/scripts/vitis_hls/hls.tcl -notrace
INFO: [HLS 200-10] Running '/tools/Xilinx/Vitis_HLS/2023.2/bin/unwrapped/lnx64.o/vitis_hls'
INFO: [HLS 200-10] For user 'ae_reviewer' on host 'u280-ae-host' (Linux_x86_64 version 5.15.0-122-generic) on Wed Jul 15 05:07:44 HKT 2026
INFO: [HLS 200-10] On os Ubuntu 22.04.5 LTS
INFO: [HLS 200-10] In directory '/home/ae_reviewer/TempGNN/hardware/baselines/vitis'
INFO: [HLS 200-1909] Reading HLS ini file /home/ae_reviewer/TempGNN/hardware/baselines/vitis/rtga_kernel_hls.cfg
WARNING: [HLS 200-2059] The 'syn.output.format' name is deprecated, use 'package.output.format' instead /home/ae_reviewer/TempGNN/hardware/baselines/vitis/rtga_kernel_hls.cfg(6)
INFO: [HLS 200-1909] Reading HLS ini file /home/ae_reviewer/TempGNN/build/baselines/rtga_timingfix_v3_hw/hls_component/hls/config.cmdline
INFO: [HLS 200-2005] Using work_dir /home/ae_reviewer/TempGNN/build/baselines/rtga_timingfix_v3_hw/hls_component 
INFO: [HLS 200-2006] Changing directory to /home/ae_reviewer/TempGNN/build/baselines/rtga_timingfix_v3_hw
INFO: [HLS 200-1510] Running: open_project /home/ae_reviewer/TempGNN/build/baselines/rtga_timingfix_v3_hw/hls_component -diskless 
INFO: [HLS 200-1510] Running: open_solution hls 
INFO: [HLS 200-1505] Using default flow_target 'vivado'
Resolution: For help on HLS 200-1505 see docs.xilinx.com/access/sources/dita/topic?Doc_Version=2023.2%20English&url=ug1448-hls-guidance&resourceid=200-1505.html
INFO: [HLS 200-1510] Running: apply_ini /home/ae_reviewer/TempGNN/hardware/baselines/vitis/rtga_kernel_hls.cfg 
INFO: [HLS 200-1909] Reading HLS ini file /home/ae_reviewer/TempGNN/hardware/baselines/vitis/rtga_kernel_hls.cfg
WARNING: [HLS 200-2059] The 'syn.output.format' name is deprecated, use 'package.output.format' instead /home/ae_reviewer/TempGNN/hardware/baselines/vitis/rtga_kernel_hls.cfg(6)
INFO: [HLS 200-1465] Applying ini 'syn.file=../src/rtga_kernel.cpp' at /home/ae_reviewer/TempGNN/hardware/baselines/vitis/rtga_kernel_hls.cfg(3)
INFO: [HLS 200-10] Adding design file '/home/ae_reviewer/TempGNN/hardware/baselines/src/rtga_kernel.cpp' to the project
INFO: [HLS 200-1465] Applying ini 'syn.cflags=-I../include' at /home/ae_reviewer/TempGNN/hardware/baselines/vitis/rtga_kernel_hls.cfg(5)
INFO: [HLS 200-1465] Applying ini 'syn.top=rtga_kernel' at /home/ae_reviewer/TempGNN/hardware/baselines/vitis/rtga_kernel_hls.cfg(4)
INFO: [HLS 200-1465] Applying ini 'flow_target=vitis' at /home/ae_reviewer/TempGNN/hardware/baselines/vitis/rtga_kernel_hls.cfg(2)
INFO: [HLS 200-1505] Using flow_target 'vitis'
Resolution: For help on HLS 200-1505 see docs.xilinx.com/access/sources/dita/topic?Doc_Version=2023.2%20English&url=ug1448-hls-guidance&resourceid=200-1505.html
INFO: [HLS 200-435] Setting 'open_solution -flow_target vitis' configuration: config_interface -m_axi_latency=64
INFO: [HLS 200-435] Setting 'open_solution -flow_target vitis' configuration: config_interface -m_axi_alignment_byte_size=64
INFO: [HLS 200-435] Setting 'open_solution -flow_target vitis' configuration: config_interface -m_axi_max_widen_bitwidth=512
INFO: [HLS 200-435] Setting 'open_solution -flow_target vitis' configuration: config_rtl -register_reset_num=3
INFO: [HLS 200-1465] Applying ini 'package.output.format=xo' at /home/ae_reviewer/TempGNN/hardware/baselines/vitis/rtga_kernel_hls.cfg(6)
INFO: [HLS 200-1510] Running: apply_ini /home/ae_reviewer/TempGNN/build/baselines/rtga_timingfix_v3_hw/hls_component/hls/config.cmdline 
INFO: [HLS 200-1909] Reading HLS ini file /home/ae_reviewer/TempGNN/build/baselines/rtga_timingfix_v3_hw/hls_component/hls/config.cmdline
INFO: [HLS 200-1465] Applying ini 'part=xcu280-fsvh2892-2L-e' at /home/ae_reviewer/TempGNN/build/baselines/rtga_timingfix_v3_hw/hls_component/hls/config.cmdline(2)
INFO: [HLS 200-1611] Setting target device to 'xcu280-fsvh2892-2L-e'
INFO: [HLS 200-1465] Applying ini 'clock=225000000Hz' at /home/ae_reviewer/TempGNN/build/baselines/rtga_timingfix_v3_hw/hls_component/hls/config.cmdline(7)
INFO: [SYN 201-201] Setting up clock 'default' with a period of 4.444ns.
INFO: [HLS 200-1510] Running: csynth_design 
INFO: [HLS 200-111] Finished File checks and directory preparation: CPU user time: 0.13 seconds. CPU system time: 0.01 seconds. Elapsed time: 0.14 seconds; current allocated memory: 265.875 MB.
INFO: [HLS 200-10] Analyzing design file '/home/ae_reviewer/TempGNN/hardware/baselines/src/rtga_kernel.cpp' ... 
INFO: [HLS 200-111] Finished Source Code Analysis and Preprocessing: CPU user time: 0.79 seconds. CPU system time: 0.4 seconds. Elapsed time: 1.19 seconds; current allocated memory: 268.879 MB.
INFO: [HLS 200-777] Using interface defaults for 'Vitis' flow target.
INFO: [HLS 200-1995] There were 820 instructions in the design after the 'Compile/Link' phase of compilation. See the Design Size Report for more details: /home/ae_reviewer/TempGNN/build/baselines/rtga_timingfix_v3_hw/hls_component/hls/syn/report/csynth_design_size.rpt
INFO: [HLS 200-1995] There were 6,749 instructions in the design after the 'Unroll/Inline (step 1)' phase of compilation. See the Design Size Report for more details: /home/ae_reviewer/TempGNN/build/baselines/rtga_timingfix_v3_hw/hls_component/hls/syn/report/csynth_design_size.rpt
INFO: [HLS 200-1995] There were 5,015 instructions in the design after the 'Unroll/Inline (step 2)' phase of compilation. See the Design Size Report for more details: /home/ae_reviewer/TempGNN/build/baselines/rtga_timingfix_v3_hw/hls_component/hls/syn/report/csynth_design_size.rpt
INFO: [HLS 200-1995] There were 4,605 instructions in the design after the 'Unroll/Inline (step 3)' phase of compilation. See the Design Size Report for more details: /home/ae_reviewer/TempGNN/build/baselines/rtga_timingfix_v3_hw/hls_component/hls/syn/report/csynth_design_size.rpt
INFO: [HLS 200-1995] There were 4,605 instructions in the design after the 'Unroll/Inline (step 4)' phase of compilation. See the Design Size Report for more details: /home/ae_reviewer/TempGNN/build/baselines/rtga_timingfix_v3_hw/hls_component/hls/syn/report/csynth_design_size.rpt
INFO: [HLS 200-1995] There were 7,327 instructions in the design after the 'Array/Struct (step 1)' phase of compilation. See the Design Size Report for more details: /home/ae_reviewer/TempGNN/build/baselines/rtga_timingfix_v3_hw/hls_component/hls/syn/report/csynth_design_size.rpt
INFO: [HLS 200-1995] There were 4,939 instructions in the design after the 'Array/Struct (step 2)' phase of compilation. See the Design Size Report for more details: /home/ae_reviewer/TempGNN/build/baselines/rtga_timingfix_v3_hw/hls_component/hls/syn/report/csynth_design_size.rpt
INFO: [HLS 200-1995] There were 4,939 instructions in the design after the 'Array/Struct (step 3)' phase of compilation. See the Design Size Report for more details: /home/ae_reviewer/TempGNN/build/baselines/rtga_timingfix_v3_hw/hls_component/hls/syn/report/csynth_design_size.rpt
INFO: [HLS 200-1995] There were 4,937 instructions in the design after the 'Array/Struct (step 4)' phase of compilation. See the Design Size Report for more details: /home/ae_reviewer/TempGNN/build/baselines/rtga_timingfix_v3_hw/hls_component/hls/syn/report/csynth_design_size.rpt
INFO: [HLS 200-1995] There were 5,011 instructions in the design after the 'Array/Struct (step 5)' phase of compilation. See the Design Size Report for more details: /home/ae_reviewer/TempGNN/build/baselines/rtga_timingfix_v3_hw/hls_component/hls/syn/report/csynth_design_size.rpt
INFO: [HLS 200-1995] There were 4,967 instructions in the design after the 'Performance (step 1)' phase of compilation. See the Design Size Report for more details: /home/ae_reviewer/TempGNN/build/baselines/rtga_timingfix_v3_hw/hls_component/hls/syn/report/csynth_design_size.rpt
INFO: [HLS 200-1995] There were 4,967 instructions in the design after the 'Performance (step 2)' phase of compilation. See the Design Size Report for more details: /home/ae_reviewer/TempGNN/build/baselines/rtga_timingfix_v3_hw/hls_component/hls/syn/report/csynth_design_size.rpt
INFO: [HLS 200-1995] There were 7,047 instructions in the design after the 'Performance (step 3)' phase of compilation. See the Design Size Report for more details: /home/ae_reviewer/TempGNN/build/baselines/rtga_timingfix_v3_hw/hls_component/hls/syn/report/csynth_design_size.rpt
INFO: [HLS 200-1995] There were 5,672 instructions in the design after the 'Performance (step 4)' phase of compilation. See the Design Size Report for more details: /home/ae_reviewer/TempGNN/build/baselines/rtga_timingfix_v3_hw/hls_component/hls/syn/report/csynth_design_size.rpt
INFO: [HLS 200-1995] There were 5,736 instructions in the design after the 'HW Transforms' phase of compilation. See the Design Size Report for more details: /home/ae_reviewer/TempGNN/build/baselines/rtga_timingfix_v3_hw/hls_component/hls/syn/report/csynth_design_size.rpt
INFO: [HLS 200-1995] There were 5,445 instructions in the design after the 'HW Transforms (step 2)' phase of compilation. See the Design Size Report for more details: /home/ae_reviewer/TempGNN/build/baselines/rtga_timingfix_v3_hw/hls_component/hls/syn/report/csynth_design_size.rpt
INFO: [HLS 214-131] Inlining function 'baseline_hard_tanh_q10(int)' into 'rtga_tau_message(unsigned int, short, short, short, short)' (/home/ae_reviewer/TempGNN/hardware/baselines/src/rtga_kernel.cpp:37:16)
INFO: [HLS 214-131] Inlining function 'baseline_hard_tanh_q10(int)' into 'rtga_tau_message(unsigned int, short, short, short, short)' (/home/ae_reviewer/TempGNN/hardware/baselines/src/rtga_kernel.cpp:43:16)
INFO: [HLS 214-131] Inlining function 'baseline_hard_tanh_q10(int)' into 'rtga_tau_message(unsigned int, short, short, short, short)' (/home/ae_reviewer/TempGNN/hardware/baselines/src/rtga_kernel.cpp:41:16)
INFO: [HLS 214-131] Inlining function 'baseline_hard_tanh_q10(int)' into 'rtga_tau_message(unsigned int, short, short, short, short)' (/home/ae_reviewer/TempGNN/hardware/baselines/src/rtga_kernel.cpp:39:16)
INFO: [HLS 214-131] Inlining function 'baseline_min_u32(unsigned int, unsigned int)' into 'rtga_kernel' (/home/ae_reviewer/TempGNN/hardware/baselines/src/rtga_kernel.cpp:126:28)
INFO: [HLS 214-131] Inlining function 'baseline_mix_checksum(unsigned long, int, unsigned int)' into 'rtga_kernel' (/home/ae_reviewer/TempGNN/hardware/baselines/src/rtga_kernel.cpp:300:24)
INFO: [HLS 214-131] Inlining function 'baseline_hard_tanh_q10(int)' into 'rtga_kernel' (/home/ae_reviewer/TempGNN/hardware/baselines/src/rtga_kernel.cpp:298:30)
INFO: [HLS 214-131] Inlining function 'rtga_tau_message(unsigned int, short, short, short, short)' into 'rtga_kernel' (/home/ae_reviewer/TempGNN/hardware/baselines/src/rtga_kernel.cpp:279:20)
INFO: [HLS 214-131] Inlining function 'baseline_min_u32(unsigned int, unsigned int)' into 'rtga_kernel' (/home/ae_reviewer/TempGNN/hardware/baselines/src/rtga_kernel.cpp:239:46)
INFO: [HLS 214-131] Inlining function 'rtga_contains_edge(RtgaTreeEdge const*, unsigned int, unsigned int)' into 'rtga_kernel' (/home/ae_reviewer/TempGNN/hardware/baselines/src/rtga_kernel.cpp:195:17)
INFO: [HLS 214-131] Inlining function 'baseline_min_u32(unsigned int, unsigned int)' into 'rtga_kernel' (/home/ae_reviewer/TempGNN/hardware/baselines/src/rtga_kernel.cpp:163:33)
WARNING: [HLS 214-386] A depth specification is required for MAXI interface port 'event_src' for cosimulation. (/home/ae_reviewer/TempGNN/hardware/baselines/src/rtga_kernel.cpp:47:0)
WARNING: [HLS 214-386] A depth specification is required for MAXI interface port 'event_dst' for cosimulation. (/home/ae_reviewer/TempGNN/hardware/baselines/src/rtga_kernel.cpp:47:0)
WARNING: [HLS 214-386] A depth specification is required for MAXI interface port 'event_ts' for cosimulation. (/home/ae_reviewer/TempGNN/hardware/baselines/src/rtga_kernel.cpp:47:0)
WARNING: [HLS 214-386] A depth specification is required for MAXI interface port 'vertex_offsets' for cosimulation. (/home/ae_reviewer/TempGNN/hardware/baselines/src/rtga_kernel.cpp:47:0)
WARNING: [HLS 214-386] A depth specification is required for MAXI interface port 'history_event_idx' for cosimulation. (/home/ae_reviewer/TempGNN/hardware/baselines/src/rtga_kernel.cpp:47:0)
WARNING: [HLS 214-386] A depth specification is required for MAXI interface port 'history_peer' for cosimulation. (/home/ae_reviewer/TempGNN/hardware/baselines/src/rtga_kernel.cpp:47:0)
WARNING: [HLS 214-386] A depth specification is required for MAXI interface port 'target_vertex' for cosimulation. (/home/ae_reviewer/TempGNN/hardware/baselines/src/rtga_kernel.cpp:47:0)
WARNING: [HLS 214-386] A depth specification is required for MAXI interface port 'target_event_idx' for cosimulation. (/home/ae_reviewer/TempGNN/hardware/baselines/src/rtga_kernel.cpp:47:0)
WARNING: [HLS 214-386] A depth specification is required for MAXI interface port 'initial_memory' for cosimulation. (/home/ae_reviewer/TempGNN/hardware/baselines/src/rtga_kernel.cpp:47:0)
WARNING: [HLS 214-386] A depth specification is required for MAXI interface port 'event_features' for cosimulation. (/home/ae_reviewer/TempGNN/hardware/baselines/src/rtga_kernel.cpp:47:0)
WARNING: [HLS 214-386] A depth specification is required for MAXI interface port 'weight_self' for cosimulation. (/home/ae_reviewer/TempGNN/hardware/baselines/src/rtga_kernel.cpp:47:0)
WARNING: [HLS 214-386] A depth specification is required for MAXI interface port 'weight_peer' for cosimulation. (/home/ae_reviewer/TempGNN/hardware/baselines/src/rtga_kernel.cpp:47:0)
WARNING: [HLS 214-386] A depth specification is required for MAXI interface port 'weight_event' for cosimulation. (/home/ae_reviewer/TempGNN/hardware/baselines/src/rtga_kernel.cpp:47:0)
WARNING: [HLS 214-386] A depth specification is required for MAXI interface port 'bias' for cosimulation. (/home/ae_reviewer/TempGNN/hardware/baselines/src/rtga_kernel.cpp:47:0)
WARNING: [HLS 214-386] A depth specification is required for MAXI interface port 'embedding_out' for cosimulation. (/home/ae_reviewer/TempGNN/hardware/baselines/src/rtga_kernel.cpp:47:0)
WARNING: [HLS 214-386] A depth specification is required for MAXI interface port 'stats_out' for cosimulation. (/home/ae_reviewer/TempGNN/hardware/baselines/src/rtga_kernel.cpp:47:0)
INFO: [HLS 214-186] Unrolling loop 'rtga_local_dedup' (/home/ae_reviewer/TempGNN/hardware/baselines/src/rtga_kernel.cpp:16:5) in function 'rtga_kernel' completely with a factor of 20 (/home/ae_reviewer/TempGNN/hardware/baselines/src/rtga_kernel.cpp:47:0)
INFO: [HLS 214-186] Unrolling loop 'rtga_cache_lookup' (/home/ae_reviewer/TempGNN/hardware/baselines/src/rtga_kernel.cpp:223:13) in function 'rtga_kernel' completely with a factor of 16 (/home/ae_reviewer/TempGNN/hardware/baselines/src/rtga_kernel.cpp:47:0)
INFO: [HLS 214-186] Unrolling loop 'rtga_cache_fill' (/home/ae_reviewer/TempGNN/hardware/baselines/src/rtga_kernel.cpp:245:17) in function 'rtga_kernel' completely with a factor of 8 (/home/ae_reviewer/TempGNN/hardware/baselines/src/rtga_kernel.cpp:47:0)
INFO: [HLS 214-186] Unrolling loop 'rtga_stage_edge' (/home/ae_reviewer/TempGNN/hardware/baselines/src/rtga_kernel.cpp:251:13) in function 'rtga_kernel' completely with a factor of 8 (/home/ae_reviewer/TempGNN/hardware/baselines/src/rtga_kernel.cpp:47:0)
INFO: [HLS 214-186] Unrolling loop 'rtga_clear_aggregate' (/home/ae_reviewer/TempGNN/hardware/baselines/src/rtga_kernel.cpp:262:9) in function 'rtga_kernel' completely with a factor of 8 (/home/ae_reviewer/TempGNN/hardware/baselines/src/rtga_kernel.cpp:47:0)
INFO: [HLS 214-186] Unrolling loop 'rtga_tau_lanes' (/home/ae_reviewer/TempGNN/hardware/baselines/src/rtga_kernel.cpp:272:13) in function 'rtga_kernel' completely with a factor of 8 (/home/ae_reviewer/TempGNN/hardware/baselines/src/rtga_kernel.cpp:47:0)
INFO: [HLS 214-186] Unrolling loop 'rtga_tau_dims' (/home/ae_reviewer/TempGNN/hardware/baselines/src/rtga_kernel.cpp:277:21) in function 'rtga_kernel' completely with a factor of 8 (/home/ae_reviewer/TempGNN/hardware/baselines/src/rtga_kernel.cpp:47:0)
INFO: [HLS 214-186] Unrolling loop 'rtga_temporal_aggregator' (/home/ae_reviewer/TempGNN/hardware/baselines/src/rtga_kernel.cpp:291:9) in function 'rtga_kernel' completely with a factor of 8 (/home/ae_reviewer/TempGNN/hardware/baselines/src/rtga_kernel.cpp:47:0)
INFO: [HLS 214-186] Unrolling loop 'rtga_clear_cache' (/home/ae_reviewer/TempGNN/hardware/baselines/src/rtga_kernel.cpp:108:5) in function 'rtga_kernel' completely with a factor of 16 (/home/ae_reviewer/TempGNN/hardware/baselines/src/rtga_kernel.cpp:47:0)
INFO: [HLS 214-186] Unrolling loop 'rtga_clear_cache_dim' (/home/ae_reviewer/TempGNN/hardware/baselines/src/rtga_kernel.cpp:114:9) in function 'rtga_kernel' completely with a factor of 8 (/home/ae_reviewer/TempGNN/hardware/baselines/src/rtga_kernel.cpp:47:0)
INFO: [HLS 214-178] Inlining function 'baseline_clear_stats(unsigned long*)' into 'rtga_kernel' (/home/ae_reviewer/TempGNN/hardware/baselines/src/rtga_kernel.cpp:47:0)
INFO: [HLS 214-248] Applying array_partition to 'cache_valid': Complete partitioning on dimension 1. (/home/ae_reviewer/TempGNN/hardware/baselines/src/rtga_kernel.cpp:93:7)
INFO: [HLS 214-248] Applying array_partition to 'cache_vertex': Complete partitioning on dimension 1. (/home/ae_reviewer/TempGNN/hardware/baselines/src/rtga_kernel.cpp:94:14)
INFO: [HLS 214-248] Applying array_partition to 'cache_priority': Complete partitioning on dimension 1. (/home/ae_reviewer/TempGNN/hardware/baselines/src/rtga_kernel.cpp:95:14)
INFO: [HLS 214-248] Applying array_partition to 'cache_memory': Complete partitioning on dimension 2. (/home/ae_reviewer/TempGNN/hardware/baselines/src/rtga_kernel.cpp:96:13)
INFO: [HLS 214-248] Applying array_partition to 'local_weight_self': Complete partitioning on dimension 1. (/home/ae_reviewer/TempGNN/hardware/baselines/src/rtga_kernel.cpp:127:13)
INFO: [HLS 214-248] Applying array_partition to 'local_weight_peer': Complete partitioning on dimension 1. (/home/ae_reviewer/TempGNN/hardware/baselines/src/rtga_kernel.cpp:128:13)
INFO: [HLS 214-248] Applying array_partition to 'local_weight_event': Complete partitioning on dimension 1. (/home/ae_reviewer/TempGNN/hardware/baselines/src/rtga_kernel.cpp:129:13)
INFO: [HLS 214-248] Applying array_partition to 'local_bias': Complete partitioning on dimension 1. (/home/ae_reviewer/TempGNN/hardware/baselines/src/rtga_kernel.cpp:130:13)
INFO: [HLS 214-248] Applying array_partition to 'tree_edges.event_idx': Complete partitioning on dimension 1. (/home/ae_reviewer/TempGNN/hardware/baselines/src/rtga_kernel.cpp:155:22)
INFO: [HLS 214-248] Applying array_partition to 'tree_edges.peer': Complete partitioning on dimension 1. (/home/ae_reviewer/TempGNN/hardware/baselines/src/rtga_kernel.cpp:155:22)
INFO: [HLS 214-248] Applying array_partition to 'tree_edges.timestamp': Complete partitioning on dimension 1. (/home/ae_reviewer/TempGNN/hardware/baselines/src/rtga_kernel.cpp:155:22)
INFO: [HLS 214-248] Applying array_partition to 'selected_memory': Complete partitioning on dimension 2. (/home/ae_reviewer/TempGNN/hardware/baselines/src/rtga_kernel.cpp:207:17)
INFO: [HLS 214-248] Applying array_partition to 'selected_feature': Complete partitioning on dimension 2. (/home/ae_reviewer/TempGNN/hardware/baselines/src/rtga_kernel.cpp:209:10)
INFO: [HLS 214-376] automatically set the pipeline for Loop< rtga_tau_groups> at /home/ae_reviewer/TempGNN/hardware/baselines/src/rtga_kernel.cpp:270:9 
INFO: [HLS 214-376] automatically set the pipeline for Loop< rtga_temporal_aware_cache> at /home/ae_reviewer/TempGNN/hardware/baselines/src/rtga_kernel.cpp:214:9 
INFO: [HLS 214-376] automatically set the pipeline for Loop< rtga_temporal_tree_construction> at /home/ae_reviewer/TempGNN/hardware/baselines/src/rtga_kernel.cpp:182:9 
INFO: [HLS 214-270] Inferring pragma 'array_partition type=cyclic factor=4 dim=1' for array 'selected_memory_0' due to pipeline pragma (/home/ae_reviewer/TempGNN/hardware/baselines/src/rtga_kernel.cpp:207:17)
INFO: [HLS 214-270] Inferring pragma 'array_partition type=cyclic factor=4 dim=1' for array 'selected_memory_1' due to pipeline pragma (/home/ae_reviewer/TempGNN/hardware/baselines/src/rtga_kernel.cpp:207:17)
INFO: [HLS 214-270] Inferring pragma 'array_partition type=cyclic factor=4 dim=1' for array 'selected_memory_2' due to pipeline pragma (/home/ae_reviewer/TempGNN/hardware/baselines/src/rtga_kernel.cpp:207:17)
INFO: [HLS 214-270] Inferring pragma 'array_partition type=cyclic factor=4 dim=1' for array 'selected_memory_3' due to pipeline pragma (/home/ae_reviewer/TempGNN/hardware/baselines/src/rtga_kernel.cpp:207:17)
INFO: [HLS 214-270] Inferring pragma 'array_partition type=cyclic factor=4 dim=1' for array 'selected_memory_4' due to pipeline pragma (/home/ae_reviewer/TempGNN/hardware/baselines/src/rtga_kernel.cpp:207:17)
INFO: [HLS 214-270] Inferring pragma 'array_partition type=cyclic factor=4 dim=1' for array 'selected_memory_5' due to pipeline pragma (/home/ae_reviewer/TempGNN/hardware/baselines/src/rtga_kernel.cpp:207:17)
INFO: [HLS 214-270] Inferring pragma 'array_partition type=cyclic factor=4 dim=1' for array 'selected_memory_6' due to pipeline pragma (/home/ae_reviewer/TempGNN/hardware/baselines/src/rtga_kernel.cpp:207:17)
INFO: [HLS 214-270] Inferring pragma 'array_partition type=cyclic factor=4 dim=1' for array 'selected_memory_7' due to pipeline pragma (/home/ae_reviewer/TempGNN/hardware/baselines/src/rtga_kernel.cpp:207:17)
INFO: [HLS 214-270] Inferring pragma 'array_partition type=cyclic factor=4 dim=1' for array 'selected_feature_0' due to pipeline pragma (/home/ae_reviewer/TempGNN/hardware/baselines/src/rtga_kernel.cpp:209:10)
INFO: [HLS 214-270] Inferring pragma 'array_partition type=cyclic factor=4 dim=1' for array 'selected_feature_1' due to pipeline pragma (/home/ae_reviewer/TempGNN/hardware/baselines/src/rtga_kernel.cpp:209:10)
INFO: [HLS 214-270] Inferring pragma 'array_partition type=cyclic factor=4 dim=1' for array 'selected_feature_2' due to pipeline pragma (/home/ae_reviewer/TempGNN/hardware/baselines/src/rtga_kernel.cpp:209:10)
INFO: [HLS 214-270] Inferring pragma 'array_partition type=cyclic factor=4 dim=1' for array 'selected_feature_3' due to pipeline pragma (/home/ae_reviewer/TempGNN/hardware/baselines/src/rtga_kernel.cpp:209:10)
INFO: [HLS 214-270] Inferring pragma 'array_partition type=cyclic factor=4 dim=1' for array 'selected_feature_4' due to pipeline pragma (/home/ae_reviewer/TempGNN/hardware/baselines/src/rtga_kernel.cpp:209:10)
INFO: [HLS 214-270] Inferring pragma 'array_partition type=cyclic factor=4 dim=1' for array 'selected_feature_5' due to pipeline pragma (/home/ae_reviewer/TempGNN/hardware/baselines/src/rtga_kernel.cpp:209:10)
INFO: [HLS 214-270] Inferring pragma 'array_partition type=cyclic factor=4 dim=1' for array 'selected_feature_6' due to pipeline pragma (/home/ae_reviewer/TempGNN/hardware/baselines/src/rtga_kernel.cpp:209:10)
INFO: [HLS 214-270] Inferring pragma 'array_partition type=cyclic factor=4 dim=1' for array 'selected_feature_7' due to pipeline pragma (/home/ae_reviewer/TempGNN/hardware/baselines/src/rtga_kernel.cpp:209:10)
INFO: [HLS 214-248] Applying array_partition to 'selected_memory_0': Cyclic partitioning with factor 4 on dimension 1. (/home/ae_reviewer/TempGNN/hardware/baselines/src/rtga_kernel.cpp:207:17)
INFO: [HLS 214-248] Applying array_partition to 'selected_memory_1': Cyclic partitioning with factor 4 on dimension 1. (/home/ae_reviewer/TempGNN/hardware/baselines/src/rtga_kernel.cpp:207:17)
INFO: [HLS 214-248] Applying array_partition to 'selected_memory_2': Cyclic partitioning with factor 4 on dimension 1. (/home/ae_reviewer/TempGNN/hardware/baselines/src/rtga_kernel.cpp:207:17)
INFO: [HLS 214-248] Applying array_partition to 'selected_memory_3': Cyclic partitioning with factor 4 on dimension 1. (/home/ae_reviewer/TempGNN/hardware/baselines/src/rtga_kernel.cpp:207:17)
INFO: [HLS 214-248] Applying array_partition to 'selected_memory_4': Cyclic partitioning with factor 4 on dimension 1. (/home/ae_reviewer/TempGNN/hardware/baselines/src/rtga_kernel.cpp:207:17)
INFO: [HLS 214-248] Applying array_partition to 'selected_memory_5': Cyclic partitioning with factor 4 on dimension 1. (/home/ae_reviewer/TempGNN/hardware/baselines/src/rtga_kernel.cpp:207:17)
INFO: [HLS 214-248] Applying array_partition to 'selected_memory_6': Cyclic partitioning with factor 4 on dimension 1. (/home/ae_reviewer/TempGNN/hardware/baselines/src/rtga_kernel.cpp:207:17)
INFO: [HLS 214-248] Applying array_partition to 'selected_memory_7': Cyclic partitioning with factor 4 on dimension 1. (/home/ae_reviewer/TempGNN/hardware/baselines/src/rtga_kernel.cpp:207:17)
INFO: [HLS 214-248] Applying array_partition to 'selected_feature_0': Cyclic partitioning with factor 4 on dimension 1. (/home/ae_reviewer/TempGNN/hardware/baselines/src/rtga_kernel.cpp:209:10)
INFO: [HLS 214-248] Applying array_partition to 'selected_feature_1': Cyclic partitioning with factor 4 on dimension 1. (/home/ae_reviewer/TempGNN/hardware/baselines/src/rtga_kernel.cpp:209:10)
INFO: [HLS 214-248] Applying array_partition to 'selected_feature_2': Cyclic partitioning with factor 4 on dimension 1. (/home/ae_reviewer/TempGNN/hardware/baselines/src/rtga_kernel.cpp:209:10)
INFO: [HLS 214-248] Applying array_partition to 'selected_feature_3': Cyclic partitioning with factor 4 on dimension 1. (/home/ae_reviewer/TempGNN/hardware/baselines/src/rtga_kernel.cpp:209:10)
INFO: [HLS 214-248] Applying array_partition to 'selected_feature_4': Cyclic partitioning with factor 4 on dimension 1. (/home/ae_reviewer/TempGNN/hardware/baselines/src/rtga_kernel.cpp:209:10)
INFO: [HLS 214-248] Applying array_partition to 'selected_feature_5': Cyclic partitioning with factor 4 on dimension 1. (/home/ae_reviewer/TempGNN/hardware/baselines/src/rtga_kernel.cpp:209:10)
INFO: [HLS 214-248] Applying array_partition to 'selected_feature_6': Cyclic partitioning with factor 4 on dimension 1. (/home/ae_reviewer/TempGNN/hardware/baselines/src/rtga_kernel.cpp:209:10)
INFO: [HLS 214-248] Applying array_partition to 'selected_feature_7': Cyclic partitioning with factor 4 on dimension 1. (/home/ae_reviewer/TempGNN/hardware/baselines/src/rtga_kernel.cpp:209:10)
INFO: [HLS 214-115] Multiple burst writes of length 2 and bit width 512 has been inferred on bundle 'gmem12'. These burst requests might be further partitioned into multiple requests during RTL generation, based on max_read_burst_length or max_write_burst_length settings. (/home/ae_reviewer/TempGNN/hardware/baselines/include/baseline_hls.hpp:118:5)
INFO: [HLS 214-115] Multiple burst reads of variable length and bit width 32 in loop 'rtga_targets'(/home/ae_reviewer/TempGNN/hardware/baselines/src/rtga_kernel.cpp:145:5) has been inferred on bundle 'gmem6'. These burst requests might be further partitioned into multiple requests during RTL generation, based on max_read_burst_length or max_write_burst_length settings. (/home/ae_reviewer/TempGNN/hardware/baselines/src/rtga_kernel.cpp:145:5)
INFO: [HLS 214-115] Multiple burst reads of variable length and bit width 32 in loop 'rtga_targets'(/home/ae_reviewer/TempGNN/hardware/baselines/src/rtga_kernel.cpp:145:5) has been inferred on bundle 'gmem7'. These burst requests might be further partitioned into multiple requests during RTL generation, based on max_read_burst_length or max_write_burst_length settings. (/home/ae_reviewer/TempGNN/hardware/baselines/src/rtga_kernel.cpp:145:5)
INFO: [HLS 214-115] Multiple burst reads of length 2 and bit width 32 has been inferred on bundle 'gmem3'. These burst requests might be further partitioned into multiple requests during RTL generation, based on max_read_burst_length or max_write_burst_length settings. (/home/ae_reviewer/TempGNN/hardware/baselines/src/rtga_kernel.cpp:153:26)
INFO: [HLS 214-115] Multiple burst reads of length 2 and bit width 32 has been inferred on bundle 'gmem3'. These burst requests might be further partitioned into multiple requests during RTL generation, based on max_read_burst_length or max_write_burst_length settings. (/home/ae_reviewer/TempGNN/hardware/baselines/src/rtga_kernel.cpp:237:35)
INFO: [HLS 214-115] Multiple burst writes of length 2 and bit width 512 has been inferred on bundle 'gmem12'. These burst requests might be further partitioned into multiple requests during RTL generation, based on max_read_burst_length or max_write_burst_length settings. (/home/ae_reviewer/TempGNN/hardware/baselines/src/rtga_kernel.cpp:325:1)
INFO: [HLS 200-111] Finished Compiling Optimization and Transform: CPU user time: 10.1 seconds. CPU system time: 0.56 seconds. Elapsed time: 15.33 seconds; current allocated memory: 273.664 MB.
INFO: [HLS 200-111] Finished Checking Pragmas: CPU user time: 0 seconds. CPU system time: 0 seconds. Elapsed time: 0 seconds; current allocated memory: 273.664 MB.
INFO: [HLS 200-10] Starting code transformations ...
INFO: [HLS 200-111] Finished Standard Transforms: CPU user time: 0.42 seconds. CPU system time: 0.01 seconds. Elapsed time: 0.43 seconds; current allocated memory: 290.695 MB.
INFO: [HLS 200-10] Checking synthesizability ...
INFO: [HLS 200-111] Finished Checking Synthesizability: CPU user time: 0.57 seconds. CPU system time: 0 seconds. Elapsed time: 0.56 seconds; current allocated memory: 292.863 MB.
INFO: [XFORM 203-401] Performing if-conversion on hyperblock from (/home/ae_reviewer/TempGNN/hardware/baselines/src/rtga_kernel.cpp:270:23) to (/home/ae_reviewer/TempGNN/hardware/baselines/src/rtga_kernel.cpp:270:9) in function 'rtga_kernel'... converting 593 basic blocks.
INFO: [XFORM 203-11] Balancing expressions in function 'rtga_kernel' (/home/ae_reviewer/TempGNN/hardware/baselines/src/rtga_kernel.cpp:47)...74 expression(s) balanced.
INFO: [HLS 200-111] Finished Loop, function and other optimizations: CPU user time: 3.63 seconds. CPU system time: 0.05 seconds. Elapsed time: 3.68 seconds; current allocated memory: 354.301 MB.
INFO: [HLS 200-111] Finished Architecture Synthesis: CPU user time: 2.41 seconds. CPU system time: 0.11 seconds. Elapsed time: 2.52 seconds; current allocated memory: 428.078 MB.
INFO: [HLS 200-10] Starting hardware synthesis ...
INFO: [HLS 200-10] Synthesizing 'rtga_kernel' ...
INFO: [HLS 200-10] ----------------------------------------------------------------
INFO: [HLS 200-42] -- Implementing module 'rtga_kernel_Pipeline_baseline_clear_stats_loop' 
INFO: [HLS 200-10] ----------------------------------------------------------------
INFO: [SCHED 204-11] Starting scheduling ...
INFO: [SCHED 204-61] Pipelining loop 'baseline_clear_stats_loop'.
INFO: [HLS 200-1470] Pipelining result : Target II = 1, Final II = 1, Depth = 2, loop 'baseline_clear_stats_loop'
INFO: [SCHED 204-11] Finished scheduling.
INFO: [HLS 200-111] Finished Scheduling: CPU user time: 0.39 seconds. CPU system time: 0.01 seconds. Elapsed time: 0.42 seconds; current allocated memory: 429.777 MB.
INFO: [BIND 205-100] Starting micro-architecture generation ...
INFO: [BIND 205-101] Performing variable lifetime analysis.
INFO: [BIND 205-101] Exploring resource sharing.
INFO: [BIND 205-101] Binding ...
INFO: [BIND 205-100] Finished micro-architecture generation.
INFO: [HLS 200-111] Finished Binding: CPU user time: 0.04 seconds. CPU system time: 0.02 seconds. Elapsed time: 0.05 seconds; current allocated memory: 429.777 MB.
INFO: [HLS 200-10] ----------------------------------------------------------------
INFO: [HLS 200-42] -- Implementing module 'rtga_kernel_Pipeline_rtga_clear_visited' 
INFO: [HLS 200-10] ----------------------------------------------------------------
INFO: [SCHED 204-11] Starting scheduling ...
INFO: [SCHED 204-61] Pipelining loop 'rtga_clear_visited'.
INFO: [HLS 200-1470] Pipelining result : Target II = 1, Final II = 1, Depth = 1, loop 'rtga_clear_visited'
INFO: [SCHED 204-11] Finished scheduling.
INFO: [HLS 200-111] Finished Scheduling: CPU user time: 0.05 seconds. CPU system time: 0 seconds. Elapsed time: 0.05 seconds; current allocated memory: 430.094 MB.
INFO: [BIND 205-100] Starting micro-architecture generation ...
INFO: [BIND 205-101] Performing variable lifetime analysis.
INFO: [BIND 205-101] Exploring resource sharing.
INFO: [BIND 205-101] Binding ...
INFO: [BIND 205-100] Finished micro-architecture generation.
INFO: [HLS 200-111] Finished Binding: CPU user time: 0.02 seconds. CPU system time: 0 seconds. Elapsed time: 0.02 seconds; current allocated memory: 430.094 MB.
INFO: [HLS 200-10] ----------------------------------------------------------------
INFO: [HLS 200-42] -- Implementing module 'rtga_kernel_Pipeline_rtga_load_weights' 
INFO: [HLS 200-10] ----------------------------------------------------------------
INFO: [SCHED 204-11] Starting scheduling ...
INFO: [SCHED 204-61] Pipelining loop 'rtga_load_weights'.
INFO: [HLS 200-1470] Pipelining result : Target II = 1, Final II = 1, Depth = 2, loop 'rtga_load_weights'
INFO: [SCHED 204-11] Finished scheduling.
INFO: [HLS 200-111] Finished Scheduling: CPU user time: 0.1 seconds. CPU system time: 0 seconds. Elapsed time: 0.11 seconds; current allocated memory: 431.367 MB.
INFO: [BIND 205-100] Starting micro-architecture generation ...
INFO: [BIND 205-101] Performing variable lifetime analysis.
INFO: [BIND 205-101] Exploring resource sharing.
INFO: [BIND 205-101] Binding ...
INFO: [BIND 205-100] Finished micro-architecture generation.
INFO: [HLS 200-111] Finished Binding: CPU user time: 0.04 seconds. CPU system time: 0 seconds. Elapsed time: 0.04 seconds; current allocated memory: 431.367 MB.
INFO: [HLS 200-10] ----------------------------------------------------------------
INFO: [HLS 200-42] -- Implementing module 'rtga_kernel_Pipeline_rtga_load_recent' 
INFO: [HLS 200-10] ----------------------------------------------------------------
INFO: [SCHED 204-11] Starting scheduling ...
INFO: [SCHED 204-61] Pipelining loop 'rtga_load_recent'.
INFO: [HLS 200-1470] Pipelining result : Target II = 1, Final II = 1, Depth = 74, loop 'rtga_load_recent'
INFO: [SCHED 204-11] Finished scheduling.
INFO: [HLS 200-111] Finished Scheduling: CPU user time: 0.1 seconds. CPU system time: 0 seconds. Elapsed time: 0.1 seconds; current allocated memory: 431.723 MB.
INFO: [BIND 205-100] Starting micro-architecture generation ...
INFO: [BIND 205-101] Performing variable lifetime analysis.
INFO: [BIND 205-101] Exploring resource sharing.
INFO: [BIND 205-101] Binding ...
INFO: [BIND 205-100] Finished micro-architecture generation.
INFO: [HLS 200-111] Finished Binding: CPU user time: 0.06 seconds. CPU system time: 0 seconds. Elapsed time: 0.07 seconds; current allocated memory: 431.723 MB.
INFO: [HLS 200-10] ----------------------------------------------------------------
INFO: [HLS 200-42] -- Implementing module 'rtga_kernel_Pipeline_rtga_temporal_tree_construction' 
INFO: [HLS 200-10] ----------------------------------------------------------------
INFO: [SCHED 204-11] Starting scheduling ...
INFO: [SCHED 204-61] Pipelining loop 'rtga_temporal_tree_construction'.
WARNING: [HLS 200-880] The II Violation in module 'rtga_kernel_Pipeline_rtga_temporal_tree_construction' (loop 'rtga_temporal_tree_construction'): Unable to enforce a carried dependence constraint (II = 1, distance = 1, offset = 1) between 'store' operation 0 bit ('visited_tag_addr_write_ln199', /home/ae_reviewer/TempGNN/hardware/baselines/src/rtga_kernel.cpp:199) of variable 'tree_edges.event_idx', /home/ae_reviewer/TempGNN/hardware/baselines/src/rtga_kernel.cpp:186 on array 'visited_tag' and 'load' operation 32 bit ('visited_tag_load', /home/ae_reviewer/TempGNN/hardware/baselines/src/rtga_kernel.cpp:194) on array 'visited_tag'.
Resolution: For help on HLS 200-880 see docs.xilinx.com/access/sources/dita/topic?Doc_Version=2023.2%20English&url=ug1448-hls-guidance&resourceid=200-880.html
WARNING: [HLS 200-880] The II Violation in module 'rtga_kernel_Pipeline_rtga_temporal_tree_construction' (loop 'rtga_temporal_tree_construction'): Unable to enforce a carried dependence constraint (II = 2, distance = 1, offset = 1) between 'store' operation 0 bit ('visited_tag_addr_write_ln199', /home/ae_reviewer/TempGNN/hardware/baselines/src/rtga_kernel.cpp:199) of variable 'tree_edges.event_idx', /home/ae_reviewer/TempGNN/hardware/baselines/src/rtga_kernel.cpp:186 on array 'visited_tag' and 'load' operation 32 bit ('visited_tag_load', /home/ae_reviewer/TempGNN/hardware/baselines/src/rtga_kernel.cpp:194) on array 'visited_tag'.
Resolution: For help on HLS 200-880 see docs.xilinx.com/access/sources/dita/topic?Doc_Version=2023.2%20English&url=ug1448-hls-guidance&resourceid=200-880.html
INFO: [HLS 200-1470] Pipelining result : Target II = NA, Final II = 3, Depth = 76, loop 'rtga_temporal_tree_construction'
INFO: [SCHED 204-11] Finished scheduling.
INFO: [HLS 200-111] Finished Scheduling: CPU user time: 0.46 seconds. CPU system time: 0.01 seconds. Elapsed time: 0.47 seconds; current allocated memory: 437.395 MB.
INFO: [BIND 205-100] Starting micro-architecture generation ...
INFO: [BIND 205-101] Performing variable lifetime analysis.
INFO: [BIND 205-101] Exploring resource sharing.
INFO: [BIND 205-101] Binding ...
INFO: [BIND 205-100] Finished micro-architecture generation.
INFO: [HLS 200-111] Finished Binding: CPU user time: 0.13 seconds. CPU system time: 0.02 seconds. Elapsed time: 0.14 seconds; current allocated memory: 437.395 MB.
INFO: [HLS 200-10] ----------------------------------------------------------------
INFO: [HLS 200-42] -- Implementing module 'rtga_kernel_Pipeline_rtga_temporal_aware_cache' 
INFO: [HLS 200-10] ----------------------------------------------------------------
INFO: [SCHED 204-11] Starting scheduling ...
INFO: [SCHED 204-61] Pipelining loop 'rtga_temporal_aware_cache'.
WARNING: [HLS 200-880] The II Violation in module 'rtga_kernel_Pipeline_rtga_temporal_aware_cache' (loop 'rtga_temporal_aware_cache'): Unable to enforce a carried dependence constraint (II = 1, distance = 1, offset = 0) between 'store' operation 0 bit ('cache_valid_16_write_ln93', /home/ae_reviewer/TempGNN/hardware/baselines/src/rtga_kernel.cpp:93) of constant 1 on local variable 'cache_valid', /home/ae_reviewer/TempGNN/hardware/baselines/src/rtga_kernel.cpp:93 and 'load' operation 1 bit ('cache_valid_16_load', /home/ae_reviewer/TempGNN/hardware/baselines/src/rtga_kernel.cpp:228) on local variable 'cache_valid', /home/ae_reviewer/TempGNN/hardware/baselines/src/rtga_kernel.cpp:93.
Resolution: For help on HLS 200-880 see docs.xilinx.com/access/sources/dita/topic?Doc_Version=2023.2%20English&url=ug1448-hls-guidance&resourceid=200-880.html
WARNING: [HLS 200-880] The II Violation in module 'rtga_kernel_Pipeline_rtga_temporal_aware_cache' (loop 'rtga_temporal_aware_cache'): Unable to enforce a carried dependence constraint (II = 2, distance = 1, offset = 0) between 'store' operation 0 bit ('cache_valid_16_write_ln93', /home/ae_reviewer/TempGNN/hardware/baselines/src/rtga_kernel.cpp:93) of constant 1 on local variable 'cache_valid', /home/ae_reviewer/TempGNN/hardware/baselines/src/rtga_kernel.cpp:93 and 'load' operation 1 bit ('cache_valid_16_load', /home/ae_reviewer/TempGNN/hardware/baselines/src/rtga_kernel.cpp:228) on local variable 'cache_valid', /home/ae_reviewer/TempGNN/hardware/baselines/src/rtga_kernel.cpp:93.
Resolution: For help on HLS 200-880 see docs.xilinx.com/access/sources/dita/topic?Doc_Version=2023.2%20English&url=ug1448-hls-guidance&resourceid=200-880.html
WARNING: [HLS 200-880] The II Violation in module 'rtga_kernel_Pipeline_rtga_temporal_aware_cache' (loop 'rtga_temporal_aware_cache'): Unable to enforce a carried dependence constraint (II = 3, distance = 1, offset = 0) between 'store' operation 0 bit ('cache_valid_16_write_ln93', /home/ae_reviewer/TempGNN/hardware/baselines/src/rtga_kernel.cpp:93) of constant 1 on local variable 'cache_valid', /home/ae_reviewer/TempGNN/hardware/baselines/src/rtga_kernel.cpp:93 and 'load' operation 1 bit ('cache_valid_16_load', /home/ae_reviewer/TempGNN/hardware/baselines/src/rtga_kernel.cpp:228) on local variable 'cache_valid', /home/ae_reviewer/TempGNN/hardware/baselines/src/rtga_kernel.cpp:93.
Resolution: For help on HLS 200-880 see docs.xilinx.com/access/sources/dita/topic?Doc_Version=2023.2%20English&url=ug1448-hls-guidance&resourceid=200-880.html
WARNING: [HLS 200-880] The II Violation in module 'rtga_kernel_Pipeline_rtga_temporal_aware_cache' (loop 'rtga_temporal_aware_cache'): Unable to enforce a carried dependence constraint (II = 4, distance = 1, offset = 0) between 'store' operation 0 bit ('cache_valid_16_write_ln93', /home/ae_reviewer/TempGNN/hardware/baselines/src/rtga_kernel.cpp:93) of constant 1 on local variable 'cache_valid', /home/ae_reviewer/TempGNN/hardware/baselines/src/rtga_kernel.cpp:93 and 'load' operation 1 bit ('cache_valid_16_load', /home/ae_reviewer/TempGNN/hardware/baselines/src/rtga_kernel.cpp:228) on local variable 'cache_valid', /home/ae_reviewer/TempGNN/hardware/baselines/src/rtga_kernel.cpp:93.
Resolution: For help on HLS 200-880 see docs.xilinx.com/access/sources/dita/topic?Doc_Version=2023.2%20English&url=ug1448-hls-guidance&resourceid=200-880.html
WARNING: [HLS 200-880] The II Violation in module 'rtga_kernel_Pipeline_rtga_temporal_aware_cache' (loop 'rtga_temporal_aware_cache'): Unable to enforce a carried dependence constraint (II = 35, distance = 1, offset = 0) between 'store' operation 0 bit ('cache_valid_16_write_ln93', /home/ae_reviewer/TempGNN/hardware/baselines/src/rtga_kernel.cpp:93) of constant 1 on local variable 'cache_valid', /home/ae_reviewer/TempGNN/hardware/baselines/src/rtga_kernel.cpp:93 and 'load' operation 1 bit ('cache_valid_16_load', /home/ae_reviewer/TempGNN/hardware/baselines/src/rtga_kernel.cpp:228) on local variable 'cache_valid', /home/ae_reviewer/TempGNN/hardware/baselines/src/rtga_kernel.cpp:93.
Resolution: For help on HLS 200-880 see docs.xilinx.com/access/sources/dita/topic?Doc_Version=2023.2%20English&url=ug1448-hls-guidance&resourceid=200-880.html
WARNING: [HLS 200-880] The II Violation in module 'rtga_kernel_Pipeline_rtga_temporal_aware_cache' (loop 'rtga_temporal_aware_cache'): Unable to enforce a carried dependence constraint (II = 51, distance = 1, offset = 0) between 'store' operation 0 bit ('cache_valid_16_write_ln93', /home/ae_reviewer/TempGNN/hardware/baselines/src/rtga_kernel.cpp:93) of constant 1 on local variable 'cache_valid', /home/ae_reviewer/TempGNN/hardware/baselines/src/rtga_kernel.cpp:93 and 'load' operation 1 bit ('cache_valid_16_load', /home/ae_reviewer/TempGNN/hardware/baselines/src/rtga_kernel.cpp:228) on local variable 'cache_valid', /home/ae_reviewer/TempGNN/hardware/baselines/src/rtga_kernel.cpp:93.
Resolution: For help on HLS 200-880 see docs.xilinx.com/access/sources/dita/topic?Doc_Version=2023.2%20English&url=ug1448-hls-guidance&resourceid=200-880.html
WARNING: [HLS 200-880] The II Violation in module 'rtga_kernel_Pipeline_rtga_temporal_aware_cache' (loop 'rtga_temporal_aware_cache'): Unable to enforce a carried dependence constraint (II = 55, distance = 1, offset = 0) between 'store' operation 0 bit ('cache_valid_16_write_ln93', /home/ae_reviewer/TempGNN/hardware/baselines/src/rtga_kernel.cpp:93) of constant 1 on local variable 'cache_valid', /home/ae_reviewer/TempGNN/hardware/baselines/src/rtga_kernel.cpp:93 and 'load' operation 1 bit ('cache_valid_16_load', /home/ae_reviewer/TempGNN/hardware/baselines/src/rtga_kernel.cpp:228) on local variable 'cache_valid', /home/ae_reviewer/TempGNN/hardware/baselines/src/rtga_kernel.cpp:93.
Resolution: For help on HLS 200-880 see docs.xilinx.com/access/sources/dita/topic?Doc_Version=2023.2%20English&url=ug1448-hls-guidance&resourceid=200-880.html
WARNING: [HLS 200-880] The II Violation in module 'rtga_kernel_Pipeline_rtga_temporal_aware_cache' (loop 'rtga_temporal_aware_cache'): Unable to enforce a carried dependence constraint (II = 57, distance = 1, offset = 0) between 'store' operation 0 bit ('cache_valid_16_write_ln93', /home/ae_reviewer/TempGNN/hardware/baselines/src/rtga_kernel.cpp:93) of constant 1 on local variable 'cache_valid', /home/ae_reviewer/TempGNN/hardware/baselines/src/rtga_kernel.cpp:93 and 'load' operation 1 bit ('cache_valid_16_load', /home/ae_reviewer/TempGNN/hardware/baselines/src/rtga_kernel.cpp:228) on local variable 'cache_valid', /home/ae_reviewer/TempGNN/hardware/baselines/src/rtga_kernel.cpp:93.
Resolution: For help on HLS 200-880 see docs.xilinx.com/access/sources/dita/topic?Doc_Version=2023.2%20English&url=ug1448-hls-guidance&resourceid=200-880.html
WARNING: [HLS 200-880] The II Violation in module 'rtga_kernel_Pipeline_rtga_temporal_aware_cache' (loop 'rtga_temporal_aware_cache'): Unable to enforce a carried dependence constraint (II = 58, distance = 1, offset = 0) between 'store' operation 0 bit ('cache_valid_16_write_ln93', /home/ae_reviewer/TempGNN/hardware/baselines/src/rtga_kernel.cpp:93) of constant 1 on local variable 'cache_valid', /home/ae_reviewer/TempGNN/hardware/baselines/src/rtga_kernel.cpp:93 and 'load' operation 1 bit ('cache_valid_16_load', /home/ae_reviewer/TempGNN/hardware/baselines/src/rtga_kernel.cpp:228) on local variable 'cache_valid', /home/ae_reviewer/TempGNN/hardware/baselines/src/rtga_kernel.cpp:93.
Resolution: For help on HLS 200-880 see docs.xilinx.com/access/sources/dita/topic?Doc_Version=2023.2%20English&url=ug1448-hls-guidance&resourceid=200-880.html
INFO: [HLS 200-1470] Pipelining result : Target II = NA, Final II = 59, Depth = 111, loop 'rtga_temporal_aware_cache'
INFO: [SCHED 204-11] Finished scheduling.
INFO: [HLS 200-111] Finished Scheduling: CPU user time: 1.9 seconds. CPU system time: 0.03 seconds. Elapsed time: 1.94 seconds; current allocated memory: 462.027 MB.
INFO: [BIND 205-100] Starting micro-architecture generation ...
INFO: [BIND 205-101] Performing variable lifetime analysis.
INFO: [BIND 205-101] Exploring resource sharing.
INFO: [BIND 205-101] Binding ...
INFO: [BIND 205-100] Finished micro-architecture generation.
INFO: [HLS 200-111] Finished Binding: CPU user time: 0.24 seconds. CPU system time: 0.01 seconds. Elapsed time: 0.26 seconds; current allocated memory: 462.027 MB.
INFO: [HLS 200-10] ----------------------------------------------------------------
INFO: [HLS 200-42] -- Implementing module 'rtga_kernel_Pipeline_rtga_tau_groups' 
INFO: [HLS 200-10] ----------------------------------------------------------------
INFO: [SCHED 204-11] Starting scheduling ...
INFO: [HLS 200-486] Changing DSP latency (root=add_ln33_63) to 3 in order to utilize available DSP registers.
INFO: [HLS 200-486] Changing DSP latency (root=add_ln33_62) to 3 in order to utilize available DSP registers.
INFO: [HLS 200-486] Changing DSP latency (root=add_ln33_61) to 3 in order to utilize available DSP registers.
INFO: [HLS 200-486] Changing DSP latency (root=add_ln33_60) to 3 in order to utilize available DSP registers.
INFO: [HLS 200-486] Changing DSP latency (root=add_ln33_59) to 3 in order to utilize available DSP registers.
INFO: [HLS 200-486] Changing DSP latency (root=add_ln33_58) to 3 in order to utilize available DSP registers.
INFO: [HLS 200-486] Changing DSP latency (root=add_ln33_57) to 3 in order to utilize available DSP registers.
INFO: [HLS 200-486] Changing DSP latency (root=add_ln33_56) to 3 in order to utilize available DSP registers.
INFO: [HLS 200-486] Changing DSP latency (root=add_ln33_55) to 3 in order to utilize available DSP registers.
INFO: [HLS 200-486] Changing DSP latency (root=add_ln33_54) to 3 in order to utilize available DSP registers.
INFO: [HLS 200-486] Changing DSP latency (root=add_ln33_53) to 3 in order to utilize available DSP registers.
INFO: [HLS 200-486] Changing DSP latency (root=add_ln33_52) to 3 in order to utilize available DSP registers.
INFO: [HLS 200-486] Changing DSP latency (root=add_ln33_51) to 3 in order to utilize available DSP registers.
INFO: [HLS 200-486] Changing DSP latency (root=add_ln33_50) to 3 in order to utilize available DSP registers.
INFO: [HLS 200-486] Changing DSP latency (root=add_ln33_49) to 3 in order to utilize available DSP registers.
INFO: [HLS 200-486] Changing DSP latency (root=add_ln33_48) to 3 in order to utilize available DSP registers.
INFO: [HLS 200-486] Changing DSP latency (root=add_ln33_47) to 3 in order to utilize available DSP registers.
INFO: [HLS 200-486] Changing DSP latency (root=add_ln33_46) to 3 in order to utilize available DSP registers.
INFO: [HLS 200-486] Changing DSP latency (root=add_ln33_45) to 3 in order to utilize available DSP registers.
INFO: [HLS 200-486] Changing DSP latency (root=add_ln33_44) to 3 in order to utilize available DSP registers.
INFO: [HLS 200-486] Changing DSP latency (root=add_ln33_43) to 3 in order to utilize available DSP registers.
INFO: [HLS 200-486] Changing DSP latency (root=add_ln33_42) to 3 in order to utilize available DSP registers.
INFO: [HLS 200-486] Changing DSP latency (root=add_ln33_41) to 3 in order to utilize available DSP registers.
INFO: [HLS 200-486] Changing DSP latency (root=add_ln33_40) to 3 in order to utilize available DSP registers.
INFO: [HLS 200-486] Changing DSP latency (root=add_ln33_39) to 3 in order to utilize available DSP registers.
INFO: [HLS 200-486] Changing DSP latency (root=add_ln33_38) to 3 in order to utilize available DSP registers.
INFO: [HLS 200-486] Changing DSP latency (root=add_ln33_37) to 3 in order to utilize available DSP registers.
INFO: [HLS 200-486] Changing DSP latency (root=add_ln33_36) to 3 in order to utilize available DSP registers.
INFO: [HLS 200-486] Changing DSP latency (root=add_ln33_35) to 3 in order to utilize available DSP registers.
INFO: [HLS 200-486] Changing DSP latency (root=add_ln33_34) to 3 in order to utilize available DSP registers.
INFO: [HLS 200-486] Changing DSP latency (root=add_ln33_33) to 3 in order to utilize available DSP registers.
INFO: [HLS 200-486] Changing DSP latency (root=add_ln33_32) to 3 in order to utilize available DSP registers.
INFO: [HLS 200-486] Changing DSP latency (root=add_ln33_31) to 3 in order to utilize available DSP registers.
INFO: [HLS 200-486] Changing DSP latency (root=add_ln33_30) to 3 in order to utilize available DSP registers.
INFO: [HLS 200-486] Changing DSP latency (root=add_ln33_29) to 3 in order to utilize available DSP registers.
INFO: [HLS 200-486] Changing DSP latency (root=add_ln33_28) to 3 in order to utilize available DSP registers.
INFO: [HLS 200-486] Changing DSP latency (root=add_ln33_27) to 3 in order to utilize available DSP registers.
INFO: [HLS 200-486] Changing DSP latency (root=add_ln33_26) to 3 in order to utilize available DSP registers.
INFO: [HLS 200-486] Changing DSP latency (root=add_ln33_25) to 3 in order to utilize available DSP registers.
INFO: [HLS 200-486] Changing DSP latency (root=add_ln33_24) to 3 in order to utilize available DSP registers.
INFO: [HLS 200-486] Changing DSP latency (root=add_ln33_23) to 3 in order to utilize available DSP registers.
INFO: [HLS 200-486] Changing DSP latency (root=add_ln33_22) to 3 in order to utilize available DSP registers.
INFO: [HLS 200-486] Changing DSP latency (root=add_ln33_21) to 3 in order to utilize available DSP registers.
INFO: [HLS 200-486] Changing DSP latency (root=add_ln33_20) to 3 in order to utilize available DSP registers.
INFO: [HLS 200-486] Changing DSP latency (root=add_ln33_19) to 3 in order to utilize available DSP registers.
INFO: [HLS 200-486] Changing DSP latency (root=add_ln33_18) to 3 in order to utilize available DSP registers.
INFO: [HLS 200-486] Changing DSP latency (root=add_ln33_17) to 3 in order to utilize available DSP registers.
INFO: [HLS 200-486] Changing DSP latency (root=add_ln33_16) to 3 in order to utilize available DSP registers.
INFO: [HLS 200-486] Changing DSP latency (root=add_ln33_15) to 3 in order to utilize available DSP registers.
INFO: [HLS 200-486] Changing DSP latency (root=add_ln33_14) to 3 in order to utilize available DSP registers.
INFO: [HLS 200-486] Changing DSP latency (root=add_ln33_13) to 3 in order to utilize available DSP registers.
INFO: [HLS 200-486] Changing DSP latency (root=add_ln33_12) to 3 in order to utilize available DSP registers.
INFO: [HLS 200-486] Changing DSP latency (root=add_ln33_11) to 3 in order to utilize available DSP registers.
INFO: [HLS 200-486] Changing DSP latency (root=add_ln33_10) to 3 in order to utilize available DSP registers.
INFO: [HLS 200-486] Changing DSP latency (root=add_ln33_9) to 3 in order to utilize available DSP registers.
INFO: [HLS 200-486] Changing DSP latency (root=add_ln33_8) to 3 in order to utilize available DSP registers.
INFO: [HLS 200-486] Changing DSP latency (root=add_ln33_7) to 3 in order to utilize available DSP registers.
INFO: [HLS 200-486] Changing DSP latency (root=add_ln33_6) to 3 in order to utilize available DSP registers.
INFO: [HLS 200-486] Changing DSP latency (root=add_ln33_5) to 3 in order to utilize available DSP registers.
INFO: [HLS 200-486] Changing DSP latency (root=add_ln33_4) to 3 in order to utilize available DSP registers.
INFO: [HLS 200-486] Changing DSP latency (root=add_ln33_3) to 3 in order to utilize available DSP registers.
INFO: [HLS 200-486] Changing DSP latency (root=add_ln33_2) to 3 in order to utilize available DSP registers.
INFO: [HLS 200-486] Changing DSP latency (root=add_ln33_1) to 3 in order to utilize available DSP registers.
INFO: [HLS 200-486] Changing DSP latency (root=add_ln33) to 3 in order to utilize available DSP registers.
INFO: [SCHED 204-61] Pipelining loop 'rtga_tau_groups'.
WARNING: [HLS 200-880] The II Violation in module 'rtga_kernel_Pipeline_rtga_tau_groups' (loop 'rtga_tau_groups'): Unable to enforce a carried dependence constraint (II = 1, distance = 1, offset = 1) between 'select' operation 32 bit ('select_ln275_47', /home/ae_reviewer/TempGNN/hardware/baselines/src/rtga_kernel.cpp:275) and 'add' operation 32 bit ('add_ln279', /home/ae_reviewer/TempGNN/hardware/baselines/src/rtga_kernel.cpp:279).
Resolution: For help on HLS 200-880 see docs.xilinx.com/access/sources/dita/topic?Doc_Version=2023.2%20English&url=ug1448-hls-guidance&resourceid=200-880.html
WARNING: [HLS 200-880] The II Violation in module 'rtga_kernel_Pipeline_rtga_tau_groups' (loop 'rtga_tau_groups'): Unable to enforce a carried dependence constraint (II = 2, distance = 1, offset = 1) between 'select' operation 32 bit ('select_ln275_47', /home/ae_reviewer/TempGNN/hardware/baselines/src/rtga_kernel.cpp:275) and 'add' operation 32 bit ('add_ln279', /home/ae_reviewer/TempGNN/hardware/baselines/src/rtga_kernel.cpp:279).
Resolution: For help on HLS 200-880 see docs.xilinx.com/access/sources/dita/topic?Doc_Version=2023.2%20English&url=ug1448-hls-guidance&resourceid=200-880.html
WARNING: [HLS 200-880] The II Violation in module 'rtga_kernel_Pipeline_rtga_tau_groups' (loop 'rtga_tau_groups'): Unable to enforce a carried dependence constraint (II = 3, distance = 1, offset = 1) between 'select' operation 32 bit ('select_ln275_63', /home/ae_reviewer/TempGNN/hardware/baselines/src/rtga_kernel.cpp:275) and 'add' operation 32 bit ('add_ln279_16', /home/ae_reviewer/TempGNN/hardware/baselines/src/rtga_kernel.cpp:279).
Resolution: For help on HLS 200-880 see docs.xilinx.com/access/sources/dita/topic?Doc_Version=2023.2%20English&url=ug1448-hls-guidance&resourceid=200-880.html
INFO: [HLS 200-1470] Pipelining result : Target II = NA, Final II = 4, Depth = 10, loop 'rtga_tau_groups'
INFO: [SCHED 204-11] Finished scheduling.
INFO: [HLS 200-111] Finished Scheduling: CPU user time: 7.6 seconds. CPU system time: 0.04 seconds. Elapsed time: 7.64 seconds; current allocated memory: 515.742 MB.
INFO: [BIND 205-100] Starting micro-architecture generation ...
INFO: [BIND 205-101] Performing variable lifetime analysis.
INFO: [BIND 205-101] Exploring resource sharing.
INFO: [BIND 205-101] Binding ...
INFO: [BIND 205-100] Finished micro-architecture generation.
INFO: [HLS 200-111] Finished Binding: CPU user time: 2.48 seconds. CPU system time: 0.03 seconds. Elapsed time: 2.51 seconds; current allocated memory: 515.742 MB.
INFO: [HLS 200-10] ----------------------------------------------------------------
INFO: [HLS 200-42] -- Implementing module 'rtga_kernel' 
INFO: [HLS 200-10] ----------------------------------------------------------------
INFO: [SCHED 204-11] Starting scheduling ...
INFO: [SCHED 204-11] Finished scheduling.
INFO: [HLS 200-111] Finished Scheduling: CPU user time: 2.09 seconds. CPU system time: 0.02 seconds. Elapsed time: 2.12 seconds; current allocated memory: 515.742 MB.
INFO: [BIND 205-100] Starting micro-architecture generation ...
INFO: [BIND 205-101] Performing variable lifetime analysis.
INFO: [BIND 205-101] Exploring resource sharing.
INFO: [BIND 205-101] Binding ...
INFO: [BIND 205-100] Finished micro-architecture generation.
INFO: [HLS 200-111] Finished Binding: CPU user time: 0.89 seconds. CPU system time: 0.02 seconds. Elapsed time: 0.91 seconds; current allocated memory: 515.742 MB.
INFO: [HLS 200-10] ----------------------------------------------------------------
INFO: [HLS 200-10] -- Generating RTL for module 'rtga_kernel_Pipeline_baseline_clear_stats_loop' 
INFO: [HLS 200-10] ----------------------------------------------------------------
INFO: [HLS 200-1030] Apply Unified Pipeline Control on module 'rtga_kernel_Pipeline_baseline_clear_stats_loop' pipeline 'baseline_clear_stats_loop' pipeline type 'loop pipeline'
WARNING: [RTGEN 206-101] Setting dangling out port 'rtga_kernel_Pipeline_baseline_clear_stats_loop/m_axi_gmem12_AWVALID' to 0.
WARNING: [RTGEN 206-101] Setting dangling out port 'rtga_kernel_Pipeline_baseline_clear_stats_loop/m_axi_gmem12_AWADDR' to 0.
WARNING: [RTGEN 206-101] Setting dangling out port 'rtga_kernel_Pipeline_baseline_clear_stats_loop/m_axi_gmem12_AWID' to 0.
WARNING: [RTGEN 206-101] Setting dangling out port 'rtga_kernel_Pipeline_baseline_clear_stats_loop/m_axi_gmem12_AWLEN' to 0.
WARNING: [RTGEN 206-101] Setting dangling out port 'rtga_kernel_Pipeline_baseline_clear_stats_loop/m_axi_gmem12_AWSIZE' to 0.
WARNING: [RTGEN 206-101] Setting dangling out port 'rtga_kernel_Pipeline_baseline_clear_stats_loop/m_axi_gmem12_AWBURST' to 0.
WARNING: [RTGEN 206-101] Setting dangling out port 'rtga_kernel_Pipeline_baseline_clear_stats_loop/m_axi_gmem12_AWLOCK' to 0.
WARNING: [RTGEN 206-101] Setting dangling out port 'rtga_kernel_Pipeline_baseline_clear_stats_loop/m_axi_gmem12_AWCACHE' to 0.
WARNING: [RTGEN 206-101] Setting dangling out port 'rtga_kernel_Pipeline_baseline_clear_stats_loop/m_axi_gmem12_AWPROT' to 0.
WARNING: [RTGEN 206-101] Setting dangling out port 'rtga_kernel_Pipeline_baseline_clear_stats_loop/m_axi_gmem12_AWQOS' to 0.
WARNING: [RTGEN 206-101] Setting dangling out port 'rtga_kernel_Pipeline_baseline_clear_stats_loop/m_axi_gmem12_AWREGION' to 0.
WARNING: [RTGEN 206-101] Setting dangling out port 'rtga_kernel_Pipeline_baseline_clear_stats_loop/m_axi_gmem12_AWUSER' to 0.
WARNING: [RTGEN 206-101] Setting dangling out port 'rtga_kernel_Pipeline_baseline_clear_stats_loop/m_axi_gmem12_BREADY' to 0.
INFO: [RTGEN 206-100] Finished creating RTL model for 'rtga_kernel_Pipeline_baseline_clear_stats_loop'.
INFO: [HLS 200-111] Finished Creating RTL model: CPU user time: 0.48 seconds. CPU system time: 0.03 seconds. Elapsed time: 0.51 seconds; current allocated memory: 515.742 MB.
INFO: [HLS 200-10] ----------------------------------------------------------------
INFO: [HLS 200-10] -- Generating RTL for module 'rtga_kernel_Pipeline_rtga_clear_visited' 
INFO: [HLS 200-10] ----------------------------------------------------------------
INFO: [RTGEN 206-100] Finished creating RTL model for 'rtga_kernel_Pipeline_rtga_clear_visited'.
INFO: [HLS 200-111] Finished Creating RTL model: CPU user time: 0.07 seconds. CPU system time: 0 seconds. Elapsed time: 0.08 seconds; current allocated memory: 515.742 MB.
INFO: [HLS 200-10] ----------------------------------------------------------------
INFO: [HLS 200-10] -- Generating RTL for module 'rtga_kernel_Pipeline_rtga_load_weights' 
INFO: [HLS 200-10] ----------------------------------------------------------------
INFO: [HLS 200-1030] Apply Unified Pipeline Control on module 'rtga_kernel_Pipeline_rtga_load_weights' pipeline 'rtga_load_weights' pipeline type 'loop pipeline'
INFO: [RTGEN 206-100] Finished creating RTL model for 'rtga_kernel_Pipeline_rtga_load_weights'.
INFO: [HLS 200-111] Finished Creating RTL model: CPU user time: 0.07 seconds. CPU system time: 0.01 seconds. Elapsed time: 0.08 seconds; current allocated memory: 515.742 MB.
INFO: [HLS 200-10] ----------------------------------------------------------------
INFO: [HLS 200-10] -- Generating RTL for module 'rtga_kernel_Pipeline_rtga_load_recent' 
INFO: [HLS 200-10] ----------------------------------------------------------------
INFO: [HLS 200-1030] Apply Unified Pipeline Control on module 'rtga_kernel_Pipeline_rtga_load_recent' pipeline 'rtga_load_recent' pipeline type 'loop pipeline'
INFO: [RTGEN 206-100] Finished creating RTL model for 'rtga_kernel_Pipeline_rtga_load_recent'.
INFO: [HLS 200-111] Finished Creating RTL model: CPU user time: 0.16 seconds. CPU system time: 0.01 seconds. Elapsed time: 0.17 seconds; current allocated memory: 516.434 MB.
INFO: [HLS 200-10] ----------------------------------------------------------------
INFO: [HLS 200-10] -- Generating RTL for module 'rtga_kernel_Pipeline_rtga_temporal_tree_construction' 
INFO: [HLS 200-10] ----------------------------------------------------------------
INFO: [HLS 200-1030] Apply Unified Pipeline Control on module 'rtga_kernel_Pipeline_rtga_temporal_tree_construction' pipeline 'rtga_temporal_tree_construction' pipeline type 'loop pipeline'
INFO: [RTGEN 206-104] Estimated max fanout for 'rtga_kernel_Pipeline_rtga_temporal_tree_construction' is 13840 from HDL expression: ((1'b1 == ap_CS_fsm_pp0_stage0) & (1'b0 == ap_block_pp0_stage0_11001))
INFO: [RTGEN 206-100] Finished creating RTL model for 'rtga_kernel_Pipeline_rtga_temporal_tree_construction'.
INFO: [HLS 200-111] Finished Creating RTL model: CPU user time: 0.5 seconds. CPU system time: 0.02 seconds. Elapsed time: 0.52 seconds; current allocated memory: 524.285 MB.
INFO: [HLS 200-10] ----------------------------------------------------------------
INFO: [HLS 200-10] -- Generating RTL for module 'rtga_kernel_Pipeline_rtga_temporal_aware_cache' 
INFO: [HLS 200-10] ----------------------------------------------------------------
INFO: [RTGEN 206-100] Generating core module 'sparsemux_41_5_29_1_1': 1 instance(s).
INFO: [RTGEN 206-100] Generating core module 'sparsemux_41_5_32_1_1': 2 instance(s).
INFO: [RTGEN 206-100] Generating core module 'udiv_32ns_13ns_32_36_1': 1 instance(s).
INFO: [RTGEN 206-100] Finished creating RTL model for 'rtga_kernel_Pipeline_rtga_temporal_aware_cache'.
INFO: [HLS 200-111] Finished Creating RTL model: CPU user time: 0.63 seconds. CPU system time: 0.02 seconds. Elapsed time: 0.66 seconds; current allocated memory: 539.445 MB.
INFO: [HLS 200-10] ----------------------------------------------------------------
INFO: [HLS 200-10] -- Generating RTL for module 'rtga_kernel_Pipeline_rtga_tau_groups' 
INFO: [HLS 200-10] ----------------------------------------------------------------
INFO: [HLS 200-1030] Apply Unified Pipeline Control on module 'rtga_kernel_Pipeline_rtga_tau_groups' pipeline 'rtga_tau_groups' pipeline type 'loop pipeline'
INFO: [RTGEN 206-100] Generating core module 'mac_muladd_16s_16s_32s_32_4_1': 64 instance(s).
INFO: [RTGEN 206-100] Generating core module 'mul_16s_16s_32_1_1': 64 instance(s).
INFO: [RTGEN 206-100] Finished creating RTL model for 'rtga_kernel_Pipeline_rtga_tau_groups'.
INFO: [HLS 200-111] Finished Creating RTL model: CPU user time: 1.78 seconds. CPU system time: 0.06 seconds. Elapsed time: 1.85 seconds; current allocated memory: 597.406 MB.
INFO: [HLS 200-10] ----------------------------------------------------------------
INFO: [HLS 200-10] -- Generating RTL for module 'rtga_kernel' 
INFO: [HLS 200-10] ----------------------------------------------------------------
WARNING: [RTGEN 206-101] Design contains AXI ports. Reset is fixed to synchronous and active low.
INFO: [RTGEN 206-500] Setting interface mode on port 'rtga_kernel/gmem0' to 'm_axi'.
INFO: [RTGEN 206-500] Setting interface mode on port 'rtga_kernel/gmem1' to 'm_axi'.
INFO: [RTGEN 206-500] Setting interface mode on port 'rtga_kernel/gmem2' to 'm_axi'.
INFO: [RTGEN 206-500] Setting interface mode on port 'rtga_kernel/gmem3' to 'm_axi'.
INFO: [RTGEN 206-500] Setting interface mode on port 'rtga_kernel/gmem4' to 'm_axi'.
INFO: [RTGEN 206-500] Setting interface mode on port 'rtga_kernel/gmem5' to 'm_axi'.
INFO: [RTGEN 206-500] Setting interface mode on port 'rtga_kernel/gmem6' to 'm_axi'.
INFO: [RTGEN 206-500] Setting interface mode on port 'rtga_kernel/gmem7' to 'm_axi'.
INFO: [RTGEN 206-500] Setting interface mode on port 'rtga_kernel/gmem8' to 'm_axi'.
INFO: [RTGEN 206-500] Setting interface mode on port 'rtga_kernel/gmem9' to 'm_axi'.
INFO: [RTGEN 206-500] Setting interface mode on port 'rtga_kernel/gmem10' to 'm_axi'.
INFO: [RTGEN 206-500] Setting interface mode on port 'rtga_kernel/gmem11' to 'm_axi'.
INFO: [RTGEN 206-500] Setting interface mode on port 'rtga_kernel/gmem12' to 'm_axi'.
INFO: [RTGEN 206-500] Setting interface mode on port 'rtga_kernel/event_src' to 's_axilite & ap_none'.
INFO: [RTGEN 206-500] Setting interface mode on port 'rtga_kernel/event_dst' to 's_axilite & ap_none'.
INFO: [RTGEN 206-500] Setting interface mode on port 'rtga_kernel/event_ts' to 's_axilite & ap_none'.
INFO: [RTGEN 206-500] Setting interface mode on port 'rtga_kernel/num_events' to 's_axilite & ap_none'.
INFO: [RTGEN 206-500] Setting interface mode on port 'rtga_kernel/vertex_offsets' to 's_axilite & ap_none'.
INFO: [RTGEN 206-500] Setting interface mode on port 'rtga_kernel/history_event_idx' to 's_axilite & ap_none'.
INFO: [RTGEN 206-500] Setting interface mode on port 'rtga_kernel/history_peer' to 's_axilite & ap_none'.
INFO: [RTGEN 206-500] Setting interface mode on port 'rtga_kernel/num_vertices' to 's_axilite & ap_none'.
INFO: [RTGEN 206-500] Setting interface mode on port 'rtga_kernel/target_vertex' to 's_axilite & ap_none'.
INFO: [RTGEN 206-500] Setting interface mode on port 'rtga_kernel/target_event_idx' to 's_axilite & ap_none'.
INFO: [RTGEN 206-500] Setting interface mode on port 'rtga_kernel/num_targets' to 's_axilite & ap_none'.
INFO: [RTGEN 206-500] Setting interface mode on port 'rtga_kernel/fanout' to 's_axilite & ap_none'.
INFO: [RTGEN 206-500] Setting interface mode on port 'rtga_kernel/depth' to 's_axilite & ap_none'.
INFO: [RTGEN 206-500] Setting interface mode on port 'rtga_kernel/model_id' to 's_axilite & ap_none'.
INFO: [RTGEN 206-500] Setting interface mode on port 'rtga_kernel/inference_mode' to 's_axilite & ap_none'.
INFO: [RTGEN 206-500] Setting interface mode on port 'rtga_kernel/reproduction_flags' to 's_axilite & ap_none'.
INFO: [RTGEN 206-500] Setting interface mode on port 'rtga_kernel/initial_memory' to 's_axilite & ap_none'.
INFO: [RTGEN 206-500] Setting interface mode on port 'rtga_kernel/event_features' to 's_axilite & ap_none'.
INFO: [RTGEN 206-500] Setting interface mode on port 'rtga_kernel/weight_self' to 's_axilite & ap_none'.
INFO: [RTGEN 206-500] Setting interface mode on port 'rtga_kernel/weight_peer' to 's_axilite & ap_none'.
INFO: [RTGEN 206-500] Setting interface mode on port 'rtga_kernel/weight_event' to 's_axilite & ap_none'.
INFO: [RTGEN 206-500] Setting interface mode on port 'rtga_kernel/bias' to 's_axilite & ap_none'.
INFO: [RTGEN 206-500] Setting interface mode on port 'rtga_kernel/embedding_out' to 's_axilite & ap_none'.
INFO: [RTGEN 206-500] Setting interface mode on port 'rtga_kernel/stats_out' to 's_axilite & ap_none'.
INFO: [RTGEN 206-500] Setting interface mode on function 'rtga_kernel' to 's_axilite & ap_ctrl_chain'.
INFO: [RTGEN 206-100] Bundling port 'event_src', 'event_dst', 'event_ts', 'num_events', 'vertex_offsets', 'history_event_idx', 'history_peer', 'num_vertices', 'target_vertex', 'target_event_idx', 'num_targets', 'fanout', 'depth', 'model_id', 'inference_mode', 'reproduction_flags', 'initial_memory', 'event_features', 'weight_self', 'weight_peer', 'weight_event', 'bias', 'embedding_out', 'stats_out' and 'return' to AXI-Lite port control.
INFO: [RTGEN 206-100] Generating core module 'mul_16s_16s_32_1_1': 8 instance(s).
INFO: [RTGEN 206-100] Generating core module 'sdiv_32ns_32ns_32_36_seq_1': 8 instance(s).
INFO: [RTGEN 206-100] Finished creating RTL model for 'rtga_kernel'.
INFO: [RTMG 210-278] Implementing memory 'rtga_kernel_visited_tag_RAM_T2P_BRAM_1R1W' using block RAMs.
INFO: [RTMG 210-278] Implementing memory 'rtga_kernel_cache_memory_RAM_AUTO_1R1W' using auto RAMs.
INFO: [RTMG 210-278] Implementing memory 'rtga_kernel_recent_event_idx_RAM_1P_BRAM_1R1W' using block RAMs.
INFO: [RTMG 210-278] Implementing memory 'rtga_kernel_selected_memory_RAM_AUTO_1R1W' using auto RAMs.
INFO: [HLS 200-111] Finished Creating RTL model: CPU user time: 4.35 seconds. CPU system time: 0.25 seconds. Elapsed time: 4.6 seconds; current allocated memory: 700.727 MB.
INFO: [HLS 200-111] Finished Generating all RTL models: CPU user time: 1.93 seconds. CPU system time: 0.11 seconds. Elapsed time: 2.04 seconds; current allocated memory: 729.043 MB.
INFO: [HLS 200-1603] Design has inferred MAXI bursts and missed bursts, see Vitis HLS GUI synthesis summary report for detailed information.
INFO: [HLS 200-111] Finished Updating report files: CPU user time: 18.61 seconds. CPU system time: 0.12 seconds. Elapsed time: 18.73 seconds; current allocated memory: 768.031 MB.
INFO: [VHDL 208-304] Generating VHDL RTL for rtga_kernel.
INFO: [VLOG 209-307] Generating Verilog RTL for rtga_kernel.
INFO: [HLS 200-790] **** Loop Constraint Status: All loop constraints were NOT satisfied.
INFO: [HLS 200-789] **** Estimated Fmax: 308.25 MHz
INFO: [HLS 200-111] Finished Command csynth_design CPU user time: 63.35 seconds. CPU system time: 1.99 seconds. Elapsed time: 70.04 seconds; current allocated memory: 502.156 MB.
INFO: [HLS 200-1510] Running: export_design -flow none -format xo 
INFO: [IMPL 213-8] Exporting RTL as a Vivado IP.

****** Vivado v2023.2 (64-bit)
  **** SW Build 4029153 on Fri Oct 13 20:13:54 MDT 2023
  **** IP Build 4028589 on Sat Oct 14 00:45:43 MDT 2023
  **** SharedData Build 4025554 on Tue Oct 10 17:18:54 MDT 2023
    ** Copyright 1986-2022 Xilinx, Inc. All Rights Reserved.
    ** Copyright 2022-2023 Advanced Micro Devices, Inc. All Rights Reserved.

source run_ippack.tcl -notrace
ipx::create_core: Time (s): cpu = 00:00:09 ; elapsed = 00:00:09 . Memory (MB): peak = 1374.105 ; gain = 0.023 ; free physical = 18393 ; free virtual = 44728
INFO: [IP_Flow 19-234] Refreshing IP repositories
INFO: [IP_Flow 19-1704] No user IP repositories specified
INFO: [IP_Flow 19-2313] Loaded Vivado IP repository '/tools/Xilinx/Vivado/2023.2/data/ip'.
Running package_xo -xo_path /home/ae_reviewer/TempGNN/build/baselines/rtga_timingfix_v3_hw/hls_component/rtga_kernel.xo -kernel_name rtga_kernel -kernel_xml /home/ae_reviewer/TempGNN/build/baselines/rtga_timingfix_v3_hw/hls_component/hls/impl/ip/../kernel/kernel.xml -kernel_files /home/ae_reviewer/TempGNN/hardware/baselines/src/rtga_kernel.cpp -ip_directory /home/ae_reviewer/TempGNN/build/baselines/rtga_timingfix_v3_hw/hls_component/hls/impl/ip/ip_unzip_dir -design_xml /home/ae_reviewer/TempGNN/build/baselines/rtga_timingfix_v3_hw/hls_component/hls/.autopilot/db/rtga_kernel.design.xml -debug_directory /home/ae_reviewer/TempGNN/build/baselines/rtga_timingfix_v3_hw/hls_component/hls/.debug -hls_directory /home/ae_reviewer/TempGNN/build/baselines/rtga_timingfix_v3_hw/hls_component/hls/impl/ip/hls_files -kernel_json /home/ae_reviewer/TempGNN/build/baselines/rtga_timingfix_v3_hw/hls_component/hls/hls_data.json
INFO: [Common 17-206] Exiting Vivado at Wed Jul 15 05:10:05 2026...
INFO: [HLS 200-802] Generated output file hls_component/rtga_kernel.xo
INFO: [HLS 200-111] Finished Command export_design CPU user time: 69.16 seconds. CPU system time: 1.11 seconds. Elapsed time: 78.91 seconds; current allocated memory: 11.621 MB.
INFO: [HLS 200-1510] Running: close_project 
INFO: [HLS 200-112] Total CPU user time: 136.11 seconds. Total CPU system time: 3.55 seconds. Total elapsed time: 152.79 seconds; peak allocated memory: 779.652 MB.
INFO: [Common 17-206] Exiting vitis_hls at Wed Jul 15 05:10:16 2026...
INFO: [v++ 60-791] Total elapsed time: 0h 2m 40s
