

================================================================
== Vitis HLS Report for 'tempgnn_forward_kernel'
================================================================
* Date:           Fri Jul 17 02:43:26 2026

* Version:        2023.2 (Build 4023990 on Oct 11 2023)
* Project:        hls_component
* Solution:       hls (Vitis Kernel Flow Target)
* Product family: virtexuplusHBM
* Target device:  xcu280-fsvh2892-2L-e


================================================================
== Performance Estimates
================================================================
+ Timing: 
    * Summary: 
    +--------+---------+----------+------------+
    |  Clock |  Target | Estimated| Uncertainty|
    +--------+---------+----------+------------+
    |ap_clk  |  5.95 ns|  4.345 ns|     1.61 ns|
    +--------+---------+----------+------------+

+ Latency: 
    * Summary: 
    +---------+-------------+----------+-------------+-----+-------------+---------+
    |    Latency (cycles)   |   Latency (absolute)   |      Interval     | Pipeline|
    |   min   |     max     |    min   |     max     | min |     max     |   Type  |
    +---------+-------------+----------+-------------+-----+-------------+---------+
    |      189|  57801940670|  1.125 us|  344.037 sec|  190|  57801940671|       no|
    +---------+-------------+----------+-------------+-----+-------------+---------+

    + Detail: 
        * Instance: 
        +---------------------------------------------------------------------------+---------------------------------------------------------------+---------+---------+-----------+-----------+-------+-------+---------+
        |                                                                           |                                                               |  Latency (cycles) |   Latency (absolute)  |    Interval   | Pipeline|
        |                                  Instance                                 |                             Module                            |   min   |   max   |    min    |    max    |  min  |  max  |   Type  |
        +---------------------------------------------------------------------------+---------------------------------------------------------------+---------+---------+-----------+-----------+-------+-------+---------+
        |grp_tempgnn_forward_kernel_Pipeline_fwd_event_cache_load_fu_1181           |tempgnn_forward_kernel_Pipeline_fwd_event_cache_load           |       75|    24651|   0.446 us|   0.147 ms|     75|  24651|       no|
        |grp_tempgnn_forward_kernel_Pipeline_fwd_predecessor_reset_fu_1197          |tempgnn_forward_kernel_Pipeline_fwd_predecessor_reset          |     8194|     8194|  48.771 us|  48.771 us|   8194|   8194|       no|
        |grp_tempgnn_forward_kernel_Pipeline_fwd_packet_hash_cache_build_fu_1207    |tempgnn_forward_kernel_Pipeline_fwd_packet_hash_cache_build    |        4|     8197|  23.808 ns|  48.789 us|      4|   8197|       no|
        |grp_tempgnn_forward_kernel_Pipeline_fwd_vertex_offset_cache_load_fu_1220   |tempgnn_forward_kernel_Pipeline_fwd_vertex_offset_cache_load   |       74|     4171|   0.440 us|  24.826 us|     74|   4171|       no|
        |grp_tempgnn_forward_kernel_Pipeline_fwd_history_cache_load_fu_1230         |tempgnn_forward_kernel_Pipeline_fwd_history_cache_load         |       74|    16458|   0.440 us|  97.958 us|     74|  16458|       no|
        |grp_tempgnn_forward_kernel_Pipeline_fwd_initial_memory_cache_load_fu_1240  |tempgnn_forward_kernel_Pipeline_fwd_initial_memory_cache_load  |       74|    32842|   0.440 us|   0.195 ms|     74|  32842|       no|
        |grp_tempgnn_forward_kernel_Pipeline_fwd_event_feature_cache_load_fu_1264   |tempgnn_forward_kernel_Pipeline_fwd_event_feature_cache_load   |       74|    65610|   0.440 us|   0.391 ms|     74|  65610|       no|
        |grp_tempgnn_forward_kernel_Pipeline_fwd_predecessor_finalize_fu_1288       |tempgnn_forward_kernel_Pipeline_fwd_predecessor_finalize       |        2|     8195|  11.904 ns|  48.777 us|      2|   8195|       no|
        |grp_tempgnn_forward_kernel_Pipeline_fwd_predecessor_history_fu_1297        |tempgnn_forward_kernel_Pipeline_fwd_predecessor_history        |        7|    12292|  41.664 ns|  73.162 us|      7|  12292|       no|
        |grp_tempgnn_forward_kernel_Pipeline_fwd_phle_tag_reset_fu_1317             |tempgnn_forward_kernel_Pipeline_fwd_phle_tag_reset             |     8194|     8194|  48.771 us|  48.771 us|   8194|   8194|       no|
        |grp_tempgnn_forward_kernel_Pipeline_fwd_local_lookup_reset_fu_1329         |tempgnn_forward_kernel_Pipeline_fwd_local_lookup_reset         |    16386|    16386|  97.529 us|  97.529 us|  16386|  16386|       no|
        |grp_tempgnn_forward_kernel_Pipeline_fwd_event_bitmap_tag_reset_fu_1335     |tempgnn_forward_kernel_Pipeline_fwd_event_bitmap_tag_reset     |      130|      130|   0.774 us|   0.774 us|    130|    130|       no|
        |grp_fwd_load_initial_state_fu_1341                                         |fwd_load_initial_state                                         |        1|        1|   5.952 ns|   5.952 ns|      1|      1|      yes|
        |grp_fwd_process_target_fu_1363                                             |fwd_process_target                                             |       79|    54930|   0.470 us|   0.327 ms|     79|  54930|       no|
        |grp_tempgnn_forward_kernel_Pipeline_fwd_stats_clear_fu_1540                |tempgnn_forward_kernel_Pipeline_fwd_stats_clear                |       18|       18|   0.107 us|   0.107 us|     18|     18|       no|
        +---------------------------------------------------------------------------+---------------------------------------------------------------+---------+---------+-----------+-----------+-------+-------+---------+

        * Loop: 
        +----------------------------+---------+-------------+---------------+-----------+-----------+----------+----------+
        |                            |    Latency (cycles)   |   Iteration   |  Initiation Interval  |   Trip   |          |
        |          Loop Name         |   min   |     max     |    Latency    |  achieved |   target  |   Count  | Pipelined|
        +----------------------------+---------+-------------+---------------+-----------+-----------+----------+----------+
        |- fwd_predecessor_vertices  |       11|     50364416|     11 ~ 12296|          -|          -|  1 ~ 4096|        no|
        |- fwd_target_chunks         |       16|  57751403520|  16 ~ 56397855|          -|          -|  1 ~ 1024|        no|
        | + fwd_targets_in_chunk     |      146|     56397824|    146 ~ 55076|          -|          -|  1 ~ 1024|        no|
        +----------------------------+---------+-------------+---------------+-----------+-----------+----------+----------+



================================================================
== Utilization Estimates
================================================================
* Summary: 
+---------------------+---------+------+---------+---------+-----+
|         Name        | BRAM_18K|  DSP |    FF   |   LUT   | URAM|
+---------------------+---------+------+---------+---------+-----+
|DSP                  |        -|     -|        -|        -|    -|
|Expression           |        -|     -|        0|    11600|    -|
|FIFO                 |        -|     -|        -|        -|    -|
|Instance             |       48|    74|    27625|    47432|   16|
|Memory               |      105|     -|       26|      582|   26|
|Multiplexer          |        -|     -|        -|     5149|    -|
|Register             |        -|     -|     7722|        -|    -|
+---------------------+---------+------+---------+---------+-----+
|Total                |      153|    74|    35373|    64763|   42|
+---------------------+---------+------+---------+---------+-----+
|Available SLR        |     1344|  3008|   869120|   434560|  320|
+---------------------+---------+------+---------+---------+-----+
|Utilization SLR (%)  |       11|     2|        4|       14|   13|
+---------------------+---------+------+---------+---------+-----+
|Available            |     4032|  9024|  2607360|  1303680|  960|
+---------------------+---------+------+---------+---------+-----+
|Utilization (%)      |        3|    ~0|        1|        4|    4|
+---------------------+---------+------+---------+---------+-----+

+ Detail: 
    * Instance: 
    +---------------------------------------------------------------------------+---------------------------------------------------------------+---------+----+-------+-------+-----+
    |                                  Instance                                 |                             Module                            | BRAM_18K| DSP|   FF  |  LUT  | URAM|
    +---------------------------------------------------------------------------+---------------------------------------------------------------+---------+----+-------+-------+-----+
    |control_s_axi_U                                                            |control_s_axi                                                  |        0|   0|   1530|   2728|    0|
    |grp_fwd_load_initial_state_fu_1341                                         |fwd_load_initial_state                                         |        0|   0|      3|    169|    0|
    |grp_fwd_process_target_fu_1363                                             |fwd_process_target                                             |       18|  26|  10711|  19908|   16|
    |gmem0_m_axi_U                                                              |gmem0_m_axi                                                    |       30|   0|   3521|   2695|    0|
    |mul_64ns_66ns_129_2_1_U503                                                 |mul_64ns_66ns_129_2_1                                          |        0|  16|    361|    178|    0|
    |mul_64s_11ns_64_2_1_U504                                                   |mul_64s_11ns_64_2_1                                            |        0|   4|    361|    178|    0|
    |mul_64s_11ns_64_2_1_U505                                                   |mul_64s_11ns_64_2_1                                            |        0|   4|    361|    178|    0|
    |grp_tempgnn_forward_kernel_Pipeline_fwd_event_bitmap_tag_reset_fu_1335     |tempgnn_forward_kernel_Pipeline_fwd_event_bitmap_tag_reset     |        0|   0|     10|     58|    0|
    |grp_tempgnn_forward_kernel_Pipeline_fwd_event_cache_load_fu_1181           |tempgnn_forward_kernel_Pipeline_fwd_event_cache_load           |        0|   0|   2224|   7338|    0|
    |grp_tempgnn_forward_kernel_Pipeline_fwd_event_feature_cache_load_fu_1264   |tempgnn_forward_kernel_Pipeline_fwd_event_feature_cache_load   |        0|   0|   1091|   2543|    0|
    |grp_tempgnn_forward_kernel_Pipeline_fwd_history_cache_load_fu_1230         |tempgnn_forward_kernel_Pipeline_fwd_history_cache_load         |        0|   0|   1026|   2505|    0|
    |grp_tempgnn_forward_kernel_Pipeline_fwd_initial_memory_cache_load_fu_1240  |tempgnn_forward_kernel_Pipeline_fwd_initial_memory_cache_load  |        0|   0|   1088|   2540|    0|
    |grp_tempgnn_forward_kernel_Pipeline_fwd_local_lookup_reset_fu_1329         |tempgnn_forward_kernel_Pipeline_fwd_local_lookup_reset         |        0|   0|     17|     72|    0|
    |grp_tempgnn_forward_kernel_Pipeline_fwd_packet_hash_cache_build_fu_1207    |tempgnn_forward_kernel_Pipeline_fwd_packet_hash_cache_build    |        0|  24|    536|    925|    0|
    |grp_tempgnn_forward_kernel_Pipeline_fwd_phle_tag_reset_fu_1317             |tempgnn_forward_kernel_Pipeline_fwd_phle_tag_reset             |        0|   0|     16|     70|    0|
    |grp_tempgnn_forward_kernel_Pipeline_fwd_predecessor_finalize_fu_1288       |tempgnn_forward_kernel_Pipeline_fwd_predecessor_finalize       |        0|   0|     73|    182|    0|
    |grp_tempgnn_forward_kernel_Pipeline_fwd_predecessor_history_fu_1297        |tempgnn_forward_kernel_Pipeline_fwd_predecessor_history        |        0|   0|    251|    511|    0|
    |grp_tempgnn_forward_kernel_Pipeline_fwd_predecessor_reset_fu_1197          |tempgnn_forward_kernel_Pipeline_fwd_predecessor_reset          |        0|   0|     16|     70|    0|
    |grp_tempgnn_forward_kernel_Pipeline_fwd_stats_clear_fu_1540                |tempgnn_forward_kernel_Pipeline_fwd_stats_clear                |        0|   0|      9|     86|    0|
    |grp_tempgnn_forward_kernel_Pipeline_fwd_vertex_offset_cache_load_fu_1220   |tempgnn_forward_kernel_Pipeline_fwd_vertex_offset_cache_load   |        0|   0|   1020|   2498|    0|
    |udiv_11ns_11ns_11_15_seq_1_U507                                            |udiv_11ns_11ns_11_15_seq_1                                     |        0|   0|    142|     62|    0|
    |udiv_64ns_11ns_64_68_seq_1_U509                                            |udiv_64ns_11ns_64_68_seq_1                                     |        0|   0|    779|    469|    0|
    |udiv_64ns_11ns_64_68_seq_1_U510                                            |udiv_64ns_11ns_64_68_seq_1                                     |        0|   0|    779|    469|    0|
    |udiv_64ns_11ns_64_68_seq_1_U511                                            |udiv_64ns_11ns_64_68_seq_1                                     |        0|   0|    779|    469|    0|
    |udiv_64ns_64ns_64_68_seq_1_U508                                            |udiv_64ns_64ns_64_68_seq_1                                     |        0|   0|    779|    469|    0|
    |urem_11ns_11ns_10_15_seq_1_U506                                            |urem_11ns_11ns_10_15_seq_1                                     |        0|   0|    142|     62|    0|
    +---------------------------------------------------------------------------+---------------------------------------------------------------+---------+----+-------+-------+-----+
    |Total                                                                      |                                                               |       48|  74|  27625|  47432|   16|
    +---------------------------------------------------------------------------+---------------------------------------------------------------+---------+----+-------+-------+-----+

    * DSP: 
    N/A

    * Memory: 
    +---------------------------+-------------------------------------------+---------+---+----+-----+-------+-----+------+-------------+
    |           Memory          |                   Module                  | BRAM_18K| FF| LUT| URAM| Words | Bits| Banks| W*Bits*Banks|
    +---------------------------+-------------------------------------------+---------+---+----+-----+-------+-----+------+-------------+
    |event_bitmap_tags_U        |event_bitmap_tags_RAM_T2P_BRAM_1R1W        |        1|  0|   0|    0|    128|   16|     1|         2048|
    |event_features_local_U     |event_features_local_RAM_T2P_BRAM_1R1W     |        8|  0|   0|    0|   8192|   16|     1|       131072|
    |event_features_local_21_U  |event_features_local_RAM_T2P_BRAM_1R1W     |        8|  0|   0|    0|   8192|   16|     1|       131072|
    |event_features_local_22_U  |event_features_local_RAM_T2P_BRAM_1R1W     |        8|  0|   0|    0|   8192|   16|     1|       131072|
    |event_features_local_23_U  |event_features_local_RAM_T2P_BRAM_1R1W     |        8|  0|   0|    0|   8192|   16|     1|       131072|
    |event_features_local_24_U  |event_features_local_RAM_T2P_BRAM_1R1W     |        8|  0|   0|    0|   8192|   16|     1|       131072|
    |event_features_local_25_U  |event_features_local_RAM_T2P_BRAM_1R1W     |        8|  0|   0|    0|   8192|   16|     1|       131072|
    |event_features_local_26_U  |event_features_local_RAM_T2P_BRAM_1R1W     |        8|  0|   0|    0|   8192|   16|     1|       131072|
    |event_features_local_27_U  |event_features_local_RAM_T2P_BRAM_1R1W     |        8|  0|   0|    0|   8192|   16|     1|       131072|
    |event_src_local_U          |event_src_local_RAM_T2P_URAM_1R1W          |        0|  2|  64|    2|   8192|   32|     1|       262144|
    |event_dst_local_U          |event_src_local_RAM_T2P_URAM_1R1W          |        0|  2|  64|    2|   8192|   32|     1|       262144|
    |predecessor_src_U          |event_src_local_RAM_T2P_URAM_1R1W          |        0|  2|  64|    2|   8192|   32|     1|       262144|
    |predecessor_dst_U          |event_src_local_RAM_T2P_URAM_1R1W          |        0|  2|  64|    2|   8192|   32|     1|       262144|
    |event_ts_local_U           |event_ts_local_RAM_T2P_URAM_1R1W           |        0|  2|  64|    2|   8192|   32|     1|       262144|
    |history_event_idx_local_U  |history_event_idx_local_RAM_T2P_URAM_1R1W  |        0|  4|  70|    4|  16384|   32|     1|       524288|
    |initial_memory_local_U     |initial_memory_local_RAM_T2P_BRAM_1R1W     |        4|  0|   0|    0|   4096|   16|     1|        65536|
    |initial_memory_local_14_U  |initial_memory_local_RAM_T2P_BRAM_1R1W     |        4|  0|   0|    0|   4096|   16|     1|        65536|
    |initial_memory_local_15_U  |initial_memory_local_RAM_T2P_BRAM_1R1W     |        4|  0|   0|    0|   4096|   16|     1|        65536|
    |initial_memory_local_16_U  |initial_memory_local_RAM_T2P_BRAM_1R1W     |        4|  0|   0|    0|   4096|   16|     1|        65536|
    |initial_memory_local_17_U  |initial_memory_local_RAM_T2P_BRAM_1R1W     |        4|  0|   0|    0|   4096|   16|     1|        65536|
    |initial_memory_local_18_U  |initial_memory_local_RAM_T2P_BRAM_1R1W     |        4|  0|   0|    0|   4096|   16|     1|        65536|
    |initial_memory_local_19_U  |initial_memory_local_RAM_T2P_BRAM_1R1W     |        4|  0|   0|    0|   4096|   16|     1|        65536|
    |initial_memory_local_20_U  |initial_memory_local_RAM_T2P_BRAM_1R1W     |        4|  0|   0|    0|   4096|   16|     1|        65536|
    |local_lookup_tags_U        |local_lookup_tags_RAM_T2P_URAM_1R1W        |        0|  4|  38|    4|  16384|   16|     1|       262144|
    |packet_hash_local_U        |packet_hash_local_RAM_T2P_URAM_1R1W        |        0|  4|  70|    4|  16384|   32|     1|       524288|
    |phle_tags_U                |phle_tags_RAM_T2P_BRAM_1R1W                |        2|  0|   0|    0|   2048|   16|     1|        32768|
    |phle_tags_4_U              |phle_tags_RAM_T2P_BRAM_1R1W                |        2|  0|   0|    0|   2048|   16|     1|        32768|
    |phle_tags_5_U              |phle_tags_RAM_T2P_BRAM_1R1W                |        2|  0|   0|    0|   2048|   16|     1|        32768|
    |phle_tags_6_U              |phle_tags_RAM_T2P_BRAM_1R1W                |        2|  0|   0|    0|   2048|   16|     1|        32768|
    |predecessor_indexed_U      |predecessor_indexed_RAM_T2P_URAM_1R1W      |        0|  2|  20|    2|   8192|    8|     1|        65536|
    |vertex_offsets_local_U     |vertex_offsets_local_RAM_T2P_URAM_1R1W     |        0|  2|  64|    2|   4097|   32|     1|       131104|
    +---------------------------+-------------------------------------------+---------+---+----+-----+-------+-----+------+-------------+
    |Total                      |                                           |      105| 26| 582|   26| 209025|  616|    31|      4524064|
    +---------------------------+-------------------------------------------+---------+---+----+-----+-------+-----+------+-------------+

    * FIFO: 
    N/A

    * Expression: 
    +-------------------------------------+----------+----+---+------+------------+------------+
    |            Variable Name            | Operation| DSP| FF|  LUT | Bitwidth P0| Bitwidth P1|
    +-------------------------------------+----------+----+---+------+------------+------------+
    |add_ln1113_fu_1661_p2                |         +|   0|  0|    71|          64|          64|
    |add_ln1214_fu_2470_p2                |         +|   0|  0|    20|          13|           1|
    |add_ln1217_fu_2513_p2                |         +|   0|  0|    39|          32|          14|
    |add_ln1293_fu_2554_p2                |         +|   0|  0|    23|          16|           1|
    |add_ln1298_fu_2654_p2                |         +|   0|  0|    18|          11|           1|
    |add_ln1307_fu_2697_p2                |         +|   0|  0|    19|          12|          12|
    |add_ln1316_fu_2758_p2                |         +|   0|  0|    39|          32|           1|
    |add_ln1318_1_fu_2802_p2              |         +|   0|  0|    71|          64|          64|
    |add_ln1318_fu_2785_p2                |         +|   0|  0|    71|          64|          64|
    |add_ln1322_fu_2812_p2                |         +|   0|  0|    71|          64|          64|
    |add_ln1387_1_fu_3400_p2              |         +|   0|  0|    71|          64|          64|
    |add_ln1387_fu_3394_p2                |         +|   0|  0|    64|          64|          64|
    |add_ln41_1_fu_3353_p2                |         +|   0|  0|    70|          63|           3|
    |add_ln41_fu_2846_p2                  |         +|   0|  0|    71|          64|           6|
    |emitted_unique_packets_2_fu_2928_p2  |         +|   0|  0|    71|          64|          64|
    |overflow_count_1_fu_3024_p2          |         +|   0|  0|    71|          64|           1|
    |tmp_fu_2768_p2                       |         +|   0|  0|    40|          33|          33|
    |total_cycles_3_fu_3406_p2            |         +|   0|  0|    64|          64|          64|
    |total_packets_1_fu_2922_p2           |         +|   0|  0|    71|          64|          64|
    |available_fu_2501_p2                 |         -|   0|  0|    39|          32|          32|
    |chunk_targets_fu_2717_p2             |         -|   0|  0|    20|          13|          13|
    |memory_bytes_fu_3518_p2              |         -|   0|  0|    71|          64|          64|
    |packet_cycles_critical_fu_2916_p2    |         -|   0|  0|    44|          37|          37|
    |packet_cycles_parallel_fu_2886_p2    |         -|   0|  0|    70|          63|          63|
    |sub179_fu_2531_p2                    |         -|   0|  0|    39|          32|          32|
    |and_ln1116_fu_1878_p2                |       and|   0|  0|     2|           1|           1|
    |and_ln1271_fu_2548_p2                |       and|   0|  0|     2|           1|           1|
    |ap_block_state164_on_subcall_done    |       and|   0|  0|     2|           1|           1|
    |cmp368_fu_2566_p2                    |      icmp|   0|  0|    39|          32|           1|
    |icmp_ln1112_fu_1763_p2               |      icmp|   0|  0|    39|          32|           1|
    |icmp_ln1116_fu_1872_p2               |      icmp|   0|  0|    71|          64|          64|
    |icmp_ln1208_fu_2464_p2               |      icmp|   0|  0|    21|          13|          14|
    |icmp_ln1210_fu_2481_p2               |      icmp|   0|  0|    20|          13|          13|
    |icmp_ln1216_fu_2507_p2               |      icmp|   0|  0|    39|          32|          13|
    |icmp_ln1271_fu_2542_p2               |      icmp|   0|  0|    23|          16|           6|
    |icmp_ln1298_fu_2648_p2               |      icmp|   0|  0|    19|          11|          12|
    |icmp_ln1300_fu_2672_p2               |      icmp|   0|  0|    18|          11|          11|
    |icmp_ln1303_fu_2691_p2               |      icmp|   0|  0|    17|          10|           1|
    |icmp_ln1316_fu_2752_p2               |      icmp|   0|  0|    39|          32|          11|
    |icmp_ln1318_fu_2807_p2               |      icmp|   0|  0|    39|          32|          32|
    |icmp_ln1326_fu_2997_p2               |      icmp|   0|  0|    39|          32|          32|
    |icmp_ln1385_fu_3337_p2               |      icmp|   0|  0|    70|          63|          63|
    |icmp_ln1392_fu_2682_p2               |      icmp|   0|  0|    39|          32|           1|
    |icmp_ln1397_fu_3457_p2               |      icmp|   0|  0|    71|          64|           1|
    |icmp_ln1398_fu_3469_p2               |      icmp|   0|  0|    18|          11|           1|
    |icmp_ln33_1_fu_1745_p2               |      icmp|   0|  0|    26|          19|           1|
    |icmp_ln33_2_fu_1635_p2               |      icmp|   0|  0|    27|          20|           1|
    |icmp_ln33_3_fu_1779_p2               |      icmp|   0|  0|    29|          22|           1|
    |icmp_ln33_4_fu_1835_p2               |      icmp|   0|  0|    25|          18|           1|
    |icmp_ln33_5_fu_2701_p2               |      icmp|   0|  0|    19|          12|          12|
    |icmp_ln33_fu_1713_p2                 |      icmp|   0|  0|    29|          22|           1|
    |lshr_ln1113_fu_1816_p2               |      lshr|   0|  0|  2171|         512|         512|
    |lshr_ln1322_fu_2988_p2               |      lshr|   0|  0|  2171|         512|         512|
    |lshr_ln1326_fu_3013_p2               |      lshr|   0|  0|  2171|         512|         512|
    |ap_block_state1                      |        or|   0|  0|     2|           1|           1|
    |ap_block_state165_on_subcall_done    |        or|   0|  0|     2|           1|           1|
    |ap_block_state76_on_subcall_done     |        or|   0|  0|     2|           1|           1|
    |ap_block_state78_on_subcall_done     |        or|   0|  0|     2|           1|           1|
    |or_ln1310_fu_2729_p2                 |        or|   0|  0|    11|          11|          11|
    |or_ln1359_fu_3038_p2                 |        or|   0|  0|    16|          16|          16|
    |chunk_end_fu_2706_p3                 |    select|   0|  0|    12|           1|          12|
    |emitted_unique_packets_1_fu_3444_p3  |    select|   0|  0|    63|           1|          64|
    |packet_cycles_fu_3342_p3             |    select|   0|  0|    62|           1|          63|
    |packet_work_fu_2835_p3               |    select|   0|  0|    63|           1|          64|
    |safe_entries_fu_1793_p3              |    select|   0|  0|    11|           1|           1|
    |safe_events_fu_1751_p3               |    select|   0|  0|    15|           1|          14|
    |safe_history_fu_1841_p3              |    select|   0|  0|    16|           1|          15|
    |safe_targets_fu_1719_p3              |    select|   0|  0|    12|           1|          11|
    |safe_vertices_fu_1641_p3             |    select|   0|  0|    14|           1|          13|
    |search_begin_fu_2519_p3              |    select|   0|  0|    32|           1|          32|
    |select_ln33_fu_1785_p3               |    select|   0|  0|    12|           1|          11|
    |total_cycles_2_fu_3451_p3            |    select|   0|  0|    63|           1|          64|
    |shl_ln1378_1_fu_3244_p2              |       shl|   0|  0|  2171|         512|         512|
    |shl_ln1378_fu_3226_p2                |       shl|   0|  0|   182|          16|          64|
    |checksum_1_fu_3318_p2                |       xor|   0|  0|    64|          64|          64|
    |xor_ln1378_1_fu_3286_p2              |       xor|   0|  0|    48|          48|          48|
    |xor_ln1378_2_fu_3296_p2              |       xor|   0|  0|    64|          64|          64|
    |xor_ln1378_3_fu_3302_p2              |       xor|   0|  0|    32|          32|          32|
    |xor_ln1378_fu_3280_p2                |       xor|   0|  0|    16|          16|          16|
    +-------------------------------------+----------+----+---+------+------------+------------+
    |Total                                |          |   0|  0| 11600|        4104|        3918|
    +-------------------------------------+----------+----+---+------+------------+------------+

    * Multiplexer: 
    +---------------------------------------------------+------+-----------+-----+-----------+
    |                        Name                       |  LUT | Input Size| Bits| Total Bits|
    +---------------------------------------------------+------+-----------+-----+-----------+
    |ap_NS_fsm                                          |  2693|        558|    1|        558|
    |ap_done                                            |     9|          2|    1|          2|
    |ap_phi_mux_invocation_epoch_loc_0_phi_fu_907_p4    |     9|          2|   16|         32|
    |ap_phi_mux_invocation_epoch_new_0_phi_fu_940_p4    |     9|          2|   16|         32|
    |ap_phi_mux_lookup_tags_valid_flag_0_phi_fu_918_p4  |     9|          2|    1|          2|
    |ap_phi_mux_lookup_tags_valid_flag_1_phi_fu_950_p4  |     9|          2|    1|          2|
    |ap_phi_mux_lookup_tags_valid_loc_0_phi_fu_930_p4   |     9|          2|    1|          2|
    |ap_phi_mux_lookup_tags_valid_new_1_phi_fu_962_p4   |     9|          2|    1|          2|
    |ap_phi_mux_phi_ln1359_phi_fu_973_p4                |     9|          2|    6|         12|
    |avg_bpr_x1000_reg_1170                             |     9|          2|   64|        128|
    |checksum_137_fu_596                                |    14|          3|   64|        192|
    |chunk_critical_path_0_reg_981                      |     9|          2|   32|         64|
    |chunk_critical_path_1_reg_1100                     |     9|          2|   32|         64|
    |chunk_start_fu_568                                 |     9|          2|   11|         22|
    |chunk_total_packets_0_reg_1005                     |     9|          2|   64|        128|
    |chunk_total_packets_1_reg_1124                     |     9|          2|   64|        128|
    |chunk_unique_packets_0_reg_993                     |     9|          2|   32|         64|
    |chunk_unique_packets_1_reg_1112                    |     9|          2|   32|         64|
    |cond418130131_reg_1159                             |     9|          2|   64|        128|
    |cond426132_reg_1148                                |     9|          2|   64|        128|
    |emitted_unique_packets_fu_604                      |     9|          2|   64|        128|
    |empty_88_fu_572                                    |     9|          2|   64|        128|
    |event_bitmap_tags_address0                         |    14|          3|    7|         21|
    |event_bitmap_tags_ce0                              |    14|          3|    1|          3|
    |event_bitmap_tags_d0                               |    14|          3|   16|         48|
    |event_bitmap_tags_we0                              |    14|          3|    1|          3|
    |event_dst_local_address0                           |    26|          5|   13|         65|
    |event_dst_local_ce0                                |    26|          5|    1|          5|
    |event_dst_local_ce1                                |     9|          2|    1|          2|
    |event_dst_local_we0                                |     9|          2|    1|          2|
    |event_features_local_21_address0                   |    14|          3|   13|         39|
    |event_features_local_21_ce0                        |    14|          3|    1|          3|
    |event_features_local_21_we0                        |     9|          2|    1|          2|
    |event_features_local_22_address0                   |    14|          3|   13|         39|
    |event_features_local_22_ce0                        |    14|          3|    1|          3|
    |event_features_local_22_we0                        |     9|          2|    1|          2|
    |event_features_local_23_address0                   |    14|          3|   13|         39|
    |event_features_local_23_ce0                        |    14|          3|    1|          3|
    |event_features_local_23_we0                        |     9|          2|    1|          2|
    |event_features_local_24_address0                   |    14|          3|   13|         39|
    |event_features_local_24_ce0                        |    14|          3|    1|          3|
    |event_features_local_24_we0                        |     9|          2|    1|          2|
    |event_features_local_25_address0                   |    14|          3|   13|         39|
    |event_features_local_25_ce0                        |    14|          3|    1|          3|
    |event_features_local_25_we0                        |     9|          2|    1|          2|
    |event_features_local_26_address0                   |    14|          3|   13|         39|
    |event_features_local_26_ce0                        |    14|          3|    1|          3|
    |event_features_local_26_we0                        |     9|          2|    1|          2|
    |event_features_local_27_address0                   |    14|          3|   13|         39|
    |event_features_local_27_ce0                        |    14|          3|    1|          3|
    |event_features_local_27_we0                        |     9|          2|    1|          2|
    |event_features_local_address0                      |    14|          3|   13|         39|
    |event_features_local_ce0                           |    14|          3|    1|          3|
    |event_features_local_we0                           |     9|          2|    1|          2|
    |event_src_local_address0                           |    26|          5|   13|         65|
    |event_src_local_ce0                                |    26|          5|    1|          5|
    |event_src_local_ce1                                |     9|          2|    1|          2|
    |event_src_local_we0                                |     9|          2|    1|          2|
    |event_ts_local_address0                            |    14|          3|   13|         39|
    |event_ts_local_ce0                                 |    14|          3|    1|          3|
    |event_ts_local_we0                                 |     9|          2|    1|          2|
    |gmem0_ARADDR                                       |    65|         13|   64|        832|
    |gmem0_ARLEN                                        |    37|          7|   32|        224|
    |gmem0_ARVALID                                      |    37|          7|    1|          7|
    |gmem0_AWADDR                                       |    26|          5|   64|        320|
    |gmem0_AWLEN                                        |    20|          4|   32|        128|
    |gmem0_AWVALID                                      |    14|          3|    1|          3|
    |gmem0_BREADY                                       |    14|          3|    1|          3|
    |gmem0_RREADY                                       |    37|          7|    1|          7|
    |gmem0_WDATA                                        |    26|          5|  512|       2560|
    |gmem0_WSTRB                                        |    20|          4|   64|        256|
    |gmem0_WVALID                                       |    14|          3|    1|          3|
    |gmem0_blk_n_AR                                     |     9|          2|    1|          2|
    |gmem0_blk_n_AW                                     |     9|          2|    1|          2|
    |gmem0_blk_n_B                                      |     9|          2|    1|          2|
    |gmem0_blk_n_R                                      |     9|          2|    1|          2|
    |gmem0_blk_n_W                                      |     9|          2|    1|          2|
    |grp_fu_1552_p0                                     |    20|          4|   64|        256|
    |grp_fu_1552_p1                                     |    14|          3|   11|         33|
    |hash_hits_1_fu_588                                 |     9|          2|   64|        128|
    |history_event_idx_local_address0                   |    20|          4|   14|         56|
    |history_event_idx_local_ce0                        |    20|          4|    1|          4|
    |history_event_idx_local_we0                        |     9|          2|    1|          2|
    |initial_memory_local_14_address0                   |    20|          4|   12|         48|
    |initial_memory_local_14_ce0                        |    20|          4|    1|          4|
    |initial_memory_local_14_we0                        |     9|          2|    1|          2|
    |initial_memory_local_15_address0                   |    20|          4|   12|         48|
    |initial_memory_local_15_ce0                        |    20|          4|    1|          4|
    |initial_memory_local_15_we0                        |     9|          2|    1|          2|
    |initial_memory_local_16_address0                   |    20|          4|   12|         48|
    |initial_memory_local_16_ce0                        |    20|          4|    1|          4|
    |initial_memory_local_16_we0                        |     9|          2|    1|          2|
    |initial_memory_local_17_address0                   |    20|          4|   12|         48|
    |initial_memory_local_17_ce0                        |    20|          4|    1|          4|
    |initial_memory_local_17_we0                        |     9|          2|    1|          2|
    |initial_memory_local_18_address0                   |    20|          4|   12|         48|
    |initial_memory_local_18_ce0                        |    20|          4|    1|          4|
    |initial_memory_local_18_we0                        |     9|          2|    1|          2|
    |initial_memory_local_19_address0                   |    20|          4|   12|         48|
    |initial_memory_local_19_ce0                        |    20|          4|    1|          4|
    |initial_memory_local_19_we0                        |     9|          2|    1|          2|
    |initial_memory_local_20_address0                   |    20|          4|   12|         48|
    |initial_memory_local_20_ce0                        |    20|          4|    1|          4|
    |initial_memory_local_20_we0                        |     9|          2|    1|          2|
    |initial_memory_local_address0                      |    20|          4|   12|         48|
    |initial_memory_local_ce0                           |    20|          4|    1|          4|
    |initial_memory_local_we0                           |     9|          2|    1|          2|
    |invocation_epoch_loc_0_reg_904                     |     9|          2|   16|         32|
    |invocation_epoch_new_0_reg_937                     |     9|          2|   16|         32|
    |local_lookup_tags_address0                         |    14|          3|   14|         42|
    |local_lookup_tags_ce0                              |    14|          3|    1|          3|
    |local_lookup_tags_ce1                              |     9|          2|    1|          2|
    |local_lookup_tags_d0                               |    14|          3|   16|         48|
    |local_lookup_tags_we0                              |    14|          3|    1|          3|
    |lookup_tags_valid_flag_1_reg_947                   |     9|          2|    1|          2|
    |lookup_tags_valid_loc_0_reg_927                    |     9|          2|    1|          2|
    |offset_reg_1017                                    |     9|          2|   32|         64|
    |overflow_count_136_fu_592                          |    14|          3|   64|        192|
    |packet_hash_local_address0                         |    14|          3|   14|         42|
    |packet_hash_local_ce0                              |    14|          3|    1|          3|
    |packet_hash_local_ce1                              |     9|          2|    1|          2|
    |packet_hash_local_we0                              |     9|          2|    1|          2|
    |packet_hash_local_we1                              |     9|          2|    1|          2|
    |packet_reuse_x1000_reg_1136                        |     9|          2|   64|        128|
    |phi_ln1359_reg_970                                 |     9|          2|    6|         12|
    |phle_tags_4_address0                               |    14|          3|   11|         33|
    |phle_tags_4_ce0                                    |    14|          3|    1|          3|
    |phle_tags_4_d0                                     |    14|          3|   16|         48|
    |phle_tags_4_we0                                    |    14|          3|    1|          3|
    |phle_tags_5_address0                               |    14|          3|   11|         33|
    |phle_tags_5_ce0                                    |    14|          3|    1|          3|
    |phle_tags_5_d0                                     |    14|          3|   16|         48|
    |phle_tags_5_we0                                    |    14|          3|    1|          3|
    |phle_tags_6_address0                               |    14|          3|   11|         33|
    |phle_tags_6_ce0                                    |    14|          3|    1|          3|
    |phle_tags_6_d0                                     |    14|          3|   16|         48|
    |phle_tags_6_we0                                    |    14|          3|    1|          3|
    |phle_tags_address0                                 |    14|          3|   11|         33|
    |phle_tags_ce0                                      |    14|          3|    1|          3|
    |phle_tags_d0                                       |    14|          3|   16|         48|
    |phle_tags_we0                                      |    14|          3|    1|          3|
    |predecessor_dst_address0                           |    26|          5|   13|         65|
    |predecessor_dst_ce0                                |    26|          5|    1|          5|
    |predecessor_dst_ce1                                |     9|          2|    1|          2|
    |predecessor_dst_d0                                 |    20|          4|   32|        128|
    |predecessor_dst_we0                                |    20|          4|    1|          4|
    |predecessor_indexed_address0                       |    20|          4|   13|         52|
    |predecessor_indexed_ce0                            |    20|          4|    1|          4|
    |predecessor_indexed_d0                             |    14|          3|    8|         24|
    |predecessor_indexed_we0                            |    14|          3|    1|          3|
    |predecessor_src_address0                           |    26|          5|   13|         65|
    |predecessor_src_ce0                                |    26|          5|    1|          5|
    |predecessor_src_ce1                                |     9|          2|    1|          2|
    |predecessor_src_d0                                 |    20|          4|   32|        128|
    |predecessor_src_we0                                |    20|          4|    1|          4|
    |sum_bpr_x1000_1_fu_584                             |     9|          2|   64|        128|
    |sum_critical_1_fu_580                              |     9|          2|   64|        128|
    |sum_packets_1_fu_576                               |     9|          2|   64|        128|
    |target_embedding_1_2_reg_1082                      |     9|          2|   16|         32|
    |target_embedding_239_reg_1091                      |     9|          2|   16|         32|
    |target_embedding_2_2_reg_1073                      |     9|          2|   16|         32|
    |target_embedding_3_2_reg_1064                      |     9|          2|   16|         32|
    |target_embedding_4_2_reg_1055                      |     9|          2|   16|         32|
    |target_embedding_5_2_reg_1046                      |     9|          2|   16|         32|
    |target_embedding_6_2_reg_1037                      |     9|          2|   16|         32|
    |target_embedding_7_2_reg_1028                      |     9|          2|   16|         32|
    |total_cycles_fu_608                                |     9|          2|   64|        128|
    |total_packets_fu_600                               |     9|          2|   64|        128|
    |vertex_fu_564                                      |     9|          2|   13|         26|
    |vertex_offsets_local_address0                      |    20|          4|   13|         52|
    |vertex_offsets_local_address1                      |    14|          3|   13|         39|
    |vertex_offsets_local_ce0                           |    20|          4|    1|          4|
    |vertex_offsets_local_ce1                           |    14|          3|    1|          3|
    |vertex_offsets_local_we0                           |     9|          2|    1|          2|
    +---------------------------------------------------+------+-----------+-----+-----------+
    |Total                                              |  5149|       1072| 2908|      10367|
    +---------------------------------------------------+------+-----------+-----+-----------+

    * Register: 
    +----------------------------------------------------------------------------------------+-----+----+-----+-----------+
    |                                          Name                                          |  FF | LUT| Bits| Const Bits|
    +----------------------------------------------------------------------------------------+-----+----+-----+-----------+
    |add_ln1298_reg_3985                                                                     |   11|   0|   11|          0|
    |add_ln1316_reg_4036                                                                     |   32|   0|   32|          0|
    |add_ln1318_1_reg_4052                                                                   |   64|   0|   64|          0|
    |add_ln1318_reg_4046                                                                     |   64|   0|   64|          0|
    |and_ln1116_reg_3767                                                                     |    1|   0|    1|          0|
    |and_ln1271_reg_3869                                                                     |    1|   0|    1|          0|
    |ap_CS_fsm                                                                               |  557|   0|  557|          0|
    |ap_done_reg                                                                             |    1|   0|    1|          0|
    |ap_rst_n_inv                                                                            |    1|   0|    1|          0|
    |ap_rst_reg_1                                                                            |    1|   0|    1|          0|
    |ap_rst_reg_2                                                                            |    1|   0|    1|          0|
    |avg_bpr_x1000_reg_1170                                                                  |   64|   0|   64|          0|
    |bias_local                                                                              |   16|   0|   16|          0|
    |bias_local_49                                                                           |   16|   0|   16|          0|
    |bias_local_50                                                                           |   16|   0|   16|          0|
    |bias_local_51                                                                           |   16|   0|   16|          0|
    |bias_local_52                                                                           |   16|   0|   16|          0|
    |bias_local_53                                                                           |   16|   0|   16|          0|
    |bias_local_54                                                                           |   16|   0|   16|          0|
    |bias_local_55                                                                           |   16|   0|   16|          0|
    |bias_read_reg_3585                                                                      |   64|   0|   64|          0|
    |cached_input_key                                                                        |   64|   0|   64|          0|
    |checksum_137_fu_596                                                                     |   64|   0|   64|          0|
    |checksum_137_load_reg_4139                                                              |   64|   0|   64|          0|
    |chunk_critical_path_0_reg_981                                                           |   32|   0|   32|          0|
    |chunk_critical_path_1_reg_1100                                                          |   32|   0|   32|          0|
    |chunk_start_fu_568                                                                      |   11|   0|   11|          0|
    |chunk_targets_reg_4018                                                                  |   13|   0|   13|          0|
    |chunk_total_packets_0_reg_1005                                                          |   64|   0|   64|          0|
    |chunk_total_packets_1_reg_1124                                                          |   64|   0|   64|          0|
    |chunk_unique_packets_0_reg_993                                                          |   32|   0|   32|          0|
    |chunk_unique_packets_1_reg_1112                                                         |   32|   0|   32|          0|
    |cmp368_reg_3883                                                                         |    1|   0|    1|          0|
    |cond418130131_reg_1159                                                                  |   64|   0|   64|          0|
    |cond426132_reg_1148                                                                     |   64|   0|   64|          0|
    |embedding_out_read_reg_3580                                                             |   64|   0|   64|          0|
    |emitted_unique_packets_1_reg_4281                                                       |   64|   0|   64|          0|
    |emitted_unique_packets_fu_604                                                           |   64|   0|   64|          0|
    |empty_88_fu_572                                                                         |   64|   0|   64|          0|
    |end_reg_3849                                                                            |   32|   0|   32|          0|
    |event_dst_read_reg_3640                                                                 |   64|   0|   64|          0|
    |event_features_read_reg_3605                                                            |   64|   0|   64|          0|
    |event_src_read_reg_3645                                                                 |   64|   0|   64|          0|
    |event_ts_read_reg_3635                                                                  |   64|   0|   64|          0|
    |feature_words_reg_3762                                                                  |   14|   0|   17|          3|
    |gmem0_addr_7_read_reg_4104                                                              |  512|   0|  512|          0|
    |gmem0_addr_8_read_reg_4118                                                              |  512|   0|  512|          0|
    |gmem0_addr_9_reg_4327                                                                   |   64|   0|   64|          0|
    |gmem0_addr_read_reg_3675                                                                |  512|   0|  512|          0|
    |grp_fwd_load_initial_state_fu_1341_ap_start_reg                                         |    1|   0|    1|          0|
    |grp_fwd_process_target_fu_1363_ap_start_reg                                             |    1|   0|    1|          0|
    |grp_tempgnn_forward_kernel_Pipeline_fwd_event_bitmap_tag_reset_fu_1335_ap_start_reg     |    1|   0|    1|          0|
    |grp_tempgnn_forward_kernel_Pipeline_fwd_event_cache_load_fu_1181_ap_start_reg           |    1|   0|    1|          0|
    |grp_tempgnn_forward_kernel_Pipeline_fwd_event_feature_cache_load_fu_1264_ap_start_reg   |    1|   0|    1|          0|
    |grp_tempgnn_forward_kernel_Pipeline_fwd_history_cache_load_fu_1230_ap_start_reg         |    1|   0|    1|          0|
    |grp_tempgnn_forward_kernel_Pipeline_fwd_initial_memory_cache_load_fu_1240_ap_start_reg  |    1|   0|    1|          0|
    |grp_tempgnn_forward_kernel_Pipeline_fwd_local_lookup_reset_fu_1329_ap_start_reg         |    1|   0|    1|          0|
    |grp_tempgnn_forward_kernel_Pipeline_fwd_packet_hash_cache_build_fu_1207_ap_start_reg    |    1|   0|    1|          0|
    |grp_tempgnn_forward_kernel_Pipeline_fwd_phle_tag_reset_fu_1317_ap_start_reg             |    1|   0|    1|          0|
    |grp_tempgnn_forward_kernel_Pipeline_fwd_predecessor_finalize_fu_1288_ap_start_reg       |    1|   0|    1|          0|
    |grp_tempgnn_forward_kernel_Pipeline_fwd_predecessor_history_fu_1297_ap_start_reg        |    1|   0|    1|          0|
    |grp_tempgnn_forward_kernel_Pipeline_fwd_predecessor_reset_fu_1197_ap_start_reg          |    1|   0|    1|          0|
    |grp_tempgnn_forward_kernel_Pipeline_fwd_stats_clear_fu_1540_ap_start_reg                |    1|   0|    1|          0|
    |grp_tempgnn_forward_kernel_Pipeline_fwd_vertex_offset_cache_load_fu_1220_ap_start_reg   |    1|   0|    1|          0|
    |hash_hits_1_fu_588                                                                      |   64|   0|   64|          0|
    |hash_hits_1_load_1_reg_4129                                                             |   64|   0|   64|          0|
    |history_event_idx_read_reg_3625                                                         |   64|   0|   64|          0|
    |icmp_ln1303_reg_4014                                                                    |    1|   0|    1|          0|
    |icmp_ln1326_reg_4114                                                                    |    1|   0|    1|          0|
    |icmp_ln1392_reg_4008                                                                    |    1|   0|    1|          0|
    |icmp_ln1397_reg_4294                                                                    |    1|   0|    1|          0|
    |icmp_ln1398_reg_4298                                                                    |    1|   0|    1|          0|
    |initial_memory_read_reg_3610                                                            |   64|   0|   64|          0|
    |input_cache_valid                                                                       |    1|   0|    1|          0|
    |invocation_epoch                                                                        |   16|   0|   16|          0|
    |invocation_epoch_loc_0_reg_904                                                          |   16|   0|   16|          0|
    |invocation_epoch_new_0_reg_937                                                          |   16|   0|   16|          0|
    |lookup_tags_valid                                                                       |    1|   0|    1|          0|
    |lookup_tags_valid_flag_0_reg_914                                                        |    1|   0|    1|          0|
    |lookup_tags_valid_flag_1_reg_947                                                        |    1|   0|    1|          0|
    |lookup_tags_valid_loc_0_reg_927                                                         |    1|   0|    1|          0|
    |lookup_tags_valid_new_1_reg_958                                                         |    1|   0|    1|          0|
    |memory_bytes_reg_4334                                                                   |   60|   0|   64|          4|
    |memory_words_reg_3757                                                                   |   13|   0|   16|          3|
    |mul_ln1399_reg_4302                                                                     |   64|   0|   64|          0|
    |offset_reg_1017                                                                         |   32|   0|   32|          0|
    |or_ln1359_reg_4144                                                                      |   16|   0|   16|          0|
    |overflow_count_136_fu_592                                                               |   64|   0|   64|          0|
    |overflow_count_136_load_1_reg_4134                                                      |   64|   0|   64|          0|
    |packet_cycles_critical_reg_4082                                                         |   35|   0|   37|          2|
    |packet_cycles_parallel_reg_4076                                                         |   61|   0|   63|          2|
    |packet_reuse_x1000_reg_1136                                                             |   64|   0|   64|          0|
    |phi_ln1359_reg_970                                                                      |    6|   0|   16|         10|
    |phle_tag_reg_4028                                                                       |   16|   0|   16|          0|
    |reg_1600                                                                                |   64|   0|   64|          0|
    |reg_1606                                                                                |   64|   0|   64|          0|
    |reg_1612                                                                                |   64|   0|   64|          0|
    |reg_1617                                                                                |   64|   0|   64|          0|
    |safe_entries_reg_3740                                                                   |   11|   0|   11|          0|
    |safe_events_reg_3726                                                                    |   14|   0|   14|          0|
    |safe_history_reg_3752                                                                   |   15|   0|   15|          0|
    |safe_targets_reg_3708                                                                   |   11|   0|   11|          0|
    |safe_vertices_reg_3650                                                                  |   13|   0|   13|          0|
    |search_begin_reg_3854                                                                   |   32|   0|   32|          0|
    |sext_ln1308_reg_4023                                                                    |   32|   0|   32|          0|
    |shl_ln1378_1_reg_4249                                                                   |  512|   0|  512|          0|
    |shl_ln1378_reg_4244                                                                     |   64|   0|   64|          0|
    |stats_out_read_reg_3575                                                                 |   64|   0|   64|          0|
    |sub179_reg_3864                                                                         |   32|   0|   32|          0|
    |sum_bpr_x1000_1_fu_584                                                                  |   64|   0|   64|          0|
    |sum_critical_1_fu_580                                                                   |   64|   0|   64|          0|
    |sum_packets_1_fu_576                                                                    |   64|   0|   64|          0|
    |target_embedding_1_2_reg_1082                                                           |   16|   0|   16|          0|
    |target_embedding_239_reg_1091                                                           |   16|   0|   16|          0|
    |target_embedding_2_2_reg_1073                                                           |   16|   0|   16|          0|
    |target_embedding_3_2_reg_1064                                                           |   16|   0|   16|          0|
    |target_embedding_4_2_reg_1055                                                           |   16|   0|   16|          0|
    |target_embedding_5_2_reg_1046                                                           |   16|   0|   16|          0|
    |target_embedding_6_2_reg_1037                                                           |   16|   0|   16|          0|
    |target_embedding_7_2_reg_1028                                                           |   16|   0|   16|          0|
    |target_event_idx_read_reg_3615                                                          |   64|   0|   64|          0|
    |target_idx_reg_4109                                                                     |   32|   0|   32|          0|
    |target_vertex_read_reg_3620                                                             |   64|   0|   64|          0|
    |tmp_reg_4041                                                                            |   33|   0|   33|          0|
    |total_cycles_2_reg_4289                                                                 |   64|   0|   64|          0|
    |total_cycles_fu_608                                                                     |   64|   0|   64|          0|
    |total_cycles_load_reg_4260                                                              |   64|   0|   64|          0|
    |total_packets_fu_600                                                                    |   64|   0|   64|          0|
    |trunc_ln1113_1_reg_3659                                                                 |   58|   0|   58|          0|
    |trunc_ln1113_reg_3664                                                                   |    6|   0|    6|          0|
    |trunc_ln1181_9_reg_3784                                                                 |   58|   0|   58|          0|
    |trunc_ln1182_9_reg_3789                                                                 |   58|   0|   58|          0|
    |trunc_ln1183_9_reg_3794                                                                 |   58|   0|   58|          0|
    |trunc_ln1184_9_reg_3799                                                                 |   58|   0|   58|          0|
    |trunc_ln1216_reg_3859                                                                   |   14|   0|   14|          0|
    |trunc_ln1298_reg_4276                                                                   |   32|   0|   32|          0|
    |trunc_ln1310_reg_3974                                                                   |    1|   0|   11|         10|
    |trunc_ln1322_1_reg_4061                                                                 |   58|   0|   58|          0|
    |trunc_ln1322_reg_4066                                                                   |    6|   0|    6|          0|
    |trunc_ln1326_1_reg_4123                                                                 |   32|   0|   32|          0|
    |trunc_ln1326_reg_4099                                                                   |    6|   0|    6|          0|
    |trunc_ln1382_reg_4071                                                                   |   63|   0|   63|          0|
    |trunc_ln_reg_4322                                                                       |   58|   0|   58|          0|
    |vertex_1_reg_3828                                                                       |   13|   0|   13|          0|
    |vertex_fu_564                                                                           |   13|   0|   13|          0|
    |vertex_offsets_read_reg_3630                                                            |   64|   0|   64|          0|
    |weight_event_local                                                                      |   16|   0|   16|          0|
    |weight_event_local_42                                                                   |   16|   0|   16|          0|
    |weight_event_local_43                                                                   |   16|   0|   16|          0|
    |weight_event_local_44                                                                   |   16|   0|   16|          0|
    |weight_event_local_45                                                                   |   16|   0|   16|          0|
    |weight_event_local_46                                                                   |   16|   0|   16|          0|
    |weight_event_local_47                                                                   |   16|   0|   16|          0|
    |weight_event_local_48                                                                   |   16|   0|   16|          0|
    |weight_event_read_reg_3590                                                              |   64|   0|   64|          0|
    |weight_peer_local                                                                       |   16|   0|   16|          0|
    |weight_peer_local_35                                                                    |   16|   0|   16|          0|
    |weight_peer_local_36                                                                    |   16|   0|   16|          0|
    |weight_peer_local_37                                                                    |   16|   0|   16|          0|
    |weight_peer_local_38                                                                    |   16|   0|   16|          0|
    |weight_peer_local_39                                                                    |   16|   0|   16|          0|
    |weight_peer_local_40                                                                    |   16|   0|   16|          0|
    |weight_peer_local_41                                                                    |   16|   0|   16|          0|
    |weight_peer_read_reg_3595                                                               |   64|   0|   64|          0|
    |weight_self_local                                                                       |   16|   0|   16|          0|
    |weight_self_local_28                                                                    |   16|   0|   16|          0|
    |weight_self_local_29                                                                    |   16|   0|   16|          0|
    |weight_self_local_30                                                                    |   16|   0|   16|          0|
    |weight_self_local_31                                                                    |   16|   0|   16|          0|
    |weight_self_local_32                                                                    |   16|   0|   16|          0|
    |weight_self_local_33                                                                    |   16|   0|   16|          0|
    |weight_self_local_34                                                                    |   16|   0|   16|          0|
    |weight_self_read_reg_3600                                                               |   64|   0|   64|          0|
    |zext_ln1109_1_reg_3720                                                                  |   11|   0|   12|          1|
    |zext_ln1109_reg_3715                                                                    |   11|   0|   32|         21|
    |zext_ln1110_reg_3735                                                                    |   14|   0|   32|         18|
    |zext_ln1112_reg_3747                                                                    |   11|   0|   12|          1|
    |zext_ln1298_1_reg_3990                                                                  |   11|   0|   13|          2|
    |zext_ln1298_2_reg_3995                                                                  |   11|   0|   12|          1|
    |zext_ln1298_3_reg_4000                                                                  |   11|   0|   33|         22|
    |zext_ln1298_reg_3888                                                                    |   11|   0|   64|         53|
    +----------------------------------------------------------------------------------------+-----+----+-----+-----------+
    |Total                                                                                   | 7722|   0| 7875|        153|
    +----------------------------------------------------------------------------------------+-----+----+-----+-----------+



================================================================
== Interface
================================================================
* Summary: 
+-----------------------+-----+-----+---------------+------------------------+--------------+
|       RTL Ports       | Dir | Bits|    Protocol   |      Source Object     |    C Type    |
+-----------------------+-----+-----+---------------+------------------------+--------------+
|s_axi_control_AWVALID  |   in|    1|          s_axi|                 control|        scalar|
|s_axi_control_AWREADY  |  out|    1|          s_axi|                 control|        scalar|
|s_axi_control_AWADDR   |   in|    9|          s_axi|                 control|        scalar|
|s_axi_control_WVALID   |   in|    1|          s_axi|                 control|        scalar|
|s_axi_control_WREADY   |  out|    1|          s_axi|                 control|        scalar|
|s_axi_control_WDATA    |   in|   32|          s_axi|                 control|        scalar|
|s_axi_control_WSTRB    |   in|    4|          s_axi|                 control|        scalar|
|s_axi_control_ARVALID  |   in|    1|          s_axi|                 control|        scalar|
|s_axi_control_ARREADY  |  out|    1|          s_axi|                 control|        scalar|
|s_axi_control_ARADDR   |   in|    9|          s_axi|                 control|        scalar|
|s_axi_control_RVALID   |  out|    1|          s_axi|                 control|        scalar|
|s_axi_control_RREADY   |   in|    1|          s_axi|                 control|        scalar|
|s_axi_control_RDATA    |  out|   32|          s_axi|                 control|        scalar|
|s_axi_control_RRESP    |  out|    2|          s_axi|                 control|        scalar|
|s_axi_control_BVALID   |  out|    1|          s_axi|                 control|        scalar|
|s_axi_control_BREADY   |   in|    1|          s_axi|                 control|        scalar|
|s_axi_control_BRESP    |  out|    2|          s_axi|                 control|        scalar|
|ap_clk                 |   in|    1|  ap_ctrl_chain|  tempgnn_forward_kernel|  return value|
|ap_rst_n               |   in|    1|  ap_ctrl_chain|  tempgnn_forward_kernel|  return value|
|interrupt              |  out|    1|  ap_ctrl_chain|  tempgnn_forward_kernel|  return value|
|m_axi_gmem0_AWVALID    |  out|    1|          m_axi|                   gmem0|       pointer|
|m_axi_gmem0_AWREADY    |   in|    1|          m_axi|                   gmem0|       pointer|
|m_axi_gmem0_AWADDR     |  out|   64|          m_axi|                   gmem0|       pointer|
|m_axi_gmem0_AWID       |  out|    1|          m_axi|                   gmem0|       pointer|
|m_axi_gmem0_AWLEN      |  out|    8|          m_axi|                   gmem0|       pointer|
|m_axi_gmem0_AWSIZE     |  out|    3|          m_axi|                   gmem0|       pointer|
|m_axi_gmem0_AWBURST    |  out|    2|          m_axi|                   gmem0|       pointer|
|m_axi_gmem0_AWLOCK     |  out|    2|          m_axi|                   gmem0|       pointer|
|m_axi_gmem0_AWCACHE    |  out|    4|          m_axi|                   gmem0|       pointer|
|m_axi_gmem0_AWPROT     |  out|    3|          m_axi|                   gmem0|       pointer|
|m_axi_gmem0_AWQOS      |  out|    4|          m_axi|                   gmem0|       pointer|
|m_axi_gmem0_AWREGION   |  out|    4|          m_axi|                   gmem0|       pointer|
|m_axi_gmem0_AWUSER     |  out|    1|          m_axi|                   gmem0|       pointer|
|m_axi_gmem0_WVALID     |  out|    1|          m_axi|                   gmem0|       pointer|
|m_axi_gmem0_WREADY     |   in|    1|          m_axi|                   gmem0|       pointer|
|m_axi_gmem0_WDATA      |  out|  512|          m_axi|                   gmem0|       pointer|
|m_axi_gmem0_WSTRB      |  out|   64|          m_axi|                   gmem0|       pointer|
|m_axi_gmem0_WLAST      |  out|    1|          m_axi|                   gmem0|       pointer|
|m_axi_gmem0_WID        |  out|    1|          m_axi|                   gmem0|       pointer|
|m_axi_gmem0_WUSER      |  out|    1|          m_axi|                   gmem0|       pointer|
|m_axi_gmem0_ARVALID    |  out|    1|          m_axi|                   gmem0|       pointer|
|m_axi_gmem0_ARREADY    |   in|    1|          m_axi|                   gmem0|       pointer|
|m_axi_gmem0_ARADDR     |  out|   64|          m_axi|                   gmem0|       pointer|
|m_axi_gmem0_ARID       |  out|    1|          m_axi|                   gmem0|       pointer|
|m_axi_gmem0_ARLEN      |  out|    8|          m_axi|                   gmem0|       pointer|
|m_axi_gmem0_ARSIZE     |  out|    3|          m_axi|                   gmem0|       pointer|
|m_axi_gmem0_ARBURST    |  out|    2|          m_axi|                   gmem0|       pointer|
|m_axi_gmem0_ARLOCK     |  out|    2|          m_axi|                   gmem0|       pointer|
|m_axi_gmem0_ARCACHE    |  out|    4|          m_axi|                   gmem0|       pointer|
|m_axi_gmem0_ARPROT     |  out|    3|          m_axi|                   gmem0|       pointer|
|m_axi_gmem0_ARQOS      |  out|    4|          m_axi|                   gmem0|       pointer|
|m_axi_gmem0_ARREGION   |  out|    4|          m_axi|                   gmem0|       pointer|
|m_axi_gmem0_ARUSER     |  out|    1|          m_axi|                   gmem0|       pointer|
|m_axi_gmem0_RVALID     |   in|    1|          m_axi|                   gmem0|       pointer|
|m_axi_gmem0_RREADY     |  out|    1|          m_axi|                   gmem0|       pointer|
|m_axi_gmem0_RDATA      |   in|  512|          m_axi|                   gmem0|       pointer|
|m_axi_gmem0_RLAST      |   in|    1|          m_axi|                   gmem0|       pointer|
|m_axi_gmem0_RID        |   in|    1|          m_axi|                   gmem0|       pointer|
|m_axi_gmem0_RUSER      |   in|    1|          m_axi|                   gmem0|       pointer|
|m_axi_gmem0_RRESP      |   in|    2|          m_axi|                   gmem0|       pointer|
|m_axi_gmem0_BVALID     |   in|    1|          m_axi|                   gmem0|       pointer|
|m_axi_gmem0_BREADY     |  out|    1|          m_axi|                   gmem0|       pointer|
|m_axi_gmem0_BRESP      |   in|    2|          m_axi|                   gmem0|       pointer|
|m_axi_gmem0_BID        |   in|    1|          m_axi|                   gmem0|       pointer|
|m_axi_gmem0_BUSER      |   in|    1|          m_axi|                   gmem0|       pointer|
+-----------------------+-----+-----+---------------+------------------------+--------------+

