Copyright 1986-2022 Xilinx, Inc. All Rights Reserved. Copyright 2022-2023 Advanced Micro Devices, Inc. All Rights Reserved.
-------------------------------------------------------------------------------------------------------------------------------------------------------------------------------------------------------------------
| Tool Version : Vivado v.2023.2 (lin64) Build 4029153 Fri Oct 13 20:13:54 MDT 2023
| Date         : Wed Jul 15 07:22:26 2026
| Host         : u280-ae-host running 64-bit Ubuntu 22.04.5 LTS
| Command      : report_accelerator_utilization -kernels { tempgnn_forward_kernel:level0_i/ulp/tempgnn_forward_kernel_1/inst:tempgnn_forward_kernel_1} -file kernel_util_routed.rpt -name kernel_util_routed -json
| Design       : level0_wrapper
| Device       : xcu280
| Design State : Routed
-------------------------------------------------------------------------------------------------------------------------------------------------------------------------------------------------------------------

Accelerator Utilization Design Information

Table of Contents
-----------------
1. System Utilization

1. System Utilization
---------------------

+-----------------------------+-------------------+------------------+-------------------+----------------+---------------+----------------+
| Name                        | LUT               | LUTAsMem         | REG               | BRAM           | URAM          | DSP            |
+-----------------------------+-------------------+------------------+-------------------+----------------+---------------+----------------+
| Platform                    |  130850 [ 10.04%] |  10941 [  1.82%] |  180462 [  6.92%] |  197 [  9.77%] |   0 [  0.00%] |    4 [  0.04%] |
| User Budget                 | 1172830 [100.00%] | 590019 [100.00%] | 2426898 [100.00%] | 1819 [100.00%] | 960 [100.00%] | 9020 [100.00%] |
|    Used Resources           |   32047 [  2.73%] |   2461 [  0.42%] |   40021 [  1.65%] |   67 [  3.68%] |  20 [  2.08%] |  102 [  1.13%] |
|    Unused Resources         | 1140783 [ 97.27%] | 587558 [ 99.58%] | 2386877 [ 98.35%] | 1752 [ 96.32%] | 940 [ 97.92%] | 8918 [ 98.87%] |
| tempgnn_forward_kernel      |   32047 [  2.73%] |   2461 [  0.42%] |   40021 [  1.65%] |   67 [  3.68%] |  20 [  2.08%] |  102 [  1.13%] |
|    tempgnn_forward_kernel_1 |   32047 [  2.73%] |   2461 [  0.42%] |   40021 [  1.65%] |   67 [  3.68%] |  20 [  2.08%] |  102 [  1.13%] |
+-----------------------------+-------------------+------------------+-------------------+----------------+---------------+----------------+


