Copyright 1986-2022 Xilinx, Inc. All Rights Reserved. Copyright 2022-2023 Advanced Micro Devices, Inc. All Rights Reserved.
---------------------------------------------------------------------------------------------------------------------------------------------------------------------------------------------------------------------------------------------------------------------------------------------------------------------------------------------------------------------------------------------------------------------------------------------------------------------------------------------------------------------------------------------------------------------------------------------------------------------------------------------------------------------------------------------------------------------------------------------------------------------------------------------------------------------------------------------------------------------------------------------------------------------------------------------------------------------------------------------------------------------------------------------------------------------------------------------------------------------------------------------------------------------------------------------------------------------------------------------------------------------------------------------------------------------------------------------------------------------------------------------------------------------------------------------------------------------------------------------------------------------------------------------------------------------------------------------------------------------------------------------------------------------------------------------------------------------------------------------------------------------------------------------------------------------------------------------------------------------------------------------------------------------------------------------------------------------------------------------------------------------------------------------------------------------------------------------------------------------------------------
| Tool Version : Vivado v.2023.2 (lin64) Build 4029153 Fri Oct 13 20:13:54 MDT 2023
| Date         : Fri Jul 17 09:42:12 2026
| Host         : u280-ae-host running 64-bit Ubuntu 22.04.5 LTS
| Command      : report_accelerator_utilization -kernels { tempgnn_forward_kernel:level0_i/ulp/tempgnn_forward_kernel_1/inst:tempgnn_forward_kernel_1 tempgnn_forward_kernel:level0_i/ulp/tempgnn_forward_kernel_10/inst:tempgnn_forward_kernel_10 tempgnn_forward_kernel:level0_i/ulp/tempgnn_forward_kernel_11/inst:tempgnn_forward_kernel_11 tempgnn_forward_kernel:level0_i/ulp/tempgnn_forward_kernel_12/inst:tempgnn_forward_kernel_12 tempgnn_forward_kernel:level0_i/ulp/tempgnn_forward_kernel_13/inst:tempgnn_forward_kernel_13 tempgnn_forward_kernel:level0_i/ulp/tempgnn_forward_kernel_14/inst:tempgnn_forward_kernel_14 tempgnn_forward_kernel:level0_i/ulp/tempgnn_forward_kernel_15/inst:tempgnn_forward_kernel_15 tempgnn_forward_kernel:level0_i/ulp/tempgnn_forward_kernel_16/inst:tempgnn_forward_kernel_16 tempgnn_forward_kernel:level0_i/ulp/tempgnn_forward_kernel_17/inst:tempgnn_forward_kernel_17 tempgnn_forward_kernel:level0_i/ulp/tempgnn_forward_kernel_18/inst:tempgnn_forward_kernel_18 tempgnn_forward_kernel:level0_i/ulp/tempgnn_forward_kernel_19/inst:tempgnn_forward_kernel_19 tempgnn_forward_kernel:level0_i/ulp/tempgnn_forward_kernel_2/inst:tempgnn_forward_kernel_2 tempgnn_forward_kernel:level0_i/ulp/tempgnn_forward_kernel_20/inst:tempgnn_forward_kernel_20 tempgnn_forward_kernel:level0_i/ulp/tempgnn_forward_kernel_21/inst:tempgnn_forward_kernel_21 tempgnn_forward_kernel:level0_i/ulp/tempgnn_forward_kernel_3/inst:tempgnn_forward_kernel_3 tempgnn_forward_kernel:level0_i/ulp/tempgnn_forward_kernel_4/inst:tempgnn_forward_kernel_4 tempgnn_forward_kernel:level0_i/ulp/tempgnn_forward_kernel_5/inst:tempgnn_forward_kernel_5 tempgnn_forward_kernel:level0_i/ulp/tempgnn_forward_kernel_6/inst:tempgnn_forward_kernel_6 tempgnn_forward_kernel:level0_i/ulp/tempgnn_forward_kernel_7/inst:tempgnn_forward_kernel_7 tempgnn_forward_kernel:level0_i/ulp/tempgnn_forward_kernel_8/inst:tempgnn_forward_kernel_8 tempgnn_forward_kernel:level0_i/ulp/tempgnn_forward_kernel_9/inst:tempgnn_forward_kernel_9} -file kernel_util_routed.rpt -name kernel_util_routed -json
| Design       : level0_wrapper
| Device       : xcu280
| Design State : Routed
---------------------------------------------------------------------------------------------------------------------------------------------------------------------------------------------------------------------------------------------------------------------------------------------------------------------------------------------------------------------------------------------------------------------------------------------------------------------------------------------------------------------------------------------------------------------------------------------------------------------------------------------------------------------------------------------------------------------------------------------------------------------------------------------------------------------------------------------------------------------------------------------------------------------------------------------------------------------------------------------------------------------------------------------------------------------------------------------------------------------------------------------------------------------------------------------------------------------------------------------------------------------------------------------------------------------------------------------------------------------------------------------------------------------------------------------------------------------------------------------------------------------------------------------------------------------------------------------------------------------------------------------------------------------------------------------------------------------------------------------------------------------------------------------------------------------------------------------------------------------------------------------------------------------------------------------------------------------------------------------------------------------------------------------------------------------------------------------------------------------------------------

Accelerator Utilization Design Information

Table of Contents
-----------------
1. System Utilization

1. System Utilization
---------------------

+------------------------------+-------------------+------------------+-------------------+----------------+---------------+----------------+
| Name                         | LUT               | LUTAsMem         | REG               | BRAM           | URAM          | DSP            |
+------------------------------+-------------------+------------------+-------------------+----------------+---------------+----------------+
| Platform                     |  184695 [ 14.17%] |  36461 [  6.07%] |  358020 [ 13.73%] |  199 [  9.87%] |   0 [  0.00%] |    4 [  0.04%] |
| User Budget                  | 1118985 [100.00%] | 564499 [100.00%] | 2249340 [100.00%] | 1817 [100.00%] | 960 [100.00%] | 9020 [100.00%] |
|    Used Resources            |  418957 [ 37.44%] |  20181 [  3.58%] |  561469 [ 24.96%] | 1617 [ 88.99%] | 882 [ 91.88%] | 1428 [ 15.83%] |
|    Unused Resources          |  700028 [ 62.56%] | 544318 [ 96.42%] | 1687871 [ 75.04%] |  200 [ 11.01%] |  78 [  8.13%] | 7592 [ 84.17%] |
| tempgnn_forward_kernel       |  418957 [ 37.44%] |  20181 [  3.58%] |  561469 [ 24.96%] | 1617 [ 88.99%] | 882 [ 91.88%] | 1428 [ 15.83%] |
|    tempgnn_forward_kernel_1  |   19958 [  1.78%] |    961 [  0.17%] |   26728 [  1.19%] |   77 [  4.24%] |  42 [  4.38%] |   68 [  0.75%] |
|    tempgnn_forward_kernel_10 |   19949 [  1.78%] |    961 [  0.17%] |   26728 [  1.19%] |   77 [  4.24%] |  42 [  4.38%] |   68 [  0.75%] |
|    tempgnn_forward_kernel_11 |   19956 [  1.78%] |    961 [  0.17%] |   26728 [  1.19%] |   77 [  4.24%] |  42 [  4.38%] |   68 [  0.75%] |
|    tempgnn_forward_kernel_12 |   19955 [  1.78%] |    961 [  0.17%] |   26728 [  1.19%] |   77 [  4.24%] |  42 [  4.38%] |   68 [  0.75%] |
|    tempgnn_forward_kernel_13 |   19952 [  1.78%] |    961 [  0.17%] |   26728 [  1.19%] |   77 [  4.24%] |  42 [  4.38%] |   68 [  0.75%] |
|    tempgnn_forward_kernel_14 |   19947 [  1.78%] |    961 [  0.17%] |   26743 [  1.19%] |   77 [  4.24%] |  42 [  4.38%] |   68 [  0.75%] |
|    tempgnn_forward_kernel_15 |   19942 [  1.78%] |    961 [  0.17%] |   26728 [  1.19%] |   77 [  4.24%] |  42 [  4.38%] |   68 [  0.75%] |
|    tempgnn_forward_kernel_16 |   19942 [  1.78%] |    961 [  0.17%] |   26743 [  1.19%] |   77 [  4.24%] |  42 [  4.38%] |   68 [  0.75%] |
|    tempgnn_forward_kernel_17 |   19945 [  1.78%] |    961 [  0.17%] |   26728 [  1.19%] |   77 [  4.24%] |  42 [  4.38%] |   68 [  0.75%] |
|    tempgnn_forward_kernel_18 |   19957 [  1.78%] |    961 [  0.17%] |   26743 [  1.19%] |   77 [  4.24%] |  42 [  4.38%] |   68 [  0.75%] |
|    tempgnn_forward_kernel_19 |   19945 [  1.78%] |    961 [  0.17%] |   26756 [  1.19%] |   77 [  4.24%] |  42 [  4.38%] |   68 [  0.75%] |
|    tempgnn_forward_kernel_2  |   19956 [  1.78%] |    961 [  0.17%] |   26728 [  1.19%] |   77 [  4.24%] |  42 [  4.38%] |   68 [  0.75%] |
|    tempgnn_forward_kernel_20 |   19943 [  1.78%] |    961 [  0.17%] |   26728 [  1.19%] |   77 [  4.24%] |  42 [  4.38%] |   68 [  0.75%] |
|    tempgnn_forward_kernel_21 |   19947 [  1.78%] |    961 [  0.17%] |   26770 [  1.19%] |   77 [  4.24%] |  42 [  4.38%] |   68 [  0.75%] |
|    tempgnn_forward_kernel_3  |   19949 [  1.78%] |    961 [  0.17%] |   26728 [  1.19%] |   77 [  4.24%] |  42 [  4.38%] |   68 [  0.75%] |
|    tempgnn_forward_kernel_4  |   19957 [  1.78%] |    961 [  0.17%] |   26761 [  1.19%] |   77 [  4.24%] |  42 [  4.38%] |   68 [  0.75%] |
|    tempgnn_forward_kernel_5  |   19956 [  1.78%] |    961 [  0.17%] |   26728 [  1.19%] |   77 [  4.24%] |  42 [  4.38%] |   68 [  0.75%] |
|    tempgnn_forward_kernel_6  |   19948 [  1.78%] |    961 [  0.17%] |   26728 [  1.19%] |   77 [  4.24%] |  42 [  4.38%] |   68 [  0.75%] |
|    tempgnn_forward_kernel_7  |   19955 [  1.78%] |    961 [  0.17%] |   26761 [  1.19%] |   77 [  4.24%] |  42 [  4.38%] |   68 [  0.75%] |
|    tempgnn_forward_kernel_8  |   19952 [  1.78%] |    961 [  0.17%] |   26728 [  1.19%] |   77 [  4.24%] |  42 [  4.38%] |   68 [  0.75%] |
|    tempgnn_forward_kernel_9  |   19946 [  1.78%] |    961 [  0.17%] |   26728 [  1.19%] |   77 [  4.24%] |  42 [  4.38%] |   68 [  0.75%] |
+------------------------------+-------------------+------------------+-------------------+----------------+---------------+----------------+


