INFO: [v++ 60-1548] Creating build summary session with primary output /home/ae_reviewer/TempGNN/build/vitis_u280_forward_clean_hw/hls_component/hls_component.hlscompile_summary, at Wed Jul 15 05:06:42 2026
INFO: [v++ 74-78] Compiler Version string: 2023.2
INFO: [v++ 82-31] Launching vitis_hls: vitis_hls -nolog -run csynth -work_dir /home/ae_reviewer/TempGNN/build/vitis_u280_forward_clean_hw/hls_component -config /home/ae_reviewer/TempGNN/hardware/vitis/tempgnn_forward_hls.cfg -cmdlineconfig /home/ae_reviewer/TempGNN/build/vitis_u280_forward_clean_hw/hls_component/hls/config.cmdline

****** Vitis HLS - High-Level Synthesis from C, C++ and OpenCL v2023.2 (64-bit)
  **** SW Build 4023990 on Oct 11 2023
  **** IP Build 4028589 on Sat Oct 14 00:45:43 MDT 2023
  **** SharedData Build 4025554 on Tue Oct 10 17:18:54 MDT 2023
    ** Copyright 1986-2022 Xilinx, Inc. All Rights Reserved.
    ** Copyright 2022-2023 Advanced Micro Devices, Inc. All Rights Reserved.

source /tools/Xilinx/Vitis_HLS/2023.2/scripts/vitis_hls/hls.tcl -notrace
INFO: [HLS 200-10] Running '/tools/Xilinx/Vitis_HLS/2023.2/bin/unwrapped/lnx64.o/vitis_hls'
INFO: [HLS 200-10] For user 'ae_reviewer' on host 'u280-ae-host' (Linux_x86_64 version 5.15.0-122-generic) on Wed Jul 15 05:06:49 HKT 2026
INFO: [HLS 200-10] On os Ubuntu 22.04.5 LTS
INFO: [HLS 200-10] In directory '/home/ae_reviewer/TempGNN/hardware/vitis'
INFO: [HLS 200-1909] Reading HLS ini file /home/ae_reviewer/TempGNN/hardware/vitis/tempgnn_forward_hls.cfg
WARNING: [HLS 200-2059] The 'syn.output.format' name is deprecated, use 'package.output.format' instead /home/ae_reviewer/TempGNN/hardware/vitis/tempgnn_forward_hls.cfg(6)
INFO: [HLS 200-1909] Reading HLS ini file /home/ae_reviewer/TempGNN/build/vitis_u280_forward_clean_hw/hls_component/hls/config.cmdline
INFO: [HLS 200-2005] Using work_dir /home/ae_reviewer/TempGNN/build/vitis_u280_forward_clean_hw/hls_component 
INFO: [HLS 200-2006] Changing directory to /home/ae_reviewer/TempGNN/build/vitis_u280_forward_clean_hw
INFO: [HLS 200-1510] Running: open_project /home/ae_reviewer/TempGNN/build/vitis_u280_forward_clean_hw/hls_component -diskless 
INFO: [HLS 200-1510] Running: open_solution hls 
INFO: [HLS 200-1505] Using default flow_target 'vivado'
Resolution: For help on HLS 200-1505 see docs.xilinx.com/access/sources/dita/topic?Doc_Version=2023.2%20English&url=ug1448-hls-guidance&resourceid=200-1505.html
INFO: [HLS 200-1510] Running: apply_ini /home/ae_reviewer/TempGNN/hardware/vitis/tempgnn_forward_hls.cfg 
INFO: [HLS 200-1909] Reading HLS ini file /home/ae_reviewer/TempGNN/hardware/vitis/tempgnn_forward_hls.cfg
WARNING: [HLS 200-2059] The 'syn.output.format' name is deprecated, use 'package.output.format' instead /home/ae_reviewer/TempGNN/hardware/vitis/tempgnn_forward_hls.cfg(6)
INFO: [HLS 200-1465] Applying ini 'syn.file=../src/tempgnn_forward_kernel.cpp' at /home/ae_reviewer/TempGNN/hardware/vitis/tempgnn_forward_hls.cfg(3)
INFO: [HLS 200-10] Adding design file '/home/ae_reviewer/TempGNN/hardware/src/tempgnn_forward_kernel.cpp' to the project
INFO: [HLS 200-1465] Applying ini 'syn.cflags=-I../include' at /home/ae_reviewer/TempGNN/hardware/vitis/tempgnn_forward_hls.cfg(5)
INFO: [HLS 200-1465] Applying ini 'syn.top=tempgnn_forward_kernel' at /home/ae_reviewer/TempGNN/hardware/vitis/tempgnn_forward_hls.cfg(4)
INFO: [HLS 200-1465] Applying ini 'flow_target=vitis' at /home/ae_reviewer/TempGNN/hardware/vitis/tempgnn_forward_hls.cfg(2)
INFO: [HLS 200-1505] Using flow_target 'vitis'
Resolution: For help on HLS 200-1505 see docs.xilinx.com/access/sources/dita/topic?Doc_Version=2023.2%20English&url=ug1448-hls-guidance&resourceid=200-1505.html
INFO: [HLS 200-435] Setting 'open_solution -flow_target vitis' configuration: config_interface -m_axi_latency=64
INFO: [HLS 200-435] Setting 'open_solution -flow_target vitis' configuration: config_interface -m_axi_alignment_byte_size=64
INFO: [HLS 200-435] Setting 'open_solution -flow_target vitis' configuration: config_interface -m_axi_max_widen_bitwidth=512
INFO: [HLS 200-435] Setting 'open_solution -flow_target vitis' configuration: config_rtl -register_reset_num=3
INFO: [HLS 200-1465] Applying ini 'package.output.format=xo' at /home/ae_reviewer/TempGNN/hardware/vitis/tempgnn_forward_hls.cfg(6)
INFO: [HLS 200-1510] Running: apply_ini /home/ae_reviewer/TempGNN/build/vitis_u280_forward_clean_hw/hls_component/hls/config.cmdline 
INFO: [HLS 200-1909] Reading HLS ini file /home/ae_reviewer/TempGNN/build/vitis_u280_forward_clean_hw/hls_component/hls/config.cmdline
INFO: [HLS 200-1465] Applying ini 'part=xcu280-fsvh2892-2L-e' at /home/ae_reviewer/TempGNN/build/vitis_u280_forward_clean_hw/hls_component/hls/config.cmdline(2)
INFO: [HLS 200-1611] Setting target device to 'xcu280-fsvh2892-2L-e'
INFO: [HLS 200-1465] Applying ini 'clock=225000000Hz' at /home/ae_reviewer/TempGNN/build/vitis_u280_forward_clean_hw/hls_component/hls/config.cmdline(7)
INFO: [SYN 201-201] Setting up clock 'default' with a period of 4.444ns.
INFO: [HLS 200-1510] Running: csynth_design 
INFO: [HLS 200-111] Finished File checks and directory preparation: CPU user time: 0.12 seconds. CPU system time: 0.02 seconds. Elapsed time: 0.14 seconds; current allocated memory: 265.844 MB.
INFO: [HLS 200-10] Analyzing design file '/home/ae_reviewer/TempGNN/hardware/src/tempgnn_forward_kernel.cpp' ... 
INFO: [HLS 200-111] Finished Source Code Analysis and Preprocessing: CPU user time: 0.74 seconds. CPU system time: 0.43 seconds. Elapsed time: 1.46 seconds; current allocated memory: 269.031 MB.
INFO: [HLS 200-777] Using interface defaults for 'Vitis' flow target.
INFO: [HLS 200-1995] There were 2,257 instructions in the design after the 'Compile/Link' phase of compilation. See the Design Size Report for more details: /home/ae_reviewer/TempGNN/build/vitis_u280_forward_clean_hw/hls_component/hls/syn/report/csynth_design_size.rpt
INFO: [HLS 200-1995] There were 3,685 instructions in the design after the 'Unroll/Inline (step 1)' phase of compilation. See the Design Size Report for more details: /home/ae_reviewer/TempGNN/build/vitis_u280_forward_clean_hw/hls_component/hls/syn/report/csynth_design_size.rpt
INFO: [HLS 200-1995] There were 3,057 instructions in the design after the 'Unroll/Inline (step 2)' phase of compilation. See the Design Size Report for more details: /home/ae_reviewer/TempGNN/build/vitis_u280_forward_clean_hw/hls_component/hls/syn/report/csynth_design_size.rpt
INFO: [HLS 200-1995] There were 2,958 instructions in the design after the 'Unroll/Inline (step 3)' phase of compilation. See the Design Size Report for more details: /home/ae_reviewer/TempGNN/build/vitis_u280_forward_clean_hw/hls_component/hls/syn/report/csynth_design_size.rpt
INFO: [HLS 200-1995] There were 2,780 instructions in the design after the 'Unroll/Inline (step 4)' phase of compilation. See the Design Size Report for more details: /home/ae_reviewer/TempGNN/build/vitis_u280_forward_clean_hw/hls_component/hls/syn/report/csynth_design_size.rpt
INFO: [HLS 200-1995] There were 2,581 instructions in the design after the 'Array/Struct (step 1)' phase of compilation. See the Design Size Report for more details: /home/ae_reviewer/TempGNN/build/vitis_u280_forward_clean_hw/hls_component/hls/syn/report/csynth_design_size.rpt
INFO: [HLS 200-1995] There were 2,581 instructions in the design after the 'Array/Struct (step 2)' phase of compilation. See the Design Size Report for more details: /home/ae_reviewer/TempGNN/build/vitis_u280_forward_clean_hw/hls_component/hls/syn/report/csynth_design_size.rpt
INFO: [HLS 200-1995] There were 2,581 instructions in the design after the 'Array/Struct (step 3)' phase of compilation. See the Design Size Report for more details: /home/ae_reviewer/TempGNN/build/vitis_u280_forward_clean_hw/hls_component/hls/syn/report/csynth_design_size.rpt
INFO: [HLS 200-1995] There were 2,581 instructions in the design after the 'Array/Struct (step 4)' phase of compilation. See the Design Size Report for more details: /home/ae_reviewer/TempGNN/build/vitis_u280_forward_clean_hw/hls_component/hls/syn/report/csynth_design_size.rpt
INFO: [HLS 200-1995] There were 2,496 instructions in the design after the 'Array/Struct (step 5)' phase of compilation. See the Design Size Report for more details: /home/ae_reviewer/TempGNN/build/vitis_u280_forward_clean_hw/hls_component/hls/syn/report/csynth_design_size.rpt
INFO: [HLS 200-1995] There were 2,442 instructions in the design after the 'Performance (step 1)' phase of compilation. See the Design Size Report for more details: /home/ae_reviewer/TempGNN/build/vitis_u280_forward_clean_hw/hls_component/hls/syn/report/csynth_design_size.rpt
INFO: [HLS 200-1995] There were 2,438 instructions in the design after the 'Performance (step 2)' phase of compilation. See the Design Size Report for more details: /home/ae_reviewer/TempGNN/build/vitis_u280_forward_clean_hw/hls_component/hls/syn/report/csynth_design_size.rpt
INFO: [HLS 200-1995] There were 2,438 instructions in the design after the 'Performance (step 3)' phase of compilation. See the Design Size Report for more details: /home/ae_reviewer/TempGNN/build/vitis_u280_forward_clean_hw/hls_component/hls/syn/report/csynth_design_size.rpt
INFO: [HLS 200-1995] There were 2,430 instructions in the design after the 'Performance (step 4)' phase of compilation. See the Design Size Report for more details: /home/ae_reviewer/TempGNN/build/vitis_u280_forward_clean_hw/hls_component/hls/syn/report/csynth_design_size.rpt
INFO: [HLS 200-1995] There were 2,701 instructions in the design after the 'HW Transforms (step 1)' phase of compilation. See the Design Size Report for more details: /home/ae_reviewer/TempGNN/build/vitis_u280_forward_clean_hw/hls_component/hls/syn/report/csynth_design_size.rpt
INFO: [HLS 200-1995] There were 2,624 instructions in the design after the 'HW Transforms (step 2)' phase of compilation. See the Design Size Report for more details: /home/ae_reviewer/TempGNN/build/vitis_u280_forward_clean_hw/hls_component/hls/syn/report/csynth_design_size.rpt
INFO: [HLS 214-131] Inlining function 'fwd_load_local_state(short (*) [8], unsigned int, short*)' into 'fwd_dependency_state(short const*, unsigned int, FwdPacketRef*, bool*, short (*) [8], unsigned int, FwdPacketRef const&, short*)' (/home/ae_reviewer/TempGNN/hardware/src/tempgnn_forward_kernel.cpp:315:9)
INFO: [HLS 214-131] Inlining function 'fwd_enqueue_packet(FwdQueueEntry*, unsigned int&, FwdPacketRef const&, unsigned int, unsigned int)' into 'fwd_process_target(unsigned int const*, unsigned int const*, unsigned int const*, unsigned int, unsigned int const*, unsigned int const*, unsigned int const*, unsigned int, unsigned int, unsigned int, unsigned int, unsigned int, unsigned int, short const*, short const*, short const*, short const*, short const*, short const*, FwdPacketRef*, bool*, short (*) [8], short*, unsigned long&, unsigned int&, unsigned int&, unsigned long&, unsigned long&, unsigned long&, unsigned long&, unsigned long&, unsigned long&)' (/home/ae_reviewer/TempGNN/hardware/src/tempgnn_forward_kernel.cpp:379:10)
INFO: [HLS 214-131] Inlining function 'fwd_enqueue_packet(FwdQueueEntry*, unsigned int&, FwdPacketRef const&, unsigned int, unsigned int)' into 'fwd_process_target(unsigned int const*, unsigned int const*, unsigned int const*, unsigned int, unsigned int const*, unsigned int const*, unsigned int const*, unsigned int, unsigned int, unsigned int, unsigned int, unsigned int, unsigned int, short const*, short const*, short const*, short const*, short const*, short const*, FwdPacketRef*, bool*, short (*) [8], short*, unsigned long&, unsigned int&, unsigned int&, unsigned long&, unsigned long&, unsigned long&, unsigned long&, unsigned long&, unsigned long&)' (/home/ae_reviewer/TempGNN/hardware/src/tempgnn_forward_kernel.cpp:410:18)
INFO: [HLS 214-131] Inlining function 'fwd_enqueue_packet(FwdQueueEntry*, unsigned int&, FwdPacketRef const&, unsigned int, unsigned int)' into 'fwd_process_target(unsigned int const*, unsigned int const*, unsigned int const*, unsigned int, unsigned int const*, unsigned int const*, unsigned int const*, unsigned int, unsigned int, unsigned int, unsigned int, unsigned int, unsigned int, short const*, short const*, short const*, short const*, short const*, short const*, FwdPacketRef*, bool*, short (*) [8], short*, unsigned long&, unsigned int&, unsigned int&, unsigned long&, unsigned long&, unsigned long&, unsigned long&, unsigned long&, unsigned long&)' (/home/ae_reviewer/TempGNN/hardware/src/tempgnn_forward_kernel.cpp:471:14)
INFO: [HLS 214-131] Inlining function 'fwd_load_local_state(short (*) [8], unsigned int, short*)' into 'fwd_process_target(unsigned int const*, unsigned int const*, unsigned int const*, unsigned int, unsigned int const*, unsigned int const*, unsigned int const*, unsigned int, unsigned int, unsigned int, unsigned int, unsigned int, unsigned int, short const*, short const*, short const*, short const*, short const*, short const*, FwdPacketRef*, bool*, short (*) [8], short*, unsigned long&, unsigned int&, unsigned int&, unsigned long&, unsigned long&, unsigned long&, unsigned long&, unsigned long&, unsigned long&)' (/home/ae_reviewer/TempGNN/hardware/src/tempgnn_forward_kernel.cpp:564:9)
INFO: [HLS 214-131] Inlining function 'fwd_enqueue_packet(FwdQueueEntry*, unsigned int&, FwdPacketRef const&, unsigned int, unsigned int)' into 'fwd_process_target(unsigned int const*, unsigned int const*, unsigned int const*, unsigned int, unsigned int const*, unsigned int const*, unsigned int const*, unsigned int, unsigned int, unsigned int, unsigned int, unsigned int, unsigned int, short const*, short const*, short const*, short const*, short const*, short const*, FwdPacketRef*, bool*, short (*) [8], short*, unsigned long&, unsigned int&, unsigned int&, unsigned long&, unsigned long&, unsigned long&, unsigned long&, unsigned long&, unsigned long&)' (/home/ae_reviewer/TempGNN/hardware/src/tempgnn_forward_kernel.cpp:474:14)
INFO: [HLS 214-131] Inlining function 'fwd_store_local_state(short (*) [8], unsigned int, short const*)' into 'fwd_process_target(unsigned int const*, unsigned int const*, unsigned int const*, unsigned int, unsigned int const*, unsigned int const*, unsigned int const*, unsigned int, unsigned int, unsigned int, unsigned int, unsigned int, unsigned int, short const*, short const*, short const*, short const*, short const*, short const*, FwdPacketRef*, bool*, short (*) [8], short*, unsigned long&, unsigned int&, unsigned int&, unsigned long&, unsigned long&, unsigned long&, unsigned long&, unsigned long&, unsigned long&)' (/home/ae_reviewer/TempGNN/hardware/src/tempgnn_forward_kernel.cpp:558:9)
INFO: [HLS 214-186] Unrolling loop 'fwd_embedding_store_dim' (/home/ae_reviewer/TempGNN/hardware/src/tempgnn_forward_kernel.cpp:743:13) in function 'tempgnn_forward_kernel' completely with a factor of 8 (/home/ae_reviewer/TempGNN/hardware/src/tempgnn_forward_kernel.cpp:602:0)
INFO: [HLS 214-186] Unrolling loop 'fwd_load_local_dim' (/home/ae_reviewer/TempGNN/hardware/src/tempgnn_forward_kernel.cpp:190:5) in function 'fwd_process_target' completely with a factor of 8 (/home/ae_reviewer/TempGNN/hardware/src/tempgnn_forward_kernel.cpp:353:0)
INFO: [HLS 214-186] Unrolling loop 'fwd_no_oats_checksum_dim' (/home/ae_reviewer/TempGNN/hardware/src/tempgnn_forward_kernel.cpp:550:17) in function 'fwd_process_target' completely with a factor of 8 (/home/ae_reviewer/TempGNN/hardware/src/tempgnn_forward_kernel.cpp:353:0)
INFO: [HLS 214-186] Unrolling loop 'fwd_store_local_dim' (/home/ae_reviewer/TempGNN/hardware/src/tempgnn_forward_kernel.cpp:178:5) in function 'fwd_process_target' completely with a factor of 8 (/home/ae_reviewer/TempGNN/hardware/src/tempgnn_forward_kernel.cpp:353:0)
INFO: [HLS 214-186] Unrolling loop 'fwd_phle_store_dim' (/home/ae_reviewer/TempGNN/hardware/src/tempgnn_forward_kernel.cpp:260:5) in function 'fwd_phle_insert' completely with a factor of 8 (/home/ae_reviewer/TempGNN/hardware/src/tempgnn_forward_kernel.cpp:233:0)
INFO: [HLS 214-186] Unrolling loop 'fwd_phle_probe_insert' (/home/ae_reviewer/TempGNN/hardware/src/tempgnn_forward_kernel.cpp:239:5) in function 'fwd_phle_insert' completely with a factor of 4 (/home/ae_reviewer/TempGNN/hardware/src/tempgnn_forward_kernel.cpp:233:0)
INFO: [HLS 214-186] Unrolling loop 'fwd_update_dim' (/home/ae_reviewer/TempGNN/hardware/src/tempgnn_forward_kernel.cpp:284:5) in function 'fwd_update_state' completely with a factor of 8 (/home/ae_reviewer/TempGNN/hardware/src/tempgnn_forward_kernel.cpp:279:0)
INFO: [HLS 214-186] Unrolling loop 'fwd_load_local_dim' (/home/ae_reviewer/TempGNN/hardware/src/tempgnn_forward_kernel.cpp:190:5) in function 'fwd_dependency_state' completely with a factor of 8 (/home/ae_reviewer/TempGNN/hardware/src/tempgnn_forward_kernel.cpp:306:0)
INFO: [HLS 214-186] Unrolling loop 'fwd_phle_probe_lookup' (/home/ae_reviewer/TempGNN/hardware/src/tempgnn_forward_kernel.cpp:208:5) in function 'fwd_phle_lookup' completely with a factor of 4 (/home/ae_reviewer/TempGNN/hardware/src/tempgnn_forward_kernel.cpp:203:0)
INFO: [HLS 214-186] Unrolling loop 'fwd_phle_copy_hit' (/home/ae_reviewer/TempGNN/hardware/src/tempgnn_forward_kernel.cpp:215:13) in function 'fwd_phle_lookup' completely with a factor of 8 (/home/ae_reviewer/TempGNN/hardware/src/tempgnn_forward_kernel.cpp:203:0)
INFO: [HLS 214-186] Unrolling loop 'fwd_load_initial_dim' (/home/ae_reviewer/TempGNN/hardware/src/tempgnn_forward_kernel.cpp:151:5) in function 'fwd_load_initial_state' completely with a factor of 8 (/home/ae_reviewer/TempGNN/hardware/src/tempgnn_forward_kernel.cpp:148:0)
INFO: [HLS 214-178] Inlining function 'fwd_packet_equal(FwdPacketRef const&, FwdPacketRef const&) (.9.30)' into 'fwd_find_local_packet(FwdPacketRef*, unsigned int, FwdPacketRef const&, unsigned int&) (.6.27)' (/home/ae_reviewer/TempGNN/hardware/src/tempgnn_forward_kernel.cpp:127:0)
INFO: [HLS 214-178] Inlining function 'fwd_mix32(unsigned int)' into 'fwd_packet_hash(FwdPacketRef const&)' (/home/ae_reviewer/TempGNN/hardware/src/tempgnn_forward_kernel.cpp:36:0)
INFO: [HLS 214-178] Inlining function 'fwd_packet_hash(FwdPacketRef const&)' into 'fwd_phle_lookup(FwdPacketRef*, bool*, short (*) [8], FwdPacketRef const&, short*, unsigned long&, unsigned long&)' (/home/ae_reviewer/TempGNN/hardware/src/tempgnn_forward_kernel.cpp:203:0)
INFO: [HLS 214-178] Inlining function 'fwd_packet_equal(FwdPacketRef const&, FwdPacketRef const&) (.9.30)' into 'fwd_phle_lookup(FwdPacketRef*, bool*, short (*) [8], FwdPacketRef const&, short*, unsigned long&, unsigned long&)' (/home/ae_reviewer/TempGNN/hardware/src/tempgnn_forward_kernel.cpp:203:0)
INFO: [HLS 214-178] Inlining function 'fwd_packet_is_initial(FwdPacketRef const&) (.12)' into 'fwd_dependency_state(short const*, unsigned int, FwdPacketRef*, bool*, short (*) [8], unsigned int, FwdPacketRef const&, short*)' (/home/ae_reviewer/TempGNN/hardware/src/tempgnn_forward_kernel.cpp:306:0)
INFO: [HLS 214-178] Inlining function 'fwd_clamp_i16(int)' into 'fwd_hard_tanh_q10(int)' (/home/ae_reviewer/TempGNN/hardware/src/tempgnn_forward_kernel.cpp:58:0)
INFO: [HLS 214-178] Inlining function 'fwd_hard_tanh_q10(int)' into 'fwd_update_state(unsigned int const*, short const*, short const*, short const*, short const*, short const*, short const*, short const*, FwdPacketRef const&, short*)' (/home/ae_reviewer/TempGNN/hardware/src/tempgnn_forward_kernel.cpp:279:0)
INFO: [HLS 214-178] Inlining function 'fwd_packet_hash(FwdPacketRef const&)' into 'fwd_phle_insert(FwdPacketRef*, bool*, short (*) [8], FwdPacketRef const&, short const*, unsigned long&)' (/home/ae_reviewer/TempGNN/hardware/src/tempgnn_forward_kernel.cpp:233:0)
INFO: [HLS 214-178] Inlining function 'fwd_packet_equal(FwdPacketRef const&, FwdPacketRef const&) (.9.30)' into 'fwd_phle_insert(FwdPacketRef*, bool*, short (*) [8], FwdPacketRef const&, short const*, unsigned long&)' (/home/ae_reviewer/TempGNN/hardware/src/tempgnn_forward_kernel.cpp:233:0)
INFO: [HLS 214-178] Inlining function 'fwd_min_u32(unsigned int, unsigned int)' into 'fwd_process_target(unsigned int const*, unsigned int const*, unsigned int const*, unsigned int, unsigned int const*, unsigned int const*, unsigned int const*, unsigned int, unsigned int, unsigned int, unsigned int, unsigned int, unsigned int, short const*, short const*, short const*, short const*, short const*, short const*, FwdPacketRef*, bool*, short (*) [8], short*, unsigned long&, unsigned int&, unsigned int&, unsigned long&, unsigned long&, unsigned long&, unsigned long&, unsigned long&, unsigned long&)' (/home/ae_reviewer/TempGNN/hardware/src/tempgnn_forward_kernel.cpp:353:0)
INFO: [HLS 214-178] Inlining function 'fwd_packet_is_initial(FwdPacketRef const&) (.12)' into 'fwd_process_target(unsigned int const*, unsigned int const*, unsigned int const*, unsigned int, unsigned int const*, unsigned int const*, unsigned int const*, unsigned int, unsigned int, unsigned int, unsigned int, unsigned int, unsigned int, short const*, short const*, short const*, short const*, short const*, short const*, FwdPacketRef*, bool*, short (*) [8], short*, unsigned long&, unsigned int&, unsigned int&, unsigned long&, unsigned long&, unsigned long&, unsigned long&, unsigned long&, unsigned long&)' (/home/ae_reviewer/TempGNN/hardware/src/tempgnn_forward_kernel.cpp:353:0)
INFO: [HLS 214-178] Inlining function 'fwd_max_u32(unsigned int, unsigned int)' into 'fwd_process_target(unsigned int const*, unsigned int const*, unsigned int const*, unsigned int, unsigned int const*, unsigned int const*, unsigned int const*, unsigned int, unsigned int, unsigned int, unsigned int, unsigned int, unsigned int, short const*, short const*, short const*, short const*, short const*, short const*, FwdPacketRef*, bool*, short (*) [8], short*, unsigned long&, unsigned int&, unsigned int&, unsigned long&, unsigned long&, unsigned long&, unsigned long&, unsigned long&, unsigned long&)' (/home/ae_reviewer/TempGNN/hardware/src/tempgnn_forward_kernel.cpp:353:0)
INFO: [HLS 214-178] Inlining function 'fwd_packet_hash(FwdPacketRef const&)' into 'fwd_process_target(unsigned int const*, unsigned int const*, unsigned int const*, unsigned int, unsigned int const*, unsigned int const*, unsigned int const*, unsigned int, unsigned int, unsigned int, unsigned int, unsigned int, unsigned int, short const*, short const*, short const*, short const*, short const*, short const*, FwdPacketRef*, bool*, short (*) [8], short*, unsigned long&, unsigned int&, unsigned int&, unsigned long&, unsigned long&, unsigned long&, unsigned long&, unsigned long&, unsigned long&)' (/home/ae_reviewer/TempGNN/hardware/src/tempgnn_forward_kernel.cpp:353:0)
INFO: [HLS 214-178] Inlining function 'fwd_min_u32(unsigned int, unsigned int)' into 'tempgnn_forward_kernel' (/home/ae_reviewer/TempGNN/hardware/src/tempgnn_forward_kernel.cpp:602:0)
INFO: [HLS 214-178] Inlining function 'fwd_ceil_div_u64(unsigned long, unsigned long)' into 'tempgnn_forward_kernel' (/home/ae_reviewer/TempGNN/hardware/src/tempgnn_forward_kernel.cpp:602:0)
INFO: [HLS 214-248] Applying array_partition to 'out_state': Complete partitioning on dimension 1. (/home/ae_reviewer/TempGNN/hardware/src/tempgnn_forward_kernel.cpp:505:17)
INFO: [HLS 214-248] Applying array_partition to 'self_state': Complete partitioning on dimension 1. (/home/ae_reviewer/TempGNN/hardware/src/tempgnn_forward_kernel.cpp:533:21)
INFO: [HLS 214-248] Applying array_partition to 'peer_state': Complete partitioning on dimension 1. (/home/ae_reviewer/TempGNN/hardware/src/tempgnn_forward_kernel.cpp:534:21)
INFO: [HLS 214-248] Applying array_partition to 'target_embedding': Complete partitioning on dimension 1. (/home/ae_reviewer/TempGNN/hardware/src/tempgnn_forward_kernel.cpp:700:21)
INFO: [HLS 214-376] automatically set the pipeline for Loop< fwd_local_find> at /home/ae_reviewer/TempGNN/hardware/src/tempgnn_forward_kernel.cpp:130:5 
INFO: [HLS 214-376] automatically set the pipeline for Loop< fwd_latest_scan> at /home/ae_reviewer/TempGNN/hardware/src/tempgnn_forward_kernel.cpp:90:5 
INFO: [HLS 214-376] automatically set the pipeline for Loop< fwd_pick_next_packet> at /home/ae_reviewer/TempGNN/hardware/src/tempgnn_forward_kernel.cpp:489:9 
INFO: [HLS 214-376] automatically set the pipeline for Loop< fwd_phle_reset> at /home/ae_reviewer/TempGNN/hardware/src/tempgnn_forward_kernel.cpp:678:9 
INFO: [HLS 214-376] automatically set the pipeline for Loop< fwd_stats_clear> at /home/ae_reviewer/TempGNN/hardware/src/tempgnn_forward_kernel.cpp:772:5 
INFO: [HLS 214-115] Multiple burst reads of length 2 and bit width 32 has been inferred on bundle 'gmem3'. These burst requests might be further partitioned into multiple requests during RTL generation, based on max_read_burst_length or max_write_burst_length settings. (/home/ae_reviewer/TempGNN/hardware/src/tempgnn_forward_kernel.cpp:86:22)
INFO: [HLS 214-115] Multiple burst reads of length 7 and bit width 16 has been inferred on bundle 'gmem9'. These burst requests might be further partitioned into multiple requests during RTL generation, based on max_read_burst_length or max_write_burst_length settings. (/home/ae_reviewer/TempGNN/hardware/src/tempgnn_forward_kernel.cpp:286:20)
INFO: [HLS 214-115] Multiple burst reads of length 2 and bit width 32 has been inferred on bundle 'gmem3'. These burst requests might be further partitioned into multiple requests during RTL generation, based on max_read_burst_length or max_write_burst_length settings. (/home/ae_reviewer/TempGNN/hardware/src/tempgnn_forward_kernel.cpp:385:26)
INFO: [HLS 214-115] Multiple burst writes of length 2 and bit width 512 has been inferred on bundle 'gmem12'. These burst requests might be further partitioned into multiple requests during RTL generation, based on max_read_burst_length or max_write_burst_length settings. (/home/ae_reviewer/TempGNN/hardware/src/tempgnn_forward_kernel.cpp:772:5)
INFO: [HLS 200-111] Finished Compiling Optimization and Transform: CPU user time: 5.8 seconds. CPU system time: 0.65 seconds. Elapsed time: 9.45 seconds; current allocated memory: 273.008 MB.
INFO: [HLS 200-111] Finished Checking Pragmas: CPU user time: 0 seconds. CPU system time: 0 seconds. Elapsed time: 0.01 seconds; current allocated memory: 273.008 MB.
INFO: [HLS 200-10] Starting code transformations ...
INFO: [HLS 200-111] Finished Standard Transforms: CPU user time: 0.14 seconds. CPU system time: 0.01 seconds. Elapsed time: 0.14 seconds; current allocated memory: 276.004 MB.
INFO: [HLS 200-10] Checking synthesizability ...
INFO: [HLS 200-111] Finished Checking Synthesizability: CPU user time: 0.19 seconds. CPU system time: 0 seconds. Elapsed time: 0.2 seconds; current allocated memory: 278.371 MB.
INFO: [XFORM 203-401] Performing if-conversion on hyperblock from (/home/ae_reviewer/TempGNN/hardware/src/tempgnn_forward_kernel.cpp:760:21) to (/home/ae_reviewer/TempGNN/hardware/src/tempgnn_forward_kernel.cpp:765:35) in function 'tempgnn_forward_kernel'... converting 3 basic blocks.
INFO: [XFORM 203-401] Performing if-conversion on hyperblock from (/home/ae_reviewer/TempGNN/hardware/src/tempgnn_forward_kernel.cpp:494:18) to (/home/ae_reviewer/TempGNN/hardware/src/tempgnn_forward_kernel.cpp:489:9) in function 'fwd_process_target'... converting 3 basic blocks.
INFO: [XFORM 203-401] Performing if-conversion on hyperblock to (/home/ae_reviewer/TempGNN/hardware/src/tempgnn_forward_kernel.cpp:225:1) in function 'fwd_phle_lookup'... converting 19 basic blocks.
INFO: [XFORM 203-11] Balancing expressions in function 'tempgnn_forward_kernel' (/home/ae_reviewer/TempGNN/hardware/src/tempgnn_forward_kernel.cpp:16:9)...12 expression(s) balanced.
INFO: [XFORM 203-11] Balancing expressions in function 'fwd_update_state' (/home/ae_reviewer/TempGNN/hardware/src/tempgnn_forward_kernel.cpp:55:13)...24 expression(s) balanced.
INFO: [XFORM 203-11] Balancing expressions in function 'fwd_process_target' (/home/ae_reviewer/TempGNN/hardware/src/tempgnn_forward_kernel.cpp:345)...10 expression(s) balanced.
INFO: [XFORM 203-11] Balancing expressions in function 'fwd_phle_lookup' (/home/ae_reviewer/TempGNN/hardware/src/tempgnn_forward_kernel.cpp:28:1)...25 expression(s) balanced.
INFO: [XFORM 203-11] Balancing expressions in function 'fwd_phle_insert' (/home/ae_reviewer/TempGNN/hardware/src/tempgnn_forward_kernel.cpp:28:14)...9 expression(s) balanced.
INFO: [HLS 200-111] Finished Loop, function and other optimizations: CPU user time: 0.78 seconds. CPU system time: 0.01 seconds. Elapsed time: 0.8 seconds; current allocated memory: 305.262 MB.
WARNING: [HLS 200-960] Cannot flatten loop 'fwd_compute_reverse' (/home/ae_reviewer/TempGNN/hardware/src/tempgnn_forward_kernel.cpp:480:5) in function 'fwd_process_target' the outer loop is not a perfect loop because there is nontrivial logic before entering the inner loop.
Resolution: For help on HLS 200-960 see docs.xilinx.com/access/sources/dita/topic?Doc_Version=2023.2%20English&url=ug1448-hls-guidance&resourceid=200-960.html
INFO: [HLS 200-111] Finished Architecture Synthesis: CPU user time: 0.72 seconds. CPU system time: 0.07 seconds. Elapsed time: 0.78 seconds; current allocated memory: 435.566 MB.
INFO: [HLS 200-10] Starting hardware synthesis ...
INFO: [HLS 200-10] Synthesizing 'tempgnn_forward_kernel' ...
INFO: [HLS 200-10] ----------------------------------------------------------------
INFO: [HLS 200-42] -- Implementing module 'tempgnn_forward_kernel_Pipeline_fwd_phle_reset' 
INFO: [HLS 200-10] ----------------------------------------------------------------
INFO: [SCHED 204-11] Starting scheduling ...
WARNING: [HLS 200-2042] Usage of URAM can potentially cause worse II as Vitis HLS does not exploit read-first mode for URAMs. Consider using BRAMs instead.
WARNING: [HLS 200-2042] Usage of URAM can potentially cause worse II as Vitis HLS does not exploit read-first mode for URAMs. Consider using BRAMs instead.
WARNING: [HLS 200-2042] Usage of URAM can potentially cause worse II as Vitis HLS does not exploit read-first mode for URAMs. Consider using BRAMs instead.
INFO: [SCHED 204-61] Pipelining loop 'fwd_phle_reset'.
INFO: [HLS 200-1470] Pipelining result : Target II = NA, Final II = 1, Depth = 1, loop 'fwd_phle_reset'
WARNING: [HLS 200-871] Estimated clock period (3.503 ns) exceeds the target (target clock period: 4.444 ns, clock uncertainty: 1.200 ns, effective delay budget: 3.244 ns).
Resolution: For help on HLS 200-871 see docs.xilinx.com/access/sources/dita/topic?Doc_Version=2023.2%20English&url=ug1448-hls-guidance&resourceid=200-871.html
WARNING: [HLS 200-1016] The critical path in module 'tempgnn_forward_kernel_Pipeline_fwd_phle_reset' consists of the following:
	'store' operation 0 bit ('idx_write_ln678', /home/ae_reviewer/TempGNN/hardware/src/tempgnn_forward_kernel.cpp:678) of constant 0 on local variable 'idx', /home/ae_reviewer/TempGNN/hardware/src/tempgnn_forward_kernel.cpp:678 [10]  (0.387 ns)
	'load' operation 14 bit ('idx', /home/ae_reviewer/TempGNN/hardware/src/tempgnn_forward_kernel.cpp:678) on local variable 'idx', /home/ae_reviewer/TempGNN/hardware/src/tempgnn_forward_kernel.cpp:678 [13]  (0.000 ns)
	'icmp' operation 1 bit ('icmp_ln678', /home/ae_reviewer/TempGNN/hardware/src/tempgnn_forward_kernel.cpp:678) [14]  (0.765 ns)
	'store' operation 0 bit ('phle_key_vertex_addr_write_ln681', /home/ae_reviewer/TempGNN/hardware/src/tempgnn_forward_kernel.cpp:681) of constant 0 on array 'phle_key_vertex' [25]  (2.351 ns)

Resolution: For help on HLS 200-1016 see docs.xilinx.com/access/sources/dita/topic?Doc_Version=2023.2%20English&url=ug1448-hls-guidance&resourceid=200-1016.html
INFO: [SCHED 204-11] Finished scheduling.
INFO: [HLS 200-111] Finished Scheduling: CPU user time: 0.18 seconds. CPU system time: 0.02 seconds. Elapsed time: 0.22 seconds; current allocated memory: 437.172 MB.
INFO: [BIND 205-100] Starting micro-architecture generation ...
INFO: [BIND 205-101] Performing variable lifetime analysis.
INFO: [BIND 205-101] Exploring resource sharing.
INFO: [BIND 205-101] Binding ...
INFO: [BIND 205-100] Finished micro-architecture generation.
INFO: [HLS 200-111] Finished Binding: CPU user time: 0.04 seconds. CPU system time: 0.01 seconds. Elapsed time: 0.04 seconds; current allocated memory: 437.172 MB.
INFO: [HLS 200-10] ----------------------------------------------------------------
INFO: [HLS 200-42] -- Implementing module 'fwd_load_initial_state' 
INFO: [HLS 200-10] ----------------------------------------------------------------
INFO: [SCHED 204-11] Starting scheduling ...
INFO: [SCHED 204-11] Finished scheduling.
INFO: [HLS 200-111] Finished Scheduling: CPU user time: 0.07 seconds. CPU system time: 0 seconds. Elapsed time: 0.07 seconds; current allocated memory: 437.477 MB.
INFO: [BIND 205-100] Starting micro-architecture generation ...
INFO: [BIND 205-101] Performing variable lifetime analysis.
INFO: [BIND 205-101] Exploring resource sharing.
INFO: [BIND 205-101] Binding ...
INFO: [BIND 205-100] Finished micro-architecture generation.
INFO: [HLS 200-111] Finished Binding: CPU user time: 0.06 seconds. CPU system time: 0.01 seconds. Elapsed time: 0.07 seconds; current allocated memory: 437.477 MB.
INFO: [HLS 200-10] ----------------------------------------------------------------
INFO: [HLS 200-42] -- Implementing module 'fwd_latest_state_event_Pipeline_fwd_latest_scan' 
INFO: [HLS 200-10] ----------------------------------------------------------------
INFO: [SCHED 204-11] Starting scheduling ...
INFO: [SCHED 204-61] Pipelining loop 'fwd_latest_scan'.
WARNING: [HLS 200-878] Unable to schedule the loop exit test ('and' operation 1 bit ('and_ln97', /home/ae_reviewer/TempGNN/hardware/src/tempgnn_forward_kernel.cpp:97)) in the first pipeline iteration (II = 1 cycles).
Resolution: For help on HLS 200-878 see docs.xilinx.com/access/sources/dita/topic?Doc_Version=2023.2%20English&url=ug1448-hls-guidance&resourceid=200-878.html
WARNING: [HLS 200-878] Unable to schedule the loop exit test ('and' operation 1 bit ('and_ln97', /home/ae_reviewer/TempGNN/hardware/src/tempgnn_forward_kernel.cpp:97)) in the first pipeline iteration (II = 2 cycles).
Resolution: For help on HLS 200-878 see docs.xilinx.com/access/sources/dita/topic?Doc_Version=2023.2%20English&url=ug1448-hls-guidance&resourceid=200-878.html
WARNING: [HLS 200-878] Unable to schedule the loop exit test ('and' operation 1 bit ('and_ln97', /home/ae_reviewer/TempGNN/hardware/src/tempgnn_forward_kernel.cpp:97)) in the first pipeline iteration (II = 3 cycles).
Resolution: For help on HLS 200-878 see docs.xilinx.com/access/sources/dita/topic?Doc_Version=2023.2%20English&url=ug1448-hls-guidance&resourceid=200-878.html
WARNING: [HLS 200-878] Unable to schedule the loop exit test ('and' operation 1 bit ('and_ln97', /home/ae_reviewer/TempGNN/hardware/src/tempgnn_forward_kernel.cpp:97)) in the first pipeline iteration (II = 4 cycles).
Resolution: For help on HLS 200-878 see docs.xilinx.com/access/sources/dita/topic?Doc_Version=2023.2%20English&url=ug1448-hls-guidance&resourceid=200-878.html
WARNING: [HLS 200-878] Unable to schedule the loop exit test ('and' operation 1 bit ('and_ln97', /home/ae_reviewer/TempGNN/hardware/src/tempgnn_forward_kernel.cpp:97)) in the first pipeline iteration (II = 67 cycles).
Resolution: For help on HLS 200-878 see docs.xilinx.com/access/sources/dita/topic?Doc_Version=2023.2%20English&url=ug1448-hls-guidance&resourceid=200-878.html
WARNING: [HLS 200-878] Unable to schedule the loop exit test ('and' operation 1 bit ('and_ln97', /home/ae_reviewer/TempGNN/hardware/src/tempgnn_forward_kernel.cpp:97)) in the first pipeline iteration (II = 70 cycles).
Resolution: For help on HLS 200-878 see docs.xilinx.com/access/sources/dita/topic?Doc_Version=2023.2%20English&url=ug1448-hls-guidance&resourceid=200-878.html
WARNING: [HLS 200-878] Unable to schedule the loop exit test ('and' operation 1 bit ('and_ln97', /home/ae_reviewer/TempGNN/hardware/src/tempgnn_forward_kernel.cpp:97)) in the first pipeline iteration (II = 72 cycles).
Resolution: For help on HLS 200-878 see docs.xilinx.com/access/sources/dita/topic?Doc_Version=2023.2%20English&url=ug1448-hls-guidance&resourceid=200-878.html
WARNING: [HLS 200-878] Unable to schedule the loop exit test ('and' operation 1 bit ('and_ln97', /home/ae_reviewer/TempGNN/hardware/src/tempgnn_forward_kernel.cpp:97)) in the first pipeline iteration (II = 73 cycles).
Resolution: For help on HLS 200-878 see docs.xilinx.com/access/sources/dita/topic?Doc_Version=2023.2%20English&url=ug1448-hls-guidance&resourceid=200-878.html
INFO: [HLS 200-1470] Pipelining result : Target II = NA, Final II = 74, Depth = 74, loop 'fwd_latest_scan'
INFO: [SCHED 204-11] Finished scheduling.
INFO: [HLS 200-111] Finished Scheduling: CPU user time: 0.14 seconds. CPU system time: 0 seconds. Elapsed time: 0.14 seconds; current allocated memory: 438.422 MB.
INFO: [BIND 205-100] Starting micro-architecture generation ...
INFO: [BIND 205-101] Performing variable lifetime analysis.
INFO: [BIND 205-101] Exploring resource sharing.
INFO: [BIND 205-101] Binding ...
INFO: [BIND 205-100] Finished micro-architecture generation.
INFO: [HLS 200-111] Finished Binding: CPU user time: 0.05 seconds. CPU system time: 0 seconds. Elapsed time: 0.05 seconds; current allocated memory: 438.422 MB.
INFO: [HLS 200-10] ----------------------------------------------------------------
INFO: [HLS 200-42] -- Implementing module 'fwd_latest_state_event' 
INFO: [HLS 200-10] ----------------------------------------------------------------
INFO: [SCHED 204-11] Starting scheduling ...
INFO: [SCHED 204-11] Finished scheduling.
INFO: [HLS 200-111] Finished Scheduling: CPU user time: 0.08 seconds. CPU system time: 0 seconds. Elapsed time: 0.08 seconds; current allocated memory: 439.094 MB.
INFO: [BIND 205-100] Starting micro-architecture generation ...
INFO: [BIND 205-101] Performing variable lifetime analysis.
INFO: [BIND 205-101] Exploring resource sharing.
INFO: [BIND 205-101] Binding ...
INFO: [BIND 205-100] Finished micro-architecture generation.
INFO: [HLS 200-111] Finished Binding: CPU user time: 0.07 seconds. CPU system time: 0 seconds. Elapsed time: 0.08 seconds; current allocated memory: 439.094 MB.
INFO: [HLS 200-10] ----------------------------------------------------------------
INFO: [HLS 200-42] -- Implementing module 'fwd_find_local_packet_Pipeline_fwd_local_find' 
INFO: [HLS 200-10] ----------------------------------------------------------------
INFO: [SCHED 204-11] Starting scheduling ...
INFO: [SCHED 204-61] Pipelining loop 'fwd_local_find'.
WARNING: [HLS 200-878] Unable to schedule the loop exit test ('icmp' operation 1 bit ('icmp_ln45_15', /home/ae_reviewer/TempGNN/hardware/src/tempgnn_forward_kernel.cpp:45->/home/ae_reviewer/TempGNN/hardware/src/tempgnn_forward_kernel.cpp:135)) in the first pipeline iteration (II = 1 cycles).
Resolution: For help on HLS 200-878 see docs.xilinx.com/access/sources/dita/topic?Doc_Version=2023.2%20English&url=ug1448-hls-guidance&resourceid=200-878.html
WARNING: [HLS 200-878] Unable to schedule the loop exit test ('icmp' operation 1 bit ('icmp_ln45_15', /home/ae_reviewer/TempGNN/hardware/src/tempgnn_forward_kernel.cpp:45->/home/ae_reviewer/TempGNN/hardware/src/tempgnn_forward_kernel.cpp:135)) in the first pipeline iteration (II = 2 cycles).
Resolution: For help on HLS 200-878 see docs.xilinx.com/access/sources/dita/topic?Doc_Version=2023.2%20English&url=ug1448-hls-guidance&resourceid=200-878.html
INFO: [HLS 200-1470] Pipelining result : Target II = NA, Final II = 3, Depth = 3, loop 'fwd_local_find'
INFO: [SCHED 204-11] Finished scheduling.
INFO: [HLS 200-111] Finished Scheduling: CPU user time: 0.09 seconds. CPU system time: 0.01 seconds. Elapsed time: 0.1 seconds; current allocated memory: 440.191 MB.
INFO: [BIND 205-100] Starting micro-architecture generation ...
INFO: [BIND 205-101] Performing variable lifetime analysis.
INFO: [BIND 205-101] Exploring resource sharing.
INFO: [BIND 205-101] Binding ...
INFO: [BIND 205-100] Finished micro-architecture generation.
INFO: [HLS 200-111] Finished Binding: CPU user time: 0.02 seconds. CPU system time: 0 seconds. Elapsed time: 0.03 seconds; current allocated memory: 440.191 MB.
INFO: [HLS 200-10] ----------------------------------------------------------------
INFO: [HLS 200-42] -- Implementing module 'fwd_find_local_packet' 
INFO: [HLS 200-10] ----------------------------------------------------------------
INFO: [SCHED 204-11] Starting scheduling ...
INFO: [SCHED 204-11] Finished scheduling.
INFO: [HLS 200-111] Finished Scheduling: CPU user time: 0.04 seconds. CPU system time: 0 seconds. Elapsed time: 0.04 seconds; current allocated memory: 440.496 MB.
INFO: [BIND 205-100] Starting micro-architecture generation ...
INFO: [BIND 205-101] Performing variable lifetime analysis.
INFO: [BIND 205-101] Exploring resource sharing.
INFO: [BIND 205-101] Binding ...
INFO: [BIND 205-100] Finished micro-architecture generation.
INFO: [HLS 200-111] Finished Binding: CPU user time: 0.02 seconds. CPU system time: 0 seconds. Elapsed time: 0.03 seconds; current allocated memory: 440.496 MB.
INFO: [HLS 200-10] ----------------------------------------------------------------
INFO: [HLS 200-42] -- Implementing module 'fwd_process_target_Pipeline_fwd_pick_next_packet' 
INFO: [HLS 200-10] ----------------------------------------------------------------
INFO: [SCHED 204-11] Starting scheduling ...
INFO: [SCHED 204-61] Pipelining loop 'fwd_pick_next_packet'.
INFO: [HLS 200-1470] Pipelining result : Target II = NA, Final II = 1, Depth = 2, loop 'fwd_pick_next_packet'
INFO: [SCHED 204-11] Finished scheduling.
INFO: [HLS 200-111] Finished Scheduling: CPU user time: 0.05 seconds. CPU system time: 0.01 seconds. Elapsed time: 0.06 seconds; current allocated memory: 440.785 MB.
INFO: [BIND 205-100] Starting micro-architecture generation ...
INFO: [BIND 205-101] Performing variable lifetime analysis.
INFO: [BIND 205-101] Exploring resource sharing.
INFO: [BIND 205-101] Binding ...
INFO: [BIND 205-100] Finished micro-architecture generation.
INFO: [HLS 200-111] Finished Binding: CPU user time: 0.02 seconds. CPU system time: 0 seconds. Elapsed time: 0.03 seconds; current allocated memory: 440.785 MB.
INFO: [HLS 200-10] ----------------------------------------------------------------
INFO: [HLS 200-42] -- Implementing module 'fwd_phle_lookup' 
INFO: [HLS 200-10] ----------------------------------------------------------------
INFO: [SCHED 204-11] Starting scheduling ...
WARNING: [HLS 200-2042] Usage of URAM can potentially cause worse II as Vitis HLS does not exploit read-first mode for URAMs. Consider using BRAMs instead.
WARNING: [HLS 200-2042] Usage of URAM can potentially cause worse II as Vitis HLS does not exploit read-first mode for URAMs. Consider using BRAMs instead.
WARNING: [HLS 200-2042] Usage of URAM can potentially cause worse II as Vitis HLS does not exploit read-first mode for URAMs. Consider using BRAMs instead.
WARNING: [HLS 200-2042] Usage of URAM can potentially cause worse II as Vitis HLS does not exploit read-first mode for URAMs. Consider using BRAMs instead.
WARNING: [HLS 200-2042] Usage of URAM can potentially cause worse II as Vitis HLS does not exploit read-first mode for URAMs. Consider using BRAMs instead.
WARNING: [HLS 200-2042] Usage of URAM can potentially cause worse II as Vitis HLS does not exploit read-first mode for URAMs. Consider using BRAMs instead.
WARNING: [HLS 200-2042] Usage of URAM can potentially cause worse II as Vitis HLS does not exploit read-first mode for URAMs. Consider using BRAMs instead.
WARNING: [HLS 200-2042] Usage of URAM can potentially cause worse II as Vitis HLS does not exploit read-first mode for URAMs. Consider using BRAMs instead.
WARNING: [HLS 200-2042] Usage of URAM can potentially cause worse II as Vitis HLS does not exploit read-first mode for URAMs. Consider using BRAMs instead.
WARNING: [HLS 200-2042] Usage of URAM can potentially cause worse II as Vitis HLS does not exploit read-first mode for URAMs. Consider using BRAMs instead.
WARNING: [HLS 200-2042] Usage of URAM can potentially cause worse II as Vitis HLS does not exploit read-first mode for URAMs. Consider using BRAMs instead.
WARNING: [HLS 200-2042] Usage of URAM can potentially cause worse II as Vitis HLS does not exploit read-first mode for URAMs. Consider using BRAMs instead.
WARNING: [HLS 200-2042] Usage of URAM can potentially cause worse II as Vitis HLS does not exploit read-first mode for URAMs. Consider using BRAMs instead.
WARNING: [HLS 200-2042] Usage of URAM can potentially cause worse II as Vitis HLS does not exploit read-first mode for URAMs. Consider using BRAMs instead.
WARNING: [HLS 200-2042] Usage of URAM can potentially cause worse II as Vitis HLS does not exploit read-first mode for URAMs. Consider using BRAMs instead.
WARNING: [HLS 200-2042] Usage of URAM can potentially cause worse II as Vitis HLS does not exploit read-first mode for URAMs. Consider using BRAMs instead.
WARNING: [HLS 200-2042] Usage of URAM can potentially cause worse II as Vitis HLS does not exploit read-first mode for URAMs. Consider using BRAMs instead.
WARNING: [HLS 200-2042] Usage of URAM can potentially cause worse II as Vitis HLS does not exploit read-first mode for URAMs. Consider using BRAMs instead.
WARNING: [HLS 200-2042] Usage of URAM can potentially cause worse II as Vitis HLS does not exploit read-first mode for URAMs. Consider using BRAMs instead.
WARNING: [HLS 200-2042] Usage of URAM can potentially cause worse II as Vitis HLS does not exploit read-first mode for URAMs. Consider using BRAMs instead.
WARNING: [HLS 200-2042] Usage of URAM can potentially cause worse II as Vitis HLS does not exploit read-first mode for URAMs. Consider using BRAMs instead.
WARNING: [HLS 200-2042] Usage of URAM can potentially cause worse II as Vitis HLS does not exploit read-first mode for URAMs. Consider using BRAMs instead.
WARNING: [HLS 200-2042] Usage of URAM can potentially cause worse II as Vitis HLS does not exploit read-first mode for URAMs. Consider using BRAMs instead.
WARNING: [HLS 200-2042] Usage of URAM can potentially cause worse II as Vitis HLS does not exploit read-first mode for URAMs. Consider using BRAMs instead.
WARNING: [HLS 200-2042] Usage of URAM can potentially cause worse II as Vitis HLS does not exploit read-first mode for URAMs. Consider using BRAMs instead.
WARNING: [HLS 200-2042] Usage of URAM can potentially cause worse II as Vitis HLS does not exploit read-first mode for URAMs. Consider using BRAMs instead.
WARNING: [HLS 200-2042] Usage of URAM can potentially cause worse II as Vitis HLS does not exploit read-first mode for URAMs. Consider using BRAMs instead.
WARNING: [HLS 200-2042] Usage of URAM can potentially cause worse II as Vitis HLS does not exploit read-first mode for URAMs. Consider using BRAMs instead.
WARNING: [HLS 200-2042] Usage of URAM can potentially cause worse II as Vitis HLS does not exploit read-first mode for URAMs. Consider using BRAMs instead.
WARNING: [HLS 200-2042] Usage of URAM can potentially cause worse II as Vitis HLS does not exploit read-first mode for URAMs. Consider using BRAMs instead.
WARNING: [HLS 200-2042] Usage of URAM can potentially cause worse II as Vitis HLS does not exploit read-first mode for URAMs. Consider using BRAMs instead.
WARNING: [HLS 200-2042] Usage of URAM can potentially cause worse II as Vitis HLS does not exploit read-first mode for URAMs. Consider using BRAMs instead.
WARNING: [HLS 200-2042] Usage of URAM can potentially cause worse II as Vitis HLS does not exploit read-first mode for URAMs. Consider using BRAMs instead.
WARNING: [HLS 200-2042] Usage of URAM can potentially cause worse II as Vitis HLS does not exploit read-first mode for URAMs. Consider using BRAMs instead.
WARNING: [HLS 200-2042] Usage of URAM can potentially cause worse II as Vitis HLS does not exploit read-first mode for URAMs. Consider using BRAMs instead.
WARNING: [HLS 200-2042] Usage of URAM can potentially cause worse II as Vitis HLS does not exploit read-first mode for URAMs. Consider using BRAMs instead.
WARNING: [HLS 200-2042] Usage of URAM can potentially cause worse II as Vitis HLS does not exploit read-first mode for URAMs. Consider using BRAMs instead.
WARNING: [HLS 200-2042] Usage of URAM can potentially cause worse II as Vitis HLS does not exploit read-first mode for URAMs. Consider using BRAMs instead.
WARNING: [HLS 200-2042] Usage of URAM can potentially cause worse II as Vitis HLS does not exploit read-first mode for URAMs. Consider using BRAMs instead.
WARNING: [HLS 200-2042] Usage of URAM can potentially cause worse II as Vitis HLS does not exploit read-first mode for URAMs. Consider using BRAMs instead.
WARNING: [HLS 200-2042] Usage of URAM can potentially cause worse II as Vitis HLS does not exploit read-first mode for URAMs. Consider using BRAMs instead.
WARNING: [HLS 200-2042] Usage of URAM can potentially cause worse II as Vitis HLS does not exploit read-first mode for URAMs. Consider using BRAMs instead.
WARNING: [HLS 200-2042] Usage of URAM can potentially cause worse II as Vitis HLS does not exploit read-first mode for URAMs. Consider using BRAMs instead.
WARNING: [HLS 200-2042] Usage of URAM can potentially cause worse II as Vitis HLS does not exploit read-first mode for URAMs. Consider using BRAMs instead.
WARNING: [HLS 200-2042] Usage of URAM can potentially cause worse II as Vitis HLS does not exploit read-first mode for URAMs. Consider using BRAMs instead.
WARNING: [HLS 200-2042] Usage of URAM can potentially cause worse II as Vitis HLS does not exploit read-first mode for URAMs. Consider using BRAMs instead.
WARNING: [HLS 200-2042] Usage of URAM can potentially cause worse II as Vitis HLS does not exploit read-first mode for URAMs. Consider using BRAMs instead.
WARNING: [HLS 200-2042] Usage of URAM can potentially cause worse II as Vitis HLS does not exploit read-first mode for URAMs. Consider using BRAMs instead.
INFO: [SCHED 204-11] Finished scheduling.
INFO: [HLS 200-111] Finished Scheduling: CPU user time: 0.42 seconds. CPU system time: 0.02 seconds. Elapsed time: 0.43 seconds; current allocated memory: 444.219 MB.
INFO: [BIND 205-100] Starting micro-architecture generation ...
INFO: [BIND 205-101] Performing variable lifetime analysis.
INFO: [BIND 205-101] Exploring resource sharing.
INFO: [BIND 205-101] Binding ...
INFO: [BIND 205-100] Finished micro-architecture generation.
INFO: [HLS 200-111] Finished Binding: CPU user time: 0.08 seconds. CPU system time: 0.01 seconds. Elapsed time: 0.09 seconds; current allocated memory: 444.219 MB.
INFO: [HLS 200-10] ----------------------------------------------------------------
INFO: [HLS 200-42] -- Implementing module 'fwd_dependency_state' 
INFO: [HLS 200-10] ----------------------------------------------------------------
INFO: [SCHED 204-11] Starting scheduling ...
INFO: [SCHED 204-11] Finished scheduling.
INFO: [HLS 200-111] Finished Scheduling: CPU user time: 0.13 seconds. CPU system time: 0 seconds. Elapsed time: 0.13 seconds; current allocated memory: 444.473 MB.
INFO: [BIND 205-100] Starting micro-architecture generation ...
INFO: [BIND 205-101] Performing variable lifetime analysis.
INFO: [BIND 205-101] Exploring resource sharing.
INFO: [BIND 205-101] Binding ...
INFO: [BIND 205-100] Finished micro-architecture generation.
INFO: [HLS 200-111] Finished Binding: CPU user time: 0.03 seconds. CPU system time: 0.01 seconds. Elapsed time: 0.04 seconds; current allocated memory: 444.473 MB.
INFO: [HLS 200-10] ----------------------------------------------------------------
INFO: [HLS 200-42] -- Implementing module 'fwd_update_state' 
INFO: [HLS 200-10] ----------------------------------------------------------------
INFO: [SCHED 204-11] Starting scheduling ...
INFO: [SCHED 204-11] Finished scheduling.
INFO: [HLS 200-111] Finished Scheduling: CPU user time: 0.6 seconds. CPU system time: 0 seconds. Elapsed time: 0.61 seconds; current allocated memory: 450.250 MB.
INFO: [BIND 205-100] Starting micro-architecture generation ...
INFO: [BIND 205-101] Performing variable lifetime analysis.
INFO: [BIND 205-101] Exploring resource sharing.
INFO: [BIND 205-101] Binding ...
INFO: [BIND 205-100] Finished micro-architecture generation.
INFO: [HLS 200-111] Finished Binding: CPU user time: 0.29 seconds. CPU system time: 0 seconds. Elapsed time: 0.29 seconds; current allocated memory: 450.547 MB.
INFO: [HLS 200-10] ----------------------------------------------------------------
INFO: [HLS 200-42] -- Implementing module 'fwd_phle_insert' 
INFO: [HLS 200-10] ----------------------------------------------------------------
INFO: [SCHED 204-11] Starting scheduling ...
WARNING: [HLS 200-2042] Usage of URAM can potentially cause worse II as Vitis HLS does not exploit read-first mode for URAMs. Consider using BRAMs instead.
WARNING: [HLS 200-2042] Usage of URAM can potentially cause worse II as Vitis HLS does not exploit read-first mode for URAMs. Consider using BRAMs instead.
WARNING: [HLS 200-2042] Usage of URAM can potentially cause worse II as Vitis HLS does not exploit read-first mode for URAMs. Consider using BRAMs instead.
WARNING: [HLS 200-2042] Usage of URAM can potentially cause worse II as Vitis HLS does not exploit read-first mode for URAMs. Consider using BRAMs instead.
WARNING: [HLS 200-2042] Usage of URAM can potentially cause worse II as Vitis HLS does not exploit read-first mode for URAMs. Consider using BRAMs instead.
WARNING: [HLS 200-2042] Usage of URAM can potentially cause worse II as Vitis HLS does not exploit read-first mode for URAMs. Consider using BRAMs instead.
WARNING: [HLS 200-2042] Usage of URAM can potentially cause worse II as Vitis HLS does not exploit read-first mode for URAMs. Consider using BRAMs instead.
WARNING: [HLS 200-2042] Usage of URAM can potentially cause worse II as Vitis HLS does not exploit read-first mode for URAMs. Consider using BRAMs instead.
WARNING: [HLS 200-2042] Usage of URAM can potentially cause worse II as Vitis HLS does not exploit read-first mode for URAMs. Consider using BRAMs instead.
WARNING: [HLS 200-2042] Usage of URAM can potentially cause worse II as Vitis HLS does not exploit read-first mode for URAMs. Consider using BRAMs instead.
WARNING: [HLS 200-2042] Usage of URAM can potentially cause worse II as Vitis HLS does not exploit read-first mode for URAMs. Consider using BRAMs instead.
WARNING: [HLS 200-2042] Usage of URAM can potentially cause worse II as Vitis HLS does not exploit read-first mode for URAMs. Consider using BRAMs instead.
WARNING: [HLS 200-2042] Usage of URAM can potentially cause worse II as Vitis HLS does not exploit read-first mode for URAMs. Consider using BRAMs instead.
WARNING: [HLS 200-2042] Usage of URAM can potentially cause worse II as Vitis HLS does not exploit read-first mode for URAMs. Consider using BRAMs instead.
WARNING: [HLS 200-2042] Usage of URAM can potentially cause worse II as Vitis HLS does not exploit read-first mode for URAMs. Consider using BRAMs instead.
WARNING: [HLS 200-2042] Usage of URAM can potentially cause worse II as Vitis HLS does not exploit read-first mode for URAMs. Consider using BRAMs instead.
WARNING: [HLS 200-2042] Usage of URAM can potentially cause worse II as Vitis HLS does not exploit read-first mode for URAMs. Consider using BRAMs instead.
WARNING: [HLS 200-2042] Usage of URAM can potentially cause worse II as Vitis HLS does not exploit read-first mode for URAMs. Consider using BRAMs instead.
WARNING: [HLS 200-2042] Usage of URAM can potentially cause worse II as Vitis HLS does not exploit read-first mode for URAMs. Consider using BRAMs instead.
INFO: [SCHED 204-11] Finished scheduling.
INFO: [HLS 200-111] Finished Scheduling: CPU user time: 0.42 seconds. CPU system time: 0.01 seconds. Elapsed time: 0.43 seconds; current allocated memory: 454.051 MB.
INFO: [BIND 205-100] Starting micro-architecture generation ...
INFO: [BIND 205-101] Performing variable lifetime analysis.
INFO: [BIND 205-101] Exploring resource sharing.
INFO: [BIND 205-101] Binding ...
INFO: [BIND 205-100] Finished micro-architecture generation.
INFO: [HLS 200-111] Finished Binding: CPU user time: 0.06 seconds. CPU system time: 0 seconds. Elapsed time: 0.06 seconds; current allocated memory: 454.051 MB.
INFO: [HLS 200-10] ----------------------------------------------------------------
INFO: [HLS 200-42] -- Implementing module 'fwd_process_target' 
INFO: [HLS 200-10] ----------------------------------------------------------------
INFO: [SCHED 204-11] Starting scheduling ...
INFO: [SCHED 204-11] Finished scheduling.
INFO: [HLS 200-111] Finished Scheduling: CPU user time: 0.6 seconds. CPU system time: 0.01 seconds. Elapsed time: 0.6 seconds; current allocated memory: 460.879 MB.
INFO: [BIND 205-100] Starting micro-architecture generation ...
INFO: [BIND 205-101] Performing variable lifetime analysis.
INFO: [BIND 205-101] Exploring resource sharing.
WARNING: [BIND 205-102] The specified resource core for memory 'queue_depth_from_root' will be ignored if a simpler one can be used.
WARNING: [BIND 205-102] The specified resource core for memory 'queue_packet_vertex' will be ignored if a simpler one can be used.
WARNING: [BIND 205-102] The specified resource core for memory 'queue_packet_event_idx' will be ignored if a simpler one can be used.
WARNING: [BIND 205-102] The specified resource core for memory 'queue_packet_ts' will be ignored if a simpler one can be used.
WARNING: [BIND 205-102] The specified resource core for memory 'queue_depth_left' will be ignored if a simpler one can be used.
WARNING: [BIND 205-102] The specified resource core for memory 'local_packets_vertex' will be ignored if a simpler one can be used.
WARNING: [BIND 205-102] The specified resource core for memory 'local_packets_event_idx' will be ignored if a simpler one can be used.
WARNING: [BIND 205-102] The specified resource core for memory 'local_packets_ts' will be ignored if a simpler one can be used.
WARNING: [BIND 205-102] The specified resource core for memory 'local_valid' will be ignored if a simpler one can be used.
WARNING: [BIND 205-102] The specified resource core for memory 'local_states' will be ignored if a simpler one can be used.
INFO: [BIND 205-101] Binding ...
INFO: [BIND 205-100] Finished micro-architecture generation.
INFO: [HLS 200-111] Finished Binding: CPU user time: 0.39 seconds. CPU system time: 0.03 seconds. Elapsed time: 0.42 seconds; current allocated memory: 460.879 MB.
INFO: [HLS 200-10] ----------------------------------------------------------------
INFO: [HLS 200-42] -- Implementing module 'tempgnn_forward_kernel_Pipeline_fwd_stats_clear' 
INFO: [HLS 200-10] ----------------------------------------------------------------
INFO: [SCHED 204-11] Starting scheduling ...
INFO: [SCHED 204-61] Pipelining loop 'fwd_stats_clear'.
INFO: [HLS 200-1470] Pipelining result : Target II = NA, Final II = 1, Depth = 2, loop 'fwd_stats_clear'
INFO: [SCHED 204-11] Finished scheduling.
INFO: [HLS 200-111] Finished Scheduling: CPU user time: 0.26 seconds. CPU system time: 0.01 seconds. Elapsed time: 0.27 seconds; current allocated memory: 461.617 MB.
INFO: [BIND 205-100] Starting micro-architecture generation ...
INFO: [BIND 205-101] Performing variable lifetime analysis.
INFO: [BIND 205-101] Exploring resource sharing.
INFO: [BIND 205-101] Binding ...
INFO: [BIND 205-100] Finished micro-architecture generation.
INFO: [HLS 200-111] Finished Binding: CPU user time: 0.03 seconds. CPU system time: 0 seconds. Elapsed time: 0.03 seconds; current allocated memory: 461.617 MB.
INFO: [HLS 200-10] ----------------------------------------------------------------
INFO: [HLS 200-42] -- Implementing module 'tempgnn_forward_kernel' 
INFO: [HLS 200-10] ----------------------------------------------------------------
INFO: [SCHED 204-11] Starting scheduling ...
INFO: [SCHED 204-11] Finished scheduling.
INFO: [HLS 200-111] Finished Scheduling: CPU user time: 0.51 seconds. CPU system time: 0.01 seconds. Elapsed time: 0.52 seconds; current allocated memory: 467.402 MB.
INFO: [BIND 205-100] Starting micro-architecture generation ...
INFO: [BIND 205-101] Performing variable lifetime analysis.
INFO: [BIND 205-101] Exploring resource sharing.
INFO: [BIND 205-101] Binding ...
INFO: [BIND 205-100] Finished micro-architecture generation.
INFO: [HLS 200-111] Finished Binding: CPU user time: 0.5 seconds. CPU system time: 0 seconds. Elapsed time: 0.51 seconds; current allocated memory: 470.016 MB.
INFO: [HLS 200-10] ----------------------------------------------------------------
INFO: [HLS 200-10] -- Generating RTL for module 'tempgnn_forward_kernel_Pipeline_fwd_phle_reset' 
INFO: [HLS 200-10] ----------------------------------------------------------------
INFO: [RTGEN 206-100] Finished creating RTL model for 'tempgnn_forward_kernel_Pipeline_fwd_phle_reset'.
INFO: [HLS 200-111] Finished Creating RTL model: CPU user time: 0.39 seconds. CPU system time: 0.01 seconds. Elapsed time: 0.4 seconds; current allocated memory: 470.605 MB.
INFO: [HLS 200-10] ----------------------------------------------------------------
INFO: [HLS 200-10] -- Generating RTL for module 'fwd_load_initial_state' 
INFO: [HLS 200-10] ----------------------------------------------------------------
INFO: [RTGEN 206-100] Finished creating RTL model for 'fwd_load_initial_state'.
INFO: [HLS 200-111] Finished Creating RTL model: CPU user time: 0.08 seconds. CPU system time: 0.01 seconds. Elapsed time: 0.09 seconds; current allocated memory: 472.434 MB.
INFO: [HLS 200-10] ----------------------------------------------------------------
INFO: [HLS 200-10] -- Generating RTL for module 'fwd_latest_state_event_Pipeline_fwd_latest_scan' 
INFO: [HLS 200-10] ----------------------------------------------------------------
INFO: [RTGEN 206-100] Finished creating RTL model for 'fwd_latest_state_event_Pipeline_fwd_latest_scan'.
INFO: [HLS 200-111] Finished Creating RTL model: CPU user time: 0.11 seconds. CPU system time: 0.01 seconds. Elapsed time: 0.11 seconds; current allocated memory: 474.762 MB.
INFO: [HLS 200-10] ----------------------------------------------------------------
INFO: [HLS 200-10] -- Generating RTL for module 'fwd_latest_state_event' 
INFO: [HLS 200-10] ----------------------------------------------------------------
INFO: [RTGEN 206-100] Finished creating RTL model for 'fwd_latest_state_event'.
INFO: [HLS 200-111] Finished Creating RTL model: CPU user time: 0.13 seconds. CPU system time: 0.02 seconds. Elapsed time: 0.15 seconds; current allocated memory: 478.109 MB.
INFO: [HLS 200-10] ----------------------------------------------------------------
INFO: [HLS 200-10] -- Generating RTL for module 'fwd_find_local_packet_Pipeline_fwd_local_find' 
INFO: [HLS 200-10] ----------------------------------------------------------------
INFO: [RTGEN 206-100] Finished creating RTL model for 'fwd_find_local_packet_Pipeline_fwd_local_find'.
INFO: [HLS 200-111] Finished Creating RTL model: CPU user time: 0.13 seconds. CPU system time: 0.01 seconds. Elapsed time: 0.13 seconds; current allocated memory: 479.688 MB.
INFO: [HLS 200-10] ----------------------------------------------------------------
INFO: [HLS 200-10] -- Generating RTL for module 'fwd_find_local_packet' 
INFO: [HLS 200-10] ----------------------------------------------------------------
INFO: [RTGEN 206-100] Finished creating RTL model for 'fwd_find_local_packet'.
INFO: [HLS 200-111] Finished Creating RTL model: CPU user time: 0.07 seconds. CPU system time: 0 seconds. Elapsed time: 0.08 seconds; current allocated memory: 480.715 MB.
INFO: [HLS 200-10] ----------------------------------------------------------------
INFO: [HLS 200-10] -- Generating RTL for module 'fwd_process_target_Pipeline_fwd_pick_next_packet' 
INFO: [HLS 200-10] ----------------------------------------------------------------
INFO: [HLS 200-1030] Apply Unified Pipeline Control on module 'fwd_process_target_Pipeline_fwd_pick_next_packet' pipeline 'fwd_pick_next_packet' pipeline type 'loop pipeline'
INFO: [RTGEN 206-100] Finished creating RTL model for 'fwd_process_target_Pipeline_fwd_pick_next_packet'.
INFO: [HLS 200-111] Finished Creating RTL model: CPU user time: 0.06 seconds. CPU system time: 0.01 seconds. Elapsed time: 0.08 seconds; current allocated memory: 481.523 MB.
INFO: [HLS 200-10] ----------------------------------------------------------------
INFO: [HLS 200-10] -- Generating RTL for module 'fwd_phle_lookup' 
INFO: [HLS 200-10] ----------------------------------------------------------------
INFO: [RTGEN 206-100] Generating core module 'mul_32s_32ns_32_1_1': 3 instance(s).
INFO: [RTGEN 206-100] Generating core module 'mul_32s_32s_32_1_1': 3 instance(s).
INFO: [RTGEN 206-100] Finished creating RTL model for 'fwd_phle_lookup'.
INFO: [HLS 200-111] Finished Creating RTL model: CPU user time: 0.15 seconds. CPU system time: 0 seconds. Elapsed time: 0.16 seconds; current allocated memory: 485.008 MB.
INFO: [HLS 200-10] ----------------------------------------------------------------
INFO: [HLS 200-10] -- Generating RTL for module 'fwd_dependency_state' 
INFO: [HLS 200-10] ----------------------------------------------------------------
INFO: [RTGEN 206-100] Finished creating RTL model for 'fwd_dependency_state'.
INFO: [HLS 200-111] Finished Creating RTL model: CPU user time: 0.25 seconds. CPU system time: 0 seconds. Elapsed time: 0.26 seconds; current allocated memory: 492.254 MB.
INFO: [HLS 200-10] ----------------------------------------------------------------
INFO: [HLS 200-10] -- Generating RTL for module 'fwd_update_state' 
INFO: [HLS 200-10] ----------------------------------------------------------------
INFO: [RTGEN 206-100] Generating core module 'mul_16s_16s_32_1_1': 24 instance(s).
INFO: [RTGEN 206-100] Finished creating RTL model for 'fwd_update_state'.
INFO: [HLS 200-111] Finished Creating RTL model: CPU user time: 0.29 seconds. CPU system time: 0.03 seconds. Elapsed time: 0.31 seconds; current allocated memory: 501.949 MB.
INFO: [HLS 200-10] ----------------------------------------------------------------
INFO: [HLS 200-10] -- Generating RTL for module 'fwd_phle_insert' 
INFO: [HLS 200-10] ----------------------------------------------------------------
INFO: [RTGEN 206-100] Generating core module 'mul_32s_32ns_32_1_1': 3 instance(s).
INFO: [RTGEN 206-100] Generating core module 'mul_32s_32s_32_1_1': 3 instance(s).
INFO: [RTGEN 206-100] Finished creating RTL model for 'fwd_phle_insert'.
INFO: [HLS 200-111] Finished Creating RTL model: CPU user time: 0.52 seconds. CPU system time: 0.02 seconds. Elapsed time: 0.54 seconds; current allocated memory: 514.965 MB.
INFO: [HLS 200-10] ----------------------------------------------------------------
INFO: [HLS 200-10] -- Generating RTL for module 'fwd_process_target' 
INFO: [HLS 200-10] ----------------------------------------------------------------
INFO: [RTGEN 206-100] Generating core module 'mul_32ns_11ns_42_1_1': 1 instance(s).
INFO: [RTGEN 206-100] Generating core module 'mul_32s_32ns_32_1_1': 3 instance(s).
INFO: [RTGEN 206-100] Generating core module 'mul_32s_32s_32_1_1': 3 instance(s).
INFO: [RTGEN 206-100] Generating core module 'udiv_42ns_32ns_42_46_seq_1': 1 instance(s).
INFO: [RTGEN 206-100] Finished creating RTL model for 'fwd_process_target'.
INFO: [RTMG 210-278] Implementing memory 'tempgnn_forward_kernel_fwd_process_target_queue_packet_vertex_RAM_T2P_BRAM_1R1W' using block RAMs.
INFO: [RTMG 210-278] Implementing memory 'tempgnn_forward_kernel_fwd_process_target_local_valid_RAM_T2P_BRAM_1R1W' using block RAMs.
INFO: [RTMG 210-278] Implementing memory 'tempgnn_forward_kernel_fwd_process_target_local_states_RAM_T2P_BRAM_1R1W' using block RAMs.
INFO: [HLS 200-111] Finished Creating RTL model: CPU user time: 0.52 seconds. CPU system time: 0.02 seconds. Elapsed time: 0.61 seconds; current allocated memory: 529.812 MB.
INFO: [HLS 200-10] ----------------------------------------------------------------
INFO: [HLS 200-10] -- Generating RTL for module 'tempgnn_forward_kernel_Pipeline_fwd_stats_clear' 
INFO: [HLS 200-10] ----------------------------------------------------------------
INFO: [HLS 200-1030] Apply Unified Pipeline Control on module 'tempgnn_forward_kernel_Pipeline_fwd_stats_clear' pipeline 'fwd_stats_clear' pipeline type 'loop pipeline'
WARNING: [RTGEN 206-101] Setting dangling out port 'tempgnn_forward_kernel_Pipeline_fwd_stats_clear/m_axi_gmem12_AWVALID' to 0.
WARNING: [RTGEN 206-101] Setting dangling out port 'tempgnn_forward_kernel_Pipeline_fwd_stats_clear/m_axi_gmem12_AWADDR' to 0.
WARNING: [RTGEN 206-101] Setting dangling out port 'tempgnn_forward_kernel_Pipeline_fwd_stats_clear/m_axi_gmem12_AWID' to 0.
WARNING: [RTGEN 206-101] Setting dangling out port 'tempgnn_forward_kernel_Pipeline_fwd_stats_clear/m_axi_gmem12_AWLEN' to 0.
WARNING: [RTGEN 206-101] Setting dangling out port 'tempgnn_forward_kernel_Pipeline_fwd_stats_clear/m_axi_gmem12_AWSIZE' to 0.
WARNING: [RTGEN 206-101] Setting dangling out port 'tempgnn_forward_kernel_Pipeline_fwd_stats_clear/m_axi_gmem12_AWBURST' to 0.
WARNING: [RTGEN 206-101] Setting dangling out port 'tempgnn_forward_kernel_Pipeline_fwd_stats_clear/m_axi_gmem12_AWLOCK' to 0.
WARNING: [RTGEN 206-101] Setting dangling out port 'tempgnn_forward_kernel_Pipeline_fwd_stats_clear/m_axi_gmem12_AWCACHE' to 0.
WARNING: [RTGEN 206-101] Setting dangling out port 'tempgnn_forward_kernel_Pipeline_fwd_stats_clear/m_axi_gmem12_AWPROT' to 0.
WARNING: [RTGEN 206-101] Setting dangling out port 'tempgnn_forward_kernel_Pipeline_fwd_stats_clear/m_axi_gmem12_AWQOS' to 0.
WARNING: [RTGEN 206-101] Setting dangling out port 'tempgnn_forward_kernel_Pipeline_fwd_stats_clear/m_axi_gmem12_AWREGION' to 0.
WARNING: [RTGEN 206-101] Setting dangling out port 'tempgnn_forward_kernel_Pipeline_fwd_stats_clear/m_axi_gmem12_AWUSER' to 0.
WARNING: [RTGEN 206-101] Setting dangling out port 'tempgnn_forward_kernel_Pipeline_fwd_stats_clear/m_axi_gmem12_BREADY' to 0.
INFO: [RTGEN 206-100] Finished creating RTL model for 'tempgnn_forward_kernel_Pipeline_fwd_stats_clear'.
INFO: [HLS 200-111] Finished Creating RTL model: CPU user time: 0.65 seconds. CPU system time: 0.02 seconds. Elapsed time: 0.68 seconds; current allocated memory: 545.105 MB.
INFO: [HLS 200-10] ----------------------------------------------------------------
INFO: [HLS 200-10] -- Generating RTL for module 'tempgnn_forward_kernel' 
INFO: [HLS 200-10] ----------------------------------------------------------------
WARNING: [RTGEN 206-101] Design contains AXI ports. Reset is fixed to synchronous and active low.
INFO: [RTGEN 206-500] Setting interface mode on port 'tempgnn_forward_kernel/gmem0' to 'm_axi'.
INFO: [RTGEN 206-500] Setting interface mode on port 'tempgnn_forward_kernel/gmem1' to 'm_axi'.
INFO: [RTGEN 206-500] Setting interface mode on port 'tempgnn_forward_kernel/gmem2' to 'm_axi'.
INFO: [RTGEN 206-500] Setting interface mode on port 'tempgnn_forward_kernel/gmem3' to 'm_axi'.
INFO: [RTGEN 206-500] Setting interface mode on port 'tempgnn_forward_kernel/gmem4' to 'm_axi'.
INFO: [RTGEN 206-500] Setting interface mode on port 'tempgnn_forward_kernel/gmem5' to 'm_axi'.
INFO: [RTGEN 206-500] Setting interface mode on port 'tempgnn_forward_kernel/gmem6' to 'm_axi'.
INFO: [RTGEN 206-500] Setting interface mode on port 'tempgnn_forward_kernel/gmem7' to 'm_axi'.
INFO: [RTGEN 206-500] Setting interface mode on port 'tempgnn_forward_kernel/gmem8' to 'm_axi'.
INFO: [RTGEN 206-500] Setting interface mode on port 'tempgnn_forward_kernel/gmem9' to 'm_axi'.
INFO: [RTGEN 206-500] Setting interface mode on port 'tempgnn_forward_kernel/gmem10' to 'm_axi'.
INFO: [RTGEN 206-500] Setting interface mode on port 'tempgnn_forward_kernel/gmem11' to 'm_axi'.
INFO: [RTGEN 206-500] Setting interface mode on port 'tempgnn_forward_kernel/gmem12' to 'm_axi'.
INFO: [RTGEN 206-500] Setting interface mode on port 'tempgnn_forward_kernel/event_src' to 's_axilite & ap_none'.
INFO: [RTGEN 206-500] Setting interface mode on port 'tempgnn_forward_kernel/event_dst' to 's_axilite & ap_none'.
INFO: [RTGEN 206-500] Setting interface mode on port 'tempgnn_forward_kernel/event_ts' to 's_axilite & ap_none'.
INFO: [RTGEN 206-500] Setting interface mode on port 'tempgnn_forward_kernel/num_events' to 's_axilite & ap_none'.
INFO: [RTGEN 206-500] Setting interface mode on port 'tempgnn_forward_kernel/vertex_offsets' to 's_axilite & ap_none'.
INFO: [RTGEN 206-500] Setting interface mode on port 'tempgnn_forward_kernel/history_event_idx' to 's_axilite & ap_none'.
INFO: [RTGEN 206-500] Setting interface mode on port 'tempgnn_forward_kernel/history_peer' to 's_axilite & ap_none'.
INFO: [RTGEN 206-500] Setting interface mode on port 'tempgnn_forward_kernel/num_vertices' to 's_axilite & ap_none'.
INFO: [RTGEN 206-500] Setting interface mode on port 'tempgnn_forward_kernel/target_vertex' to 's_axilite & ap_none'.
INFO: [RTGEN 206-500] Setting interface mode on port 'tempgnn_forward_kernel/target_event_idx' to 's_axilite & ap_none'.
INFO: [RTGEN 206-500] Setting interface mode on port 'tempgnn_forward_kernel/num_targets' to 's_axilite & ap_none'.
INFO: [RTGEN 206-500] Setting interface mode on port 'tempgnn_forward_kernel/fanout' to 's_axilite & ap_none'.
INFO: [RTGEN 206-500] Setting interface mode on port 'tempgnn_forward_kernel/depth' to 's_axilite & ap_none'.
INFO: [RTGEN 206-500] Setting interface mode on port 'tempgnn_forward_kernel/tdp_entries' to 's_axilite & ap_none'.
INFO: [RTGEN 206-500] Setting interface mode on port 'tempgnn_forward_kernel/enable_ddtc' to 's_axilite & ap_none'.
INFO: [RTGEN 206-500] Setting interface mode on port 'tempgnn_forward_kernel/enable_oats' to 's_axilite & ap_none'.
INFO: [RTGEN 206-500] Setting interface mode on port 'tempgnn_forward_kernel/initial_memory' to 's_axilite & ap_none'.
INFO: [RTGEN 206-500] Setting interface mode on port 'tempgnn_forward_kernel/event_features' to 's_axilite & ap_none'.
INFO: [RTGEN 206-500] Setting interface mode on port 'tempgnn_forward_kernel/weight_self' to 's_axilite & ap_none'.
INFO: [RTGEN 206-500] Setting interface mode on port 'tempgnn_forward_kernel/weight_peer' to 's_axilite & ap_none'.
INFO: [RTGEN 206-500] Setting interface mode on port 'tempgnn_forward_kernel/weight_event' to 's_axilite & ap_none'.
INFO: [RTGEN 206-500] Setting interface mode on port 'tempgnn_forward_kernel/bias' to 's_axilite & ap_none'.
INFO: [RTGEN 206-500] Setting interface mode on port 'tempgnn_forward_kernel/embedding_out' to 's_axilite & ap_none'.
INFO: [RTGEN 206-500] Setting interface mode on port 'tempgnn_forward_kernel/stats_out' to 's_axilite & ap_none'.
INFO: [RTGEN 206-500] Setting interface mode on function 'tempgnn_forward_kernel' to 's_axilite & ap_ctrl_chain'.
INFO: [RTGEN 206-100] Bundling port 'event_src', 'event_dst', 'event_ts', 'num_events', 'vertex_offsets', 'history_event_idx', 'history_peer', 'num_vertices', 'target_vertex', 'target_event_idx', 'num_targets', 'fanout', 'depth', 'tdp_entries', 'enable_ddtc', 'enable_oats', 'initial_memory', 'event_features', 'weight_self', 'weight_peer', 'weight_event', 'bias', 'embedding_out', 'stats_out' to AXI-Lite port control.
INFO: [RTGEN 206-100] Generating core module 'mul_64ns_66ns_129_5_1': 1 instance(s).
INFO: [RTGEN 206-100] Generating core module 'mul_64s_11ns_64_5_1': 2 instance(s).
INFO: [RTGEN 206-100] Generating core module 'udiv_64ns_11ns_64_68_seq_1': 3 instance(s).
INFO: [RTGEN 206-100] Generating core module 'udiv_64ns_64ns_64_68_seq_1': 1 instance(s).
INFO: [RTGEN 206-100] Generating core module 'urem_11ns_11ns_10_15_seq_1': 1 instance(s).
INFO: [RTGEN 206-100] Finished creating RTL model for 'tempgnn_forward_kernel'.
INFO: [RTMG 210-278] Implementing memory 'tempgnn_forward_kernel_phle_key_vertex_RAM_T2P_URAM_1R1W' using ultra RAMs.
INFO: [RTMG 210-278] Implementing memory 'tempgnn_forward_kernel_phle_key_ts_RAM_T2P_URAM_0R0W' using ultra RAMs.
INFO: [RTMG 210-278] Implementing memory 'tempgnn_forward_kernel_phle_valid_RAM_T2P_BRAM_1R1W' using block RAMs.
INFO: [RTMG 210-278] Implementing memory 'tempgnn_forward_kernel_phle_state_RAM_T2P_URAM_1R1W' using ultra RAMs.
INFO: [HLS 200-111] Finished Creating RTL model: CPU user time: 0.73 seconds. CPU system time: 0.05 seconds. Elapsed time: 0.82 seconds; current allocated memory: 557.477 MB.
INFO: [HLS 200-111] Finished Generating all RTL models: CPU user time: 1.16 seconds. CPU system time: 0.14 seconds. Elapsed time: 1.3 seconds; current allocated memory: 571.004 MB.
INFO: [HLS 200-1603] Design has inferred MAXI bursts and missed bursts, see Vitis HLS GUI synthesis summary report for detailed information.
INFO: [HLS 200-111] Finished Updating report files: CPU user time: 11.84 seconds. CPU system time: 0.06 seconds. Elapsed time: 11.9 seconds; current allocated memory: 595.062 MB.
INFO: [VHDL 208-304] Generating VHDL RTL for tempgnn_forward_kernel.
INFO: [VLOG 209-307] Generating Verilog RTL for tempgnn_forward_kernel.
INFO: [HLS 200-790] **** Loop Constraint Status: All loop constraints were satisfied.
INFO: [HLS 200-789] **** Estimated Fmax: 285.47 MHz
INFO: [HLS 200-111] Finished Command csynth_design CPU user time: 31 seconds. CPU system time: 1.78 seconds. Elapsed time: 36.2 seconds; current allocated memory: 329.219 MB.
INFO: [HLS 200-1510] Running: export_design -flow none -format xo 
INFO: [IMPL 213-8] Exporting RTL as a Vivado IP.

****** Vivado v2023.2 (64-bit)
  **** SW Build 4029153 on Fri Oct 13 20:13:54 MDT 2023
  **** IP Build 4028589 on Sat Oct 14 00:45:43 MDT 2023
  **** SharedData Build 4025554 on Tue Oct 10 17:18:54 MDT 2023
    ** Copyright 1986-2022 Xilinx, Inc. All Rights Reserved.
    ** Copyright 2022-2023 Advanced Micro Devices, Inc. All Rights Reserved.

source run_ippack.tcl -notrace
ipx::create_core: Time (s): cpu = 00:00:09 ; elapsed = 00:00:09 . Memory (MB): peak = 1374.113 ; gain = 0.023 ; free physical = 17250 ; free virtual = 42959
INFO: [IP_Flow 19-234] Refreshing IP repositories
INFO: [IP_Flow 19-1704] No user IP repositories specified
INFO: [IP_Flow 19-2313] Loaded Vivado IP repository '/tools/Xilinx/Vivado/2023.2/data/ip'.
Running package_xo -xo_path /home/ae_reviewer/TempGNN/build/vitis_u280_forward_clean_hw/hls_component/tempgnn_forward_kernel.xo -kernel_name tempgnn_forward_kernel -kernel_xml /home/ae_reviewer/TempGNN/build/vitis_u280_forward_clean_hw/hls_component/hls/impl/ip/../kernel/kernel.xml -kernel_files /home/ae_reviewer/TempGNN/hardware/src/tempgnn_forward_kernel.cpp -ip_directory /home/ae_reviewer/TempGNN/build/vitis_u280_forward_clean_hw/hls_component/hls/impl/ip/ip_unzip_dir -design_xml /home/ae_reviewer/TempGNN/build/vitis_u280_forward_clean_hw/hls_component/hls/.autopilot/db/tempgnn_forward_kernel.design.xml -debug_directory /home/ae_reviewer/TempGNN/build/vitis_u280_forward_clean_hw/hls_component/hls/.debug -hls_directory /home/ae_reviewer/TempGNN/build/vitis_u280_forward_clean_hw/hls_component/hls/impl/ip/hls_files -kernel_json /home/ae_reviewer/TempGNN/build/vitis_u280_forward_clean_hw/hls_component/hls/hls_data.json
INFO: [Common 17-206] Exiting Vivado at Wed Jul 15 05:08:22 2026...
INFO: [HLS 200-802] Generated output file hls_component/tempgnn_forward_kernel.xo
INFO: [HLS 200-111] Finished Command export_design CPU user time: 55.05 seconds. CPU system time: 1.05 seconds. Elapsed time: 64.94 seconds; current allocated memory: 14.617 MB.
INFO: [HLS 200-1510] Running: close_project 
INFO: [HLS 200-112] Total CPU user time: 88.79 seconds. Total CPU system time: 3.27 seconds. Total elapsed time: 104.88 seconds; peak allocated memory: 609.680 MB.
INFO: [Common 17-206] Exiting vitis_hls at Wed Jul 15 05:08:32 2026...
INFO: [v++ 60-791] Total elapsed time: 0h 1m 53s
